Archive member included to satisfy reference by file (symbol)

../../libDaisy//build\libdaisy.a(daisy_seed.o)
                              build/2Cats1Bag.o (daisy::DaisySeed::Configure())
../../libDaisy//build\libdaisy.a(codec_ak4556.o)
                              ../../libDaisy//build\libdaisy.a(daisy_seed.o) (daisy::Ak4556::Init(dsy_gpio_pin))
../../libDaisy//build\libdaisy.a(codec_wm8731.o)
                              ../../libDaisy//build\libdaisy.a(daisy_seed.o) (daisy::Wm8731::Init(daisy::Wm8731::Config const&, daisy::I2CHandle))
../../libDaisy//build\libdaisy.a(sdram.o)
                              ../../libDaisy//build\libdaisy.a(daisy_seed.o) (SdramHandle::Init())
../../libDaisy//build\libdaisy.a(audio.o)
                              ../../libDaisy//build\libdaisy.a(daisy_seed.o) (daisy::AudioHandle::Init(daisy::AudioHandle::Config const&, daisy::SaiHandle))
../../libDaisy//build\libdaisy.a(switch.o)
                              build/2Cats1Bag.o (daisy::Switch::Init(dsy_gpio_pin, float))
../../libDaisy//build\libdaisy.a(usb_midi.o)
                              build/2Cats1Bag.o (daisy::MidiUsbTransport::Init(daisy::MidiUsbTransport::Config))
../../libDaisy//build\libdaisy.a(adc.o)
                              build/2Cats1Bag.o (daisy::AdcChannelConfig::InitSingle(dsy_gpio_pin))
../../libDaisy//build\libdaisy.a(gpio.o)
                              ../../libDaisy//build\libdaisy.a(daisy_seed.o) (dsy_gpio_init)
../../libDaisy//build\libdaisy.a(i2c.o)
                              ../../libDaisy//build\libdaisy.a(daisy_seed.o) (daisy::I2CHandle::Init(daisy::I2CHandle::Config const&))
../../libDaisy//build\libdaisy.a(qspi.o)
                              ../../libDaisy//build\libdaisy.a(daisy_seed.o) (daisy::QSPIHandle::Init(daisy::QSPIHandle::Config const&))
../../libDaisy//build\libdaisy.a(sai.o)
                              ../../libDaisy//build\libdaisy.a(daisy_seed.o) (daisy::SaiHandle::Init(daisy::SaiHandle::Config const&))
../../libDaisy//build\libdaisy.a(system.o)
                              ../../libDaisy//build\libdaisy.a(daisy_seed.o) (daisy::System::DeInit())
../../libDaisy//build\libdaisy.a(system_stm32h7xx.o)
                              build/startup_stm32h750xx.o (SystemInit)
../../libDaisy//build\libdaisy.a(usbd_conf.o)
                              ../../libDaisy//build\libdaisy.a(system.o) (hpcd_USB_OTG_HS)
../../libDaisy//build\libdaisy.a(usbh_conf.o)
                              ../../libDaisy//build\libdaisy.a(system.o) (hhcd_USB_OTG_HS)
../../libDaisy//build\libdaisy.a(hal_map.o)
                              ../../libDaisy//build\libdaisy.a(gpio.o) (dsy_hal_map_get_port)
../../libDaisy//build\libdaisy.a(stm32h7xx_hal.o)
                              ../../libDaisy//build\libdaisy.a(system.o) (HAL_Init)
../../libDaisy//build\libdaisy.a(stm32h7xx_hal_adc.o)
                              ../../libDaisy//build\libdaisy.a(adc.o) (HAL_ADC_ConfigChannel)
../../libDaisy//build\libdaisy.a(stm32h7xx_hal_adc_ex.o)
                              ../../libDaisy//build\libdaisy.a(adc.o) (HAL_ADCEx_Calibration_Start)
../../libDaisy//build\libdaisy.a(stm32h7xx_hal_cortex.o)
                              ../../libDaisy//build\libdaisy.a(stm32h7xx_hal.o) (HAL_NVIC_SetPriorityGrouping)
../../libDaisy//build\libdaisy.a(stm32h7xx_hal_dma.o)
                              ../../libDaisy//build\libdaisy.a(adc.o) (HAL_DMA_Init)
../../libDaisy//build\libdaisy.a(stm32h7xx_hal_gpio.o)
                              ../../libDaisy//build\libdaisy.a(sdram.o) (HAL_GPIO_Init)
../../libDaisy//build\libdaisy.a(stm32h7xx_hal_hcd.o)
                              ../../libDaisy//build\libdaisy.a(usbh_conf.o) (HAL_HCD_HC_Init)
../../libDaisy//build\libdaisy.a(stm32h7xx_hal_i2c.o)
                              ../../libDaisy//build\libdaisy.a(i2c.o) (HAL_I2C_Init)
../../libDaisy//build\libdaisy.a(stm32h7xx_hal_i2c_ex.o)
                              ../../libDaisy//build\libdaisy.a(i2c.o) (HAL_I2CEx_ConfigAnalogFilter)
../../libDaisy//build\libdaisy.a(stm32h7xx_hal_pcd.o)
                              ../../libDaisy//build\libdaisy.a(usbd_conf.o) (HAL_PCD_Init)
../../libDaisy//build\libdaisy.a(stm32h7xx_hal_pcd_ex.o)
                              ../../libDaisy//build\libdaisy.a(usbd_conf.o) (HAL_PCDEx_SetTxFiFo)
../../libDaisy//build\libdaisy.a(stm32h7xx_hal_pwr_ex.o)
                              ../../libDaisy//build\libdaisy.a(system.o) (HAL_PWREx_ConfigSupply)
../../libDaisy//build\libdaisy.a(stm32h7xx_hal_qspi.o)
                              ../../libDaisy//build\libdaisy.a(qspi.o) (HAL_QSPI_Init)
../../libDaisy//build\libdaisy.a(stm32h7xx_hal_rcc.o)
                              ../../libDaisy//build\libdaisy.a(system.o) (HAL_RCC_OscConfig)
../../libDaisy//build\libdaisy.a(stm32h7xx_hal_rcc_ex.o)
                              ../../libDaisy//build\libdaisy.a(system.o) (HAL_RCCEx_PeriphCLKConfig)
../../libDaisy//build\libdaisy.a(stm32h7xx_hal_sai.o)
[...]
Memory Configuration

Name             Origin             Length             Attributes
FLASH            0x08000000         0x00020000         xr
DTCMRAM          0x20000000         0x00020000         xrw
SRAM             0x24000000         0x00080000         xrw
RAM_D2           0x30000000         0x00048000         xrw
RAM_D3           0x38000000         0x00010000         xrw
ITCMRAM          0x00000000         0x00010000         xrw
SDRAM            0xc0000000         0x04000000         xrw
QSPIFLASH        0x90000000         0x00800000         xr
*default*        0x00000000         0xffffffff

Linker script and memory map

LOAD c:/users/danst/documents/daisytoolchain-0.3.3/windows/bin/../lib/gcc/arm-none-eabi/10.2.1/thumb/v7e-m+dp/hard/crti.o
LOAD c:/users/danst/documents/daisytoolchain-0.3.3/windows/bin/../lib/gcc/arm-none-eabi/10.2.1/thumb/v7e-m+dp/hard/crtbegin.o
LOAD c:/users/danst/documents/daisytoolchain-0.3.3/windows/bin/../lib/gcc/arm-none-eabi/10.2.1/../../../../arm-none-eabi/lib/thumb/v7e-m+dp/hard/crt0.o
LOAD build/startup_stm32h750xx.o
LOAD build/2Cats1Bag.o
LOAD build/wavefolder.o
LOAD ../../libDaisy//build\libdaisy.a
LOAD c:/users/danst/documents/daisytoolchain-0.3.3/windows/bin/../lib/gcc/arm-none-eabi/10.2.1/../../../../arm-none-eabi/lib/thumb/v7e-m+dp/hard\libnosys.a
LOAD ../../DaisySP//build\libdaisysp.a
LOAD c:/users/danst/documents/daisytoolchain-0.3.3/windows/bin/../lib/gcc/arm-none-eabi/10.2.1/../../../../arm-none-eabi/lib/thumb/v7e-m+dp/hard\libstdc++_nano.a
LOAD c:/users/danst/documents/daisytoolchain-0.3.3/windows/bin/../lib/gcc/arm-none-eabi/10.2.1/../../../../arm-none-eabi/lib/thumb/v7e-m+dp/hard\libm.a
LOAD c:/users/danst/documents/daisytoolchain-0.3.3/windows/bin/../lib/gcc/arm-none-eabi/10.2.1/../../../../arm-none-eabi/lib/thumb/v7e-m+dp/hard\libc_nano.a
START GROUP
LOAD c:/users/danst/documents/daisytoolchain-0.3.3/windows/bin/../lib/gcc/arm-none-eabi/10.2.1/thumb/v7e-m+dp/hard\libgcc.a
LOAD c:/users/danst/documents/daisytoolchain-0.3.3/windows/bin/../lib/gcc/arm-none-eabi/10.2.1/../../../../arm-none-eabi/lib/thumb/v7e-m+dp/hard\libc_nano.a
END GROUP
START GROUP
LOAD c:/users/danst/documents/daisytoolchain-0.3.3/windows/bin/../lib/gcc/arm-none-eabi/10.2.1/thumb/v7e-m+dp/hard\libgcc.a
LOAD c:/users/danst/documents/daisytoolchain-0.3.3/windows/bin/../lib/gcc/arm-none-eabi/10.2.1/../../../../arm-none-eabi/lib/thumb/v7e-m+dp/hard\libc_nano.a
LOAD c:/users/danst/documents/daisytoolchain-0.3.3/windows/bin/../lib/gcc/arm-none-eabi/10.2.1/../../../../arm-none-eabi/lib/thumb/v7e-m+dp/hard\libnosys.a
END GROUP
START GROUP
LOAD c:/users/danst/documents/daisytoolchain-0.3.3/windows/bin/../lib/gcc/arm-none-eabi/10.2.1/thumb/v7e-m+dp/hard\libgcc.a
LOAD c:/users/danst/documents/daisytoolchain-0.3.3/windows/bin/../lib/gcc/arm-none-eabi/10.2.1/../../../../arm-none-eabi/lib/thumb/v7e-m+dp/hard\libc_nano.a
LOAD c:/users/danst/documents/daisytoolchain-0.3.3/windows/bin/../lib/gcc/arm-none-eabi/10.2.1/../../../../arm-none-eabi/lib/thumb/v7e-m+dp/hard\libnosys.a
END GROUP
LOAD c:/users/danst/documents/daisytoolchain-0.3.3/windows/bin/../lib/gcc/arm-none-eabi/10.2.1/thumb/v7e-m+dp/hard/crtend.o
LOAD c:/users/danst/documents/daisytoolchain-0.3.3/windows/bin/../lib/gcc/arm-none-eabi/10.2.1/thumb/v7e-m+dp/hard/crtn.o
                0x20020000                _estack = 0x20020000

.isr_vector     0x08000000      0x298
                0x08000000                . = ALIGN (0x4)
 *(.isr_vector)
 .isr_vector    0x08000000      0x298 build/startup_stm32h750xx.o
                0x08000000                g_pfnVectors
                0x08000298                . = ALIGN (0x4)

.text           0x080002a0    0x11bd0
                0x080002a0                . = ALIGN (0x4)
                0x080002a0                _stext = .
 *(.text)
 .text          0x080002a0       0x40 c:/users/danst/documents/daisytoolchain-0.3.3/windows/bin/../lib/gcc/arm-none-eabi/10.2.1/thumb/v7e-m+dp/hard/crtbegin.o
 .text          0x080002e0       0xa0 c:/users/danst/documents/daisytoolchain-0.3.3/windows/bin/../lib/gcc/arm-none-eabi/10.2.1/../../../../arm-none-eabi/lib/thumb/v7e-m+dp/hard\libc_nano.a(lib_a-memchr.o)
                0x080002e0                memchr
 .text          0x08000380      0x378 c:/users/danst/documents/daisytoolchain-0.3.3/windows/bin/../lib/gcc/arm-none-eabi/10.2.1/thumb/v7e-m+dp/hard\libgcc.a(_arm_addsubdf3.o)
                0x08000380                __aeabi_drsub
                0x08000388                __aeabi_dsub
                0x08000388                __subdf3
                0x0800038c                __aeabi_dadd
                0x0800038c                __adddf3
                0x08000604                __floatunsidf
                0x08000604                __aeabi_ui2d
                0x08000624                __floatsidf
                0x08000624                __aeabi_i2d
                0x08000648                __aeabi_f2d
                0x08000648                __extendsfdf2
                0x0800068c                __floatundidf
                0x0800068c                __aeabi_ul2d
                0x0800069c                __floatdidf
                0x0800069c                __aeabi_l2d
 *(.text*)
 .text.Default_Handler
                0x080006f8        0x4 build/startup_stm32h750xx.o
                0x080006f8                RTC_Alarm_IRQHandler
                0x080006f8                HASH_RNG_IRQHandler
                0x080006f8                EXTI2_IRQHandler
                0x080006f8                TIM8_CC_IRQHandler
                0x080006f8                HRTIM1_Master_IRQHandler
                0x080006f8                DebugMon_Handler
                0x080006f8                UART8_IRQHandler
                0x080006f8                SPI4_IRQHandler
                0x080006f8                TIM1_CC_IRQHandler
                0x080006f8                BDMA_Channel6_IRQHandler
                0x080006f8                DMA2_Stream5_IRQHandler
                0x080006f8                HRTIM1_FLT_IRQHandler
                0x080006f8                JPEG_IRQHandler
                0x080006f8                DMA1_Stream5_IRQHandler
                0x080006f8                BDMA_Channel1_IRQHandler
                0x080006f8                HRTIM1_TIMD_IRQHandler
                0x080006f8                TAMP_STAMP_IRQHandler
                0x080006f8                PendSV_Handler
                0x080006f8                NMI_Handler
                0x080006f8                EXTI3_IRQHandler
                0x080006f8                LPTIM4_IRQHandler
                0x080006f8                TIM8_TRG_COM_TIM14_IRQHandler
                0x080006f8                LPTIM2_IRQHandler
                0x080006f8                DFSDM1_FLT1_IRQHandler
                0x080006f8                DMAMUX2_OVR_IRQHandler
                0x080006f8                TIM8_UP_TIM13_IRQHandler
                0x080006f8                I2C3_ER_IRQHandler
                0x080006f8                DFSDM1_FLT2_IRQHandler
                0x080006f8                MDMA_IRQHandler
                0x080006f8                LPTIM3_IRQHandler
                0x080006f8                HSEM1_IRQHandler
                0x080006f8                EXTI0_IRQHandler
                0x080006f8                FPU_IRQHandler
                0x080006f8                OTG_HS_WKUP_IRQHandler
                0x080006f8                FDCAN1_IT1_IRQHandler
                0x080006f8                UsageFault_Handler
                0x080006f8                LTDC_ER_IRQHandler
                0x080006f8                HRTIM1_TIME_IRQHandler
                0x080006f8                TIM6_DAC_IRQHandler
                0x080006f8                DCMI_IRQHandler
                0x080006f8                HRTIM1_TIMC_IRQHandler
                0x080006f8                SAI2_IRQHandler
                0x080006f8                DFSDM1_FLT3_IRQHandler
                0x080006f8                USART6_IRQHandler
                0x080006f8                TIM17_IRQHandler
                0x080006f8                USART3_IRQHandler
                0x080006f8                CRYP_IRQHandler
                0x080006f8                BDMA_Channel7_IRQHandler
                0x080006f8                LPTIM5_IRQHandler
                0x080006f8                UART5_IRQHandler
                0x080006f8                ADC3_IRQHandler
                0x080006f8                DMA2_Stream0_IRQHandler
                0x080006f8                TIM4_IRQHandler
                0x080006f8                BDMA_Channel2_IRQHandler
                0x080006f8                DMAMUX1_OVR_IRQHandler
                0x080006f8                TIM16_IRQHandler
                0x080006f8                UART4_IRQHandler
                0x080006f8                BDMA_Channel5_IRQHandler
                0x080006f8                TIM3_IRQHandler
                0x080006f8                RCC_IRQHandler
                0x080006f8                TIM8_BRK_TIM12_IRQHandler
                0x080006f8                TIM1_TRG_COM_IRQHandler
                0x080006f8                Default_Handler
                0x080006f8                ECC_IRQHandler
                0x080006f8                CEC_IRQHandler
                0x080006f8                EXTI15_10_IRQHandler
                0x080006f8                BDMA_Channel0_IRQHandler
                0x080006f8                ADC_IRQHandler
                0x080006f8                DMA1_Stream7_IRQHandler
                0x080006f8                HRTIM1_TIMA_IRQHandler
                0x080006f8                SPI5_IRQHandler
                0x080006f8                TIM7_IRQHandler
                0x080006f8                SDMMC1_IRQHandler
                0x080006f8                TIM5_IRQHandler
                0x080006f8                DMA2_Stream7_IRQHandler
                0x080006f8                TIM15_IRQHandler
                0x080006f8                PVD_AVD_IRQHandler
                0x080006f8                EXTI9_5_IRQHandler
                0x080006f8                RTC_WKUP_IRQHandler
                0x080006f8                LTDC_IRQHandler
                0x080006f8                SAI3_IRQHandler
                0x080006f8                ETH_WKUP_IRQHandler
                0x080006f8                SPDIF_RX_IRQHandler
                0x080006f8                SPI2_IRQHandler
                0x080006f8                MemManage_Handler
                0x080006f8                SVC_Handler
                0x080006f8                CRS_IRQHandler
                0x080006f8                EXTI4_IRQHandler
                0x080006f8                HRTIM1_TIMB_IRQHandler
                0x080006f8                FDCAN2_IT1_IRQHandler
                0x080006f8                ETH_IRQHandler
                0x080006f8                TIM1_UP_IRQHandler
                0x080006f8                BDMA_Channel4_IRQHandler
                0x080006f8                WWDG_IRQHandler
                0x080006f8                SPI6_IRQHandler
                0x080006f8                I2C4_EV_IRQHandler
                0x080006f8                MDIOS_IRQHandler
                0x080006f8                FDCAN2_IT0_IRQHandler
                0x080006f8                LPUART1_IRQHandler
                0x080006f8                FDCAN1_IT0_IRQHandler
                0x080006f8                TIM2_IRQHandler
                0x080006f8                OTG_FS_WKUP_IRQHandler
                0x080006f8                DMA2D_IRQHandler
                0x080006f8                TIM1_BRK_IRQHandler
                0x080006f8                EXTI1_IRQHandler
                0x080006f8                SDMMC2_IRQHandler
                0x080006f8                BDMA_Channel3_IRQHandler
                0x080006f8                UART7_IRQHandler
                0x080006f8                MDIOS_WKUP_IRQHandler
                0x080006f8                USART2_IRQHandler
                0x080006f8                DFSDM1_FLT0_IRQHandler
                0x080006f8                SAI4_IRQHandler
                0x080006f8                I2C2_ER_IRQHandler
                0x080006f8                DMA2_Stream1_IRQHandler
                0x080006f8                FLASH_IRQHandler
                0x080006f8                DMA2_Stream4_IRQHandler
                0x080006f8                BusFault_Handler
                0x080006f8                USART1_IRQHandler
                0x080006f8                SPI3_IRQHandler
                0x080006f8                WAKEUP_PIN_IRQHandler
                0x080006f8                I2C1_ER_IRQHandler
                0x080006f8                FMC_IRQHandler
                0x080006f8                FDCAN_CAL_IRQHandler
                0x080006f8                SWPMI1_IRQHandler
                0x080006f8                COMP1_IRQHandler
                0x080006f8                LPTIM1_IRQHandler
                0x080006f8                I2C4_ER_IRQHandler
                0x080006f8                DMA2_Stream6_IRQHandler
                0x080006f8                SAI1_IRQHandler
 .text.Reset_Handler
                0x080006fc       0x44 build/startup_stm32h750xx.o
                0x080006fc                Reset_Handler
 .text._ZN5daisy6SwitchD2Ev
                0x08000740        0x4 build/2Cats1Bag.o
                0x08000740                daisy::Switch::~Switch()
                0x08000740                daisy::Switch::~Switch()
 .text._ZN5daisy9DaisySeedD2Ev
                0x08000744        0x4 build/2Cats1Bag.o
                0x08000744                daisy::DaisySeed::~DaisySeed()
                0x08000744                daisy::DaisySeed::~DaisySeed()
 .text._ZN7daisysp10OscillatorD2Ev
                0x08000748        0x4 build/2Cats1Bag.o
                0x08000748                daisysp::Oscillator::~Oscillator()
                0x08000748                daisysp::Oscillator::~Oscillator()
 .text._ZN7daisysp23VariableShapeOscillatorD2Ev
                0x0800074c        0x4 build/2Cats1Bag.o
                0x0800074c                daisysp::VariableShapeOscillator::~VariableShapeOscillator()
                0x0800074c                daisysp::VariableShapeOscillator::~VariableShapeOscillator()
 .text._ZN7daisysp10WavefolderD2Ev
                0x08000750        0x4 build/2Cats1Bag.o
                0x08000750                daisysp::Wavefolder::~Wavefolder()
                0x08000750                daisysp::Wavefolder::~Wavefolder()
 .text._ZN5daisy11MidiHandlerINS_16MidiUsbTransportEED2Ev
                0x08000754        0x4 build/2Cats1Bag.o
                0x08000754                daisy::MidiHandler<daisy::MidiUsbTransport>::~MidiHandler()
                0x08000754                daisy::MidiHandler<daisy::MidiUsbTransport>::~MidiHandler()
 .text._Z13AudioCallbackPKPKfPPfj
                0x08000758      0x1f0 build/2Cats1Bag.o
                0x08000758                AudioCallback(float const* const*, float**, unsigned int)
 .text._Z11handleKnobsv
                0x08000948       0xd0 build/2Cats1Bag.o
                0x08000948                handleKnobs()
 .text._Z19setPrimaryFrequencyv
                0x08000a18       0xa8 build/2Cats1Bag.o
                0x08000a18                setPrimaryFrequency()
 .text._Z21setModulatorFrequencyv
                0x08000ac0       0xb0 build/2Cats1Bag.o
                0x08000ac0                setModulatorFrequency()
 .text._ZN5daisy11MidiHandlerINS_16MidiUsbTransportEE5ParseEh
                0x08000b70      0x2a0 build/2Cats1Bag.o
                0x08000b70                daisy::MidiHandler<daisy::MidiUsbTransport>::Parse(unsigned char)
 .text._Z10handleMidiv
                0x08000e10       0xcc build/2Cats1Bag.o
                0x08000e10                handleMidi()
 .text.startup.main
                0x08000edc      0x2c4 build/2Cats1Bag.o
                0x08000edc                main
 .text.startup._GLOBAL__sub_I_hw
                0x080011a0       0xd0 build/2Cats1Bag.o
 .text._ZN7daisysp10Wavefolder7SetGainEf
                0x08001270        0x8 build/wavefolder.o
                0x08001270                daisysp::Wavefolder::SetGain(float)
 .text._ZN7daisysp10Wavefolder7ProcessEf
                0x08001278       0x40 build/wavefolder.o
                0x08001278                daisysp::Wavefolder::Process(float)
 .text._ZN5daisy9DaisySeed9ConfigureEv
                0x080012b8        0x4 ../../libDaisy//build\libdaisy.a(daisy_seed.o)
                0x080012b8                daisy::DaisySeed::Configure()
 .text._ZN5daisy9DaisySeed6GetPinEh
                0x080012bc       0x2c ../../libDaisy//build\libdaisy.a(daisy_seed.o)
                0x080012bc                daisy::DaisySeed::GetPin(unsigned char)
 .text._ZN5daisy9DaisySeed10StartAudioEPFvPKPKfPPfjE
                0x080012e8        0x8 ../../libDaisy//build\libdaisy.a(daisy_seed.o)
                0x080012e8                daisy::DaisySeed::StartAudio(void (*)(float const* const*, float**, unsigned int))
 .text._ZN5daisy9DaisySeed18SetAudioSampleRateENS_9SaiHandle6Config10SampleRateE
                0x080012f0       0x38 ../../libDaisy//build\libdaisy.a(daisy_seed.o)
                0x080012f0                daisy::DaisySeed::SetAudioSampleRate(daisy::SaiHandle::Config::SampleRate)
 .text._ZN5daisy9DaisySeed15AudioSampleRateEv
                0x08001328        0x8 ../../libDaisy//build\libdaisy.a(daisy_seed.o)
                0x08001328                daisy::DaisySeed::AudioSampleRate()
 .text._ZN5daisy9DaisySeed14ConfigureAudioEv
                0x08001330       0xd0 ../../libDaisy//build\libdaisy.a(daisy_seed.o)
                0x08001330                daisy::DaisySeed::ConfigureAudio()
 .text._ZN5daisy9DaisySeed4InitEb
                0x08001400       0xf0 ../../libDaisy//build\libdaisy.a(daisy_seed.o)
                0x08001400                daisy::DaisySeed::Init(bool)
 .text._ZN5daisy6Ak45564InitE12dsy_gpio_pin
                0x080014f0       0x44 ../../libDaisy//build\libdaisy.a(codec_ak4556.o)
                0x080014f0                daisy::Ak4556::Init(dsy_gpio_pin)
 .text._ZN5daisy6Wm873120WriteControlRegisterEht
                0x08001534       0x3c ../../libDaisy//build\libdaisy.a(codec_wm8731.o)
                0x08001534                daisy::Wm8731::WriteControlRegister(unsigned char, unsigned short)
 .text._ZN5daisy6Wm87314InitERKNS0_6ConfigENS_9I2CHandleE
                0x08001570      0x1bc ../../libDaisy//build\libdaisy.a(codec_wm8731.o)
                0x08001570                daisy::Wm8731::Init(daisy::Wm8731::Config const&, daisy::I2CHandle)
 .text._ZN11SdramHandle10DeviceInitEv
                0x0800172c       0x98 ../../libDaisy//build\libdaisy.a(sdram.o)
                0x0800172c                SdramHandle::DeviceInit()
 .text._ZN11SdramHandle4InitEv
                0x080017c4       0x7c ../../libDaisy//build\libdaisy.a(sdram.o)
                0x080017c4                SdramHandle::Init()
 .text.HAL_SDRAM_MspInit
                0x08001840      0x1a8 ../../libDaisy//build\libdaisy.a(sdram.o)
                0x08001840                HAL_SDRAM_MspInit
 .text._ZN5daisy11AudioHandle4Impl16InternalCallbackEPlS2_j
                0x080019e8      0xbbc ../../libDaisy//build\libdaisy.a(audio.o)
                0x080019e8                daisy::AudioHandle::Impl::InternalCallback(long*, long*, unsigned int)
 .text._ZN5daisy11AudioHandle4InitERKNS0_6ConfigENS_9SaiHandleE
                0x080025a4       0x64 ../../libDaisy//build\libdaisy.a(audio.o)
                0x080025a4                daisy::AudioHandle::Init(daisy::AudioHandle::Config const&, daisy::SaiHandle)
 .text._ZNK5daisy11AudioHandle9GetConfigEv
                0x08002608        0x8 ../../libDaisy//build\libdaisy.a(audio.o)
                0x08002608                daisy::AudioHandle::GetConfig() const
 .text._ZN5daisy11AudioHandle13GetSampleRateEv
                0x08002610        0x8 ../../libDaisy//build\libdaisy.a(audio.o)
                0x08002610                daisy::AudioHandle::GetSampleRate()
 .text._ZN5daisy11AudioHandle13SetSampleRateENS_9SaiHandle6Config10SampleRateE
                0x08002618       0x88 ../../libDaisy//build\libdaisy.a(audio.o)
                0x08002618                daisy::AudioHandle::SetSampleRate(daisy::SaiHandle::Config::SampleRate)
 .text._ZN5daisy11AudioHandle5StartEPFvPKPKfPPfjE
                0x080026a0       0x44 ../../libDaisy//build\libdaisy.a(audio.o)
                0x080026a0                daisy::AudioHandle::Start(void (*)(float const* const*, float**, unsigned int))
 .text.startup._GLOBAL__sub_I__ZN5daisy11AudioHandle4Impl4InitENS0_6ConfigENS_9SaiHandleE
                0x080026e4       0x10 ../../libDaisy//build\libdaisy.a(audio.o)
 .text._ZN5daisy6Switch4InitE12dsy_gpio_pinf
                0x080026f4       0x34 ../../libDaisy//build\libdaisy.a(switch.o)
                0x080026f4                daisy::Switch::Init(dsy_gpio_pin, float)
 .text._ZN5daisy6Switch8DebounceEv
                0x08002728       0x5c ../../libDaisy//build\libdaisy.a(switch.o)
                0x08002728                daisy::Switch::Debounce()
 .text._ZN5daisy16MidiUsbTransport4ImplD2Ev
                0x08002784        0x4 ../../libDaisy//build\libdaisy.a(usb_midi.o)
                0x08002784                daisy::MidiUsbTransport::Impl::~Impl()
                0x08002784                daisy::MidiUsbTransport::Impl::~Impl()
 .text._Z15ReceiveCallbackPhPm
                0x08002788       0x9c ../../libDaisy//build\libdaisy.a(usb_midi.o)
                0x08002788                ReceiveCallback(unsigned char*, unsigned long*)
 .text._ZN5daisy16MidiUsbTransport4InitENS0_6ConfigE
                0x08002824       0x50 ../../libDaisy//build\libdaisy.a(usb_midi.o)
                0x08002824                daisy::MidiUsbTransport::Init(daisy::MidiUsbTransport::Config)
 .text._ZN5daisy16MidiUsbTransport7StartRxEv
                0x08002874        0x8 ../../libDaisy//build\libdaisy.a(usb_midi.o)
                0x08002874                daisy::MidiUsbTransport::StartRx()
 .text._ZN5daisy16MidiUsbTransport8ReadableEv
                0x0800287c       0x14 ../../libDaisy//build\libdaisy.a(usb_midi.o)
                0x0800287c                daisy::MidiUsbTransport::Readable()
 .text._ZN5daisy16MidiUsbTransport2RxEv
                0x08002890       0x28 ../../libDaisy//build\libdaisy.a(usb_midi.o)
                0x08002890                daisy::MidiUsbTransport::Rx()
 .text._ZN5daisy16MidiUsbTransport8RxActiveEv
                0x080028b8        0x8 ../../libDaisy//build\libdaisy.a(usb_midi.o)
                0x080028b8                daisy::MidiUsbTransport::RxActive()
 .text._ZN5daisy16MidiUsbTransport7FlushRxEv
                0x080028c0        0xc ../../libDaisy//build\libdaisy.a(usb_midi.o)
                0x080028c0                daisy::MidiUsbTransport::FlushRx()
 .text.startup._GLOBAL__sub_I__Z15ReceiveCallbackPhPm
                0x080028cc       0x58 ../../libDaisy//build\libdaisy.a(usb_midi.o)
 .text._ZN5daisy16AdcChannelConfig10InitSingleE12dsy_gpio_pin
                0x08002924       0x1c ../../libDaisy//build\libdaisy.a(adc.o)
                0x08002924                daisy::AdcChannelConfig::InitSingle(dsy_gpio_pin)
 .text._ZN5daisy9AdcHandle4InitEPNS_16AdcChannelConfigEjNS0_12OverSamplingE
                0x08002940      0x3c8 ../../libDaisy//build\libdaisy.a(adc.o)
                0x08002940                daisy::AdcHandle::Init(daisy::AdcChannelConfig*, unsigned int, daisy::AdcHandle::OverSampling)
 .text._ZN5daisy9AdcHandle5StartEv
                0x08002d08       0x2c ../../libDaisy//build\libdaisy.a(adc.o)
                0x08002d08                daisy::AdcHandle::Start()
 .text._ZNK5daisy9AdcHandle8GetFloatEh
                0x08002d34       0x20 ../../libDaisy//build\libdaisy.a(adc.o)
                0x08002d34                daisy::AdcHandle::GetFloat(unsigned char) const
 .text.HAL_ADC_MspInit
                0x08002d54       0x98 ../../libDaisy//build\libdaisy.a(adc.o)
                0x08002d54                HAL_ADC_MspInit
 .text.DMA1_Stream2_IRQHandler
                0x08002dec        0xc ../../libDaisy//build\libdaisy.a(adc.o)
                0x08002dec                DMA1_Stream2_IRQHandler
 .text.HAL_ADC_ConvCpltCallback
                0x08002df8      0x148 ../../libDaisy//build\libdaisy.a(adc.o)
                0x08002df8                HAL_ADC_ConvCpltCallback
 .text.HAL_ADC_ErrorCallback
                0x08002f40        0x4 ../../libDaisy//build\libdaisy.a(adc.o)
                0x08002f40                HAL_ADC_ErrorCallback
 .text.dsy_gpio_init
                0x08002f44      0x1b8 ../../libDaisy//build\libdaisy.a(gpio.o)
                0x08002f44                dsy_gpio_init
 .text.dsy_gpio_read
                0x080030fc       0x1c ../../libDaisy//build\libdaisy.a(gpio.o)
                0x080030fc                dsy_gpio_read
 .text.dsy_gpio_write
                0x08003118       0x24 ../../libDaisy//build\libdaisy.a(gpio.o)
                0x08003118                dsy_gpio_write
 .text._ZN5daisy9I2CHandle4Impl8InitPinsEv
                0x0800313c       0x58 ../../libDaisy//build\libdaisy.a(i2c.o)
                0x0800313c                daisy::I2CHandle::Impl::InitPins()
 .text.HAL_I2C_MspInit
                0x08003194      0x1b4 ../../libDaisy//build\libdaisy.a(i2c.o)
                0x08003194                HAL_I2C_MspInit
 .text.dsy_i2c_global_init
                0x08003348       0x78 ../../libDaisy//build\libdaisy.a(i2c.o)
                0x08003348                dsy_i2c_global_init
 .text.DMA1_Stream6_IRQHandler
                0x080033c0       0x34 ../../libDaisy//build\libdaisy.a(i2c.o)
                0x080033c0                DMA1_Stream6_IRQHandler
 .text.I2C1_EV_IRQHandler
                0x080033f4        0xc ../../libDaisy//build\libdaisy.a(i2c.o)
                0x080033f4                I2C1_EV_IRQHandler
 .text.I2C2_EV_IRQHandler
                0x08003400        0xc ../../libDaisy//build\libdaisy.a(i2c.o)
                0x08003400                I2C2_EV_IRQHandler
 .text.I2C3_EV_IRQHandler
                0x0800340c        0xc ../../libDaisy//build\libdaisy.a(i2c.o)
                0x0800340c                I2C3_EV_IRQHandler
 .text._ZN5daisy9I2CHandle4InitERKNS0_6ConfigE
                0x08003418      0x12c ../../libDaisy//build\libdaisy.a(i2c.o)
                0x08003418                daisy::I2CHandle::Init(daisy::I2CHandle::Config const&)
 .text._ZN5daisy9I2CHandle16TransmitBlockingEtPhtm
                0x08003544       0x50 ../../libDaisy//build\libdaisy.a(i2c.o)
                0x08003544                daisy::I2CHandle::TransmitBlocking(unsigned short, unsigned char*, unsigned short, unsigned long)
 .text.startup._GLOBAL__sub_I__ZN5daisy9I2CHandle4Impl10GlobalInitEv
                0x08003594       0x18 ../../libDaisy//build\libdaisy.a(i2c.o)
 .text._ZN5daisy10QSPIHandle4Impl11WriteEnableEv
                0x080035ac       0x8c ../../libDaisy//build\libdaisy.a(qspi.o)
                0x080035ac                daisy::QSPIHandle::Impl::WriteEnable()
 .text._ZN5daisy10QSPIHandle4Impl17DummyCyclesConfigENS0_6Config6DeviceE
                0x08003638      0x118 ../../libDaisy//build\libdaisy.a(qspi.o)
                0x08003638                daisy::QSPIHandle::Impl::DummyCyclesConfig(daisy::QSPIHandle::Config::Device)
 .text._ZN5daisy10QSPIHandle4Impl10QuadEnableEv
                0x08003750      0x158 ../../libDaisy//build\libdaisy.a(qspi.o)
                0x08003750                daisy::QSPIHandle::Impl::QuadEnable()
 .text._ZN5daisy10QSPIHandle4InitERKNS0_6ConfigE
                0x080038a8      0x198 ../../libDaisy//build\libdaisy.a(qspi.o)
                0x080038a8                daisy::QSPIHandle::Init(daisy::QSPIHandle::Config const&)
 .text.HAL_QSPI_MspInit
                0x08003a40      0x11c ../../libDaisy//build\libdaisy.a(qspi.o)
                0x08003a40                HAL_QSPI_MspInit
 .text.HAL_QSPI_MspDeInit
                0x08003b5c       0x54 ../../libDaisy//build\libdaisy.a(qspi.o)
                0x08003b5c                HAL_QSPI_MspDeInit
 .text.QUADSPI_IRQHandler
                0x08003bb0        0xc ../../libDaisy//build\libdaisy.a(qspi.o)
                0x08003bb0                QUADSPI_IRQHandler
 .text.startup._GLOBAL__sub_I__ZN5daisy10QSPIHandle4Impl4InitERKNS0_6ConfigE
                0x08003bbc       0x28 ../../libDaisy//build\libdaisy.a(qspi.o)
 .text._ZN5daisy9SaiHandle4Impl7InitDmaENS1_15PeripheralBlockE
                0x08003be4       0xa0 ../../libDaisy//build\libdaisy.a(sai.o)
                0x08003be4                daisy::SaiHandle::Impl::InitDma(daisy::SaiHandle::Impl::PeripheralBlock)
 .text._ZN5daisy9SaiHandle4Impl8InitPinsEv
                0x08003c84       0xa8 ../../libDaisy//build\libdaisy.a(sai.o)
                0x08003c84                daisy::SaiHandle::Impl::InitPins()
 .text.HAL_SAI_MspInit
                0x08003d2c      0x164 ../../libDaisy//build\libdaisy.a(sai.o)
                0x08003d2c                HAL_SAI_MspInit
 .text.DMA1_Stream0_IRQHandler
                0x08003e90        0xc ../../libDaisy//build\libdaisy.a(sai.o)
                0x08003e90                DMA1_Stream0_IRQHandler
 .text.DMA1_Stream1_IRQHandler
                0x08003e9c        0xc ../../libDaisy//build\libdaisy.a(sai.o)
                0x08003e9c                DMA1_Stream1_IRQHandler
 .text.DMA1_Stream3_IRQHandler
                0x08003ea8        0xc ../../libDaisy//build\libdaisy.a(sai.o)
                0x08003ea8                DMA1_Stream3_IRQHandler
 .text.DMA1_Stream4_IRQHandler
                0x08003eb4        0xc ../../libDaisy//build\libdaisy.a(sai.o)
                0x08003eb4                DMA1_Stream4_IRQHandler
 .text.HAL_SAI_RxHalfCpltCallback
                0x08003ec0       0x78 ../../libDaisy//build\libdaisy.a(sai.o)
                0x08003ec0                HAL_SAI_RxHalfCpltCallback
 .text.HAL_SAI_RxCpltCallback
                0x08003f38       0x70 ../../libDaisy//build\libdaisy.a(sai.o)
                0x08003f38                HAL_SAI_RxCpltCallback
 .text._ZN5daisy9SaiHandle4InitERKNS0_6ConfigE
                0x08003fa8      0x1f0 ../../libDaisy//build\libdaisy.a(sai.o)
                0x08003fa8                daisy::SaiHandle::Init(daisy::SaiHandle::Config const&)
 .text._ZNK5daisy9SaiHandle9GetConfigEv
                0x08004198        0x4 ../../libDaisy//build\libdaisy.a(sai.o)
                0x08004198                daisy::SaiHandle::GetConfig() const
 .text._ZN5daisy9SaiHandle8StartDmaEPlS1_jPFvS1_S1_jE
                0x0800419c       0xbc ../../libDaisy//build\libdaisy.a(sai.o)
                0x0800419c                daisy::SaiHandle::StartDma(long*, long*, unsigned int, void (*)(long*, long*, unsigned int))
 .text._ZN5daisy9SaiHandle13GetSampleRateEv
                0x08004258       0x24 ../../libDaisy//build\libdaisy.a(sai.o)
                0x08004258                daisy::SaiHandle::GetSampleRate()
 .text._ZNK5daisy9SaiHandle9GetOffsetEv
                0x0800427c        0x8 ../../libDaisy//build\libdaisy.a(sai.o)
                0x0800427c                daisy::SaiHandle::GetOffset() const
 .text._ZN5daisy11TimerHandleD2Ev
                0x08004284        0x4 ../../libDaisy//build\libdaisy.a(system.o)
                0x08004284                daisy::TimerHandle::~TimerHandle()
                0x08004284                daisy::TimerHandle::~TimerHandle()
 .text.SysTick_Handler
                0x08004288       0x10 ../../libDaisy//build\libdaisy.a(system.o)
                0x08004288                SysTick_Handler
 .text.OTG_HS_EP1_OUT_IRQHandler
                0x08004298       0x24 ../../libDaisy//build\libdaisy.a(system.o)
                0x08004298                OTG_HS_EP1_OUT_IRQHandler
 .text.OTG_HS_EP1_IN_IRQHandler
                0x080042bc       0x24 ../../libDaisy//build\libdaisy.a(system.o)
                0x080042bc                OTG_HS_EP1_IN_IRQHandler
 .text.OTG_HS_IRQHandler
                0x080042e0       0x24 ../../libDaisy//build\libdaisy.a(system.o)
                0x080042e0                OTG_HS_IRQHandler
 .text.HardFault_Handler
                0x08004304       0xe0 ../../libDaisy//build\libdaisy.a(system.o)
                0x08004304                HardFault_Handler
 .text._ZN5daisy6System6GetNowEv
                0x080043e4        0x4 ../../libDaisy//build\libdaisy.a(system.o)
                0x080043e4                daisy::System::GetNow()
 .text._ZN5daisy6System5DelayEm
                0x080043e8        0x4 ../../libDaisy//build\libdaisy.a(system.o)
                0x080043e8                daisy::System::Delay(unsigned long)
 .text._ZN5daisy6System15ConfigureClocksEv
                0x080043ec      0x194 ../../libDaisy//build\libdaisy.a(system.o)
                0x080043ec                daisy::System::ConfigureClocks()
 .text._ZN5daisy6System4InitERKNS0_6ConfigE
                0x08004580      0x12c ../../libDaisy//build\libdaisy.a(system.o)
                0x08004580                daisy::System::Init(daisy::System::Config const&)
 .text._ZN5daisy6System12GetPClk1FreqEv
                0x080046ac        0x4 ../../libDaisy//build\libdaisy.a(system.o)
                0x080046ac                daisy::System::GetPClk1Freq()
 .text._ZN5daisy6System22GetProgramMemoryRegionEv
                0x080046b0       0x78 ../../libDaisy//build\libdaisy.a(system.o)
                0x080046b0                daisy::System::GetProgramMemoryRegion()
 .text.startup._GLOBAL__sub_I_SysTick_Handler
                0x08004728       0x1c ../../libDaisy//build\libdaisy.a(system.o)
 .text.SystemInit
                0x08004744       0x9c ../../libDaisy//build\libdaisy.a(system_stm32h7xx.o)
                0x08004744                SystemInit
 .text.HAL_PCD_MspInit
                0x080047e0      0x144 ../../libDaisy//build\libdaisy.a(usbd_conf.o)
                0x080047e0                HAL_PCD_MspInit
 .text.HAL_PCD_SetupStageCallback
                0x08004924        0xc ../../libDaisy//build\libdaisy.a(usbd_conf.o)
                0x08004924                HAL_PCD_SetupStageCallback
 .text.HAL_PCD_DataOutStageCallback
                0x08004930       0x14 ../../libDaisy//build\libdaisy.a(usbd_conf.o)
                0x08004930                HAL_PCD_DataOutStageCallback
 .text.HAL_PCD_DataInStageCallback
                0x08004944       0x14 ../../libDaisy//build\libdaisy.a(usbd_conf.o)
                0x08004944                HAL_PCD_DataInStageCallback
 .text.HAL_PCD_SOFCallback
                0x08004958        0x8 ../../libDaisy//build\libdaisy.a(usbd_conf.o)
                0x08004958                HAL_PCD_SOFCallback
 .text.HAL_PCD_ResetCallback
                0x08004960       0x24 ../../libDaisy//build\libdaisy.a(usbd_conf.o)
                0x08004960                HAL_PCD_ResetCallback
 .text.HAL_PCD_SuspendCallback
                0x08004984       0x30 ../../libDaisy//build\libdaisy.a(usbd_conf.o)
                0x08004984                HAL_PCD_SuspendCallback
 .text.HAL_PCD_ResumeCallback
                0x080049b4        0x8 ../../libDaisy//build\libdaisy.a(usbd_conf.o)
                0x080049b4                HAL_PCD_ResumeCallback
 .text.HAL_PCD_ISOOUTIncompleteCallback
                0x080049bc        0x8 ../../libDaisy//build\libdaisy.a(usbd_conf.o)
                0x080049bc                HAL_PCD_ISOOUTIncompleteCallback
 .text.HAL_PCD_ISOINIncompleteCallback
                0x080049c4        0x8 ../../libDaisy//build\libdaisy.a(usbd_conf.o)
                0x080049c4                HAL_PCD_ISOINIncompleteCallback
 .text.HAL_PCD_ConnectCallback
                0x080049cc        0x8 ../../libDaisy//build\libdaisy.a(usbd_conf.o)
                0x080049cc                HAL_PCD_ConnectCallback
 .text.HAL_PCD_DisconnectCallback
                0x080049d4        0x8 ../../libDaisy//build\libdaisy.a(usbd_conf.o)
                0x080049d4                HAL_PCD_DisconnectCallback
 .text.USBD_LL_Init
                0x080049dc       0xe4 ../../libDaisy//build\libdaisy.a(usbd_conf.o)
                0x080049dc                USBD_LL_Init
 .text.USBD_LL_Start
                0x08004ac0       0x1c ../../libDaisy//build\libdaisy.a(usbd_conf.o)
                0x08004ac0                USBD_LL_Start
 .text.USBD_LL_OpenEP
                0x08004adc       0x24 ../../libDaisy//build\libdaisy.a(usbd_conf.o)
                0x08004adc                USBD_LL_OpenEP
 .text.USBD_LL_CloseEP
                0x08004b00       0x1c ../../libDaisy//build\libdaisy.a(usbd_conf.o)
                0x08004b00                USBD_LL_CloseEP
 .text.USBD_LL_StallEP
                0x08004b1c       0x1c ../../libDaisy//build\libdaisy.a(usbd_conf.o)
                0x08004b1c                USBD_LL_StallEP
 .text.USBD_LL_ClearStallEP
                0x08004b38       0x1c ../../libDaisy//build\libdaisy.a(usbd_conf.o)
                0x08004b38                USBD_LL_ClearStallEP
 .text.USBD_LL_IsStallEP
                0x08004b54       0x28 ../../libDaisy//build\libdaisy.a(usbd_conf.o)
                0x08004b54                USBD_LL_IsStallEP
 .text.USBD_LL_SetUSBAddress
                0x08004b7c       0x1c ../../libDaisy//build\libdaisy.a(usbd_conf.o)
                0x08004b7c                USBD_LL_SetUSBAddress
 .text.USBD_LL_Transmit
                0x08004b98       0x1c ../../libDaisy//build\libdaisy.a(usbd_conf.o)
                0x08004b98                USBD_LL_Transmit
 .text.USBD_LL_PrepareReceive
                0x08004bb4       0x1c ../../libDaisy//build\libdaisy.a(usbd_conf.o)
                0x08004bb4                USBD_LL_PrepareReceive
 .text.USBD_LL_GetRxDataSize
                0x08004bd0        0x8 ../../libDaisy//build\libdaisy.a(usbd_conf.o)
                0x08004bd0                USBD_LL_GetRxDataSize
 .text.HAL_HCD_SOF_Callback
                0x08004bd8        0x8 ../../libDaisy//build\libdaisy.a(usbh_conf.o)
                0x08004bd8                HAL_HCD_SOF_Callback
 .text.HAL_HCD_Connect_Callback
                0x08004be0        0x8 ../../libDaisy//build\libdaisy.a(usbh_conf.o)
                0x08004be0                HAL_HCD_Connect_Callback
 .text.HAL_HCD_Disconnect_Callback
                0x08004be8        0x8 ../../libDaisy//build\libdaisy.a(usbh_conf.o)
                0x08004be8                HAL_HCD_Disconnect_Callback
 .text.HAL_HCD_HC_NotifyURBChange_Callback
                0x08004bf0        0x4 ../../libDaisy//build\libdaisy.a(usbh_conf.o)
                0x08004bf0                HAL_HCD_HC_NotifyURBChange_Callback
 .text.HAL_HCD_PortEnabled_Callback
                0x08004bf4        0x8 ../../libDaisy//build\libdaisy.a(usbh_conf.o)
                0x08004bf4                HAL_HCD_PortEnabled_Callback
 .text.HAL_HCD_PortDisabled_Callback
                0x08004bfc        0x8 ../../libDaisy//build\libdaisy.a(usbh_conf.o)
                0x08004bfc                HAL_HCD_PortDisabled_Callback
 .text.USBH_LL_Stop
                0x08004c04       0x1c ../../libDaisy//build\libdaisy.a(usbh_conf.o)
                0x08004c04                USBH_LL_Stop
 .text.dsy_hal_map_get_port
                0x08004c20       0x10 ../../libDaisy//build\libdaisy.a(hal_map.o)
                0x08004c20                dsy_hal_map_get_port
 .text.dsy_hal_map_get_pin
                0x08004c30       0x10 ../../libDaisy//build\libdaisy.a(hal_map.o)
                0x08004c30                dsy_hal_map_get_pin
 .text.dsy_hal_map_gpio_clk_enable
                0x08004c40      0x150 ../../libDaisy//build\libdaisy.a(hal_map.o)
                0x08004c40                dsy_hal_map_gpio_clk_enable
 .text.HAL_MspInit
                0x08004d90        0x4 ../../libDaisy//build\libdaisy.a(stm32h7xx_hal.o)
                0x08004d90                HAL_MspInit
 .text.HAL_InitTick
                0x08004d94       0x4c ../../libDaisy//build\libdaisy.a(stm32h7xx_hal.o)
                0x08004d94                HAL_InitTick
 .text.HAL_Init
                0x08004de0       0x60 ../../libDaisy//build\libdaisy.a(stm32h7xx_hal.o)
                0x08004de0                HAL_Init
 .text.HAL_IncTick
                0x08004e40       0x18 ../../libDaisy//build\libdaisy.a(stm32h7xx_hal.o)
                0x08004e40                HAL_IncTick
 .text.HAL_GetTick
                0x08004e58        0xc ../../libDaisy//build\libdaisy.a(stm32h7xx_hal.o)
                0x08004e58                HAL_GetTick
 .text.HAL_Delay
                0x08004e64       0x24 ../../libDaisy//build\libdaisy.a(stm32h7xx_hal.o)
                0x08004e64                HAL_Delay
 .text.HAL_GetREVID
                0x08004e88        0xc ../../libDaisy//build\libdaisy.a(stm32h7xx_hal.o)
                0x08004e88                HAL_GetREVID
 .text.HAL_ADC_ConvHalfCpltCallback
                0x08004e94        0x4 ../../libDaisy//build\libdaisy.a(stm32h7xx_hal_adc.o)
                0x08004e94                HAL_ADC_ConvHalfCpltCallback
 .text.ADC_DMAHalfConvCplt
                0x08004e98        0xc ../../libDaisy//build\libdaisy.a(stm32h7xx_hal_adc.o)
                0x08004e98                ADC_DMAHalfConvCplt
 .text.ADC_DMAConvCplt
                0x08004ea4       0x6c ../../libDaisy//build\libdaisy.a(stm32h7xx_hal_adc.o)
                0x08004ea4                ADC_DMAConvCplt
 .text.ADC_DMAError
                0x08004f10       0x1c ../../libDaisy//build\libdaisy.a(stm32h7xx_hal_adc.o)
                0x08004f10                ADC_DMAError
 .text.HAL_ADC_ConfigChannel
                0x08004f2c      0x3fc ../../libDaisy//build\libdaisy.a(stm32h7xx_hal_adc.o)
                0x08004f2c                HAL_ADC_ConfigChannel
 .text.ADC_Enable
                0x08005328       0xac ../../libDaisy//build\libdaisy.a(stm32h7xx_hal_adc.o)
                0x08005328                ADC_Enable
 .text.HAL_ADC_Start_DMA
                0x080053d4      0x114 ../../libDaisy//build\libdaisy.a(stm32h7xx_hal_adc.o)
                0x080053d4                HAL_ADC_Start_DMA
 .text.ADC_Disable
                0x080054e8       0x68 ../../libDaisy//build\libdaisy.a(stm32h7xx_hal_adc.o)
                0x080054e8                ADC_Disable
 .text.ADC_ConfigureBoostMode
                0x08005550      0x184 ../../libDaisy//build\libdaisy.a(stm32h7xx_hal_adc.o)
                0x08005550                ADC_ConfigureBoostMode
 .text.HAL_ADC_Init
                0x080056d4      0x218 ../../libDaisy//build\libdaisy.a(stm32h7xx_hal_adc.o)
                0x080056d4                HAL_ADC_Init
 .text.HAL_ADCEx_Calibration_Start
                0x080058ec       0xa4 ../../libDaisy//build\libdaisy.a(stm32h7xx_hal_adc_ex.o)
                0x080058ec                HAL_ADCEx_Calibration_Start
 .text.HAL_ADCEx_MultiModeConfigChannel
                0x08005990       0xc4 ../../libDaisy//build\libdaisy.a(stm32h7xx_hal_adc_ex.o)
                0x08005990                HAL_ADCEx_MultiModeConfigChannel
 .text.HAL_NVIC_SetPriorityGrouping
                0x08005a54       0x24 ../../libDaisy//build\libdaisy.a(stm32h7xx_hal_cortex.o)
                0x08005a54                HAL_NVIC_SetPriorityGrouping
 .text.HAL_NVIC_SetPriority
                0x08005a78       0x7c ../../libDaisy//build\libdaisy.a(stm32h7xx_hal_cortex.o)
                0x08005a78                HAL_NVIC_SetPriority
 .text.HAL_NVIC_EnableIRQ
                0x08005af4       0x1c ../../libDaisy//build\libdaisy.a(stm32h7xx_hal_cortex.o)
                0x08005af4                HAL_NVIC_EnableIRQ
 .text.HAL_NVIC_DisableIRQ
                0x08005b10       0x28 ../../libDaisy//build\libdaisy.a(stm32h7xx_hal_cortex.o)
                0x08005b10                HAL_NVIC_DisableIRQ
 .text.HAL_SYSTICK_Config
                0x08005b38       0x2c ../../libDaisy//build\libdaisy.a(stm32h7xx_hal_cortex.o)
                0x08005b38                HAL_SYSTICK_Config
 .text.HAL_MPU_Disable
                0x08005b64       0x1c ../../libDaisy//build\libdaisy.a(stm32h7xx_hal_cortex.o)
                0x08005b64                HAL_MPU_Disable
 .text.HAL_MPU_Enable
                0x08005b80       0x20 ../../libDaisy//build\libdaisy.a(stm32h7xx_hal_cortex.o)
                0x08005b80                HAL_MPU_Enable
 .text.HAL_MPU_ConfigRegion
                0x08005ba0       0x64 ../../libDaisy//build\libdaisy.a(stm32h7xx_hal_cortex.o)
                0x08005ba0                HAL_MPU_ConfigRegion
 .text.HAL_SYSTICK_Callback
                0x08005c04        0x4 ../../libDaisy//build\libdaisy.a(stm32h7xx_hal_cortex.o)
                0x08005c04                HAL_SYSTICK_Callback
 .text.HAL_SYSTICK_IRQHandler
                0x08005c08        0x8 ../../libDaisy//build\libdaisy.a(stm32h7xx_hal_cortex.o)
                0x08005c08                HAL_SYSTICK_IRQHandler
 .text.DMA_CalcBaseAndBitshift
                0x08005c10       0xf4 ../../libDaisy//build\libdaisy.a(stm32h7xx_hal_dma.o)
 .text.DMA_CalcDMAMUXChannelBaseAndMask
                0x08005d04       0xd8 ../../libDaisy//build\libdaisy.a(stm32h7xx_hal_dma.o)
 .text.HAL_DMA_Init
                0x08005ddc      0x37c ../../libDaisy//build\libdaisy.a(stm32h7xx_hal_dma.o)
                0x08005ddc                HAL_DMA_Init
 .text.HAL_DMA_Start_IT
                0x08006158      0x240 ../../libDaisy//build\libdaisy.a(stm32h7xx_hal_dma.o)
                0x08006158                HAL_DMA_Start_IT
 .text.HAL_DMA_Abort_IT
                0x08006398      0x134 ../../libDaisy//build\libdaisy.a(stm32h7xx_hal_dma.o)
                0x08006398                HAL_DMA_Abort_IT
 .text.HAL_DMA_IRQHandler
                0x080064cc      0x6a0 ../../libDaisy//build\libdaisy.a(stm32h7xx_hal_dma.o)
                0x080064cc                HAL_DMA_IRQHandler
 .text.HAL_DMA_GetError
                0x08006b6c        0x4 ../../libDaisy//build\libdaisy.a(stm32h7xx_hal_dma.o)
                0x08006b6c                HAL_DMA_GetError
 .text.HAL_GPIO_Init
                0x08006b70      0x280 ../../libDaisy//build\libdaisy.a(stm32h7xx_hal_gpio.o)
                0x08006b70                HAL_GPIO_Init
 .text.HAL_GPIO_DeInit
                0x08006df0      0x190 ../../libDaisy//build\libdaisy.a(stm32h7xx_hal_gpio.o)
                0x08006df0                HAL_GPIO_DeInit
 .text.HAL_GPIO_ReadPin
                0x08006f80        0xc ../../libDaisy//build\libdaisy.a(stm32h7xx_hal_gpio.o)
                0x08006f80                HAL_GPIO_ReadPin
 .text.HAL_GPIO_WritePin
                0x08006f8c        0x8 ../../libDaisy//build\libdaisy.a(stm32h7xx_hal_gpio.o)
                0x08006f8c                HAL_GPIO_WritePin
 .text.HAL_HCD_IRQHandler
                0x08006f94      0x780 ../../libDaisy//build\libdaisy.a(stm32h7xx_hal_hcd.o)
                0x08006f94                HAL_HCD_IRQHandler
 .text.HAL_HCD_Stop
                0x08007714       0x28 ../../libDaisy//build\libdaisy.a(stm32h7xx_hal_hcd.o)
                0x08007714                HAL_HCD_Stop
 .text.I2C_WaitOnTXISFlagUntilTimeout
                0x0800773c       0xb8 ../../libDaisy//build\libdaisy.a(stm32h7xx_hal_i2c.o)
 .text.I2C_WaitOnSTOPFlagUntilTimeout
                0x080077f4       0xac ../../libDaisy//build\libdaisy.a(stm32h7xx_hal_i2c.o)
 .text.HAL_I2C_Init
                0x080078a0       0xac ../../libDaisy//build\libdaisy.a(stm32h7xx_hal_i2c.o)
                0x080078a0                HAL_I2C_Init
 .text.HAL_I2C_Master_Transmit
                0x0800794c      0x1a8 ../../libDaisy//build\libdaisy.a(stm32h7xx_hal_i2c.o)
                0x0800794c                HAL_I2C_Master_Transmit
 .text.HAL_I2C_Slave_Transmit
                0x08007af4      0x1c8 ../../libDaisy//build\libdaisy.a(stm32h7xx_hal_i2c.o)
                0x08007af4                HAL_I2C_Slave_Transmit
 .text.HAL_I2C_EV_IRQHandler
                0x08007cbc       0x10 ../../libDaisy//build\libdaisy.a(stm32h7xx_hal_i2c.o)
                0x08007cbc                HAL_I2C_EV_IRQHandler
 .text.HAL_I2C_GetState
                0x08007ccc        0x8 ../../libDaisy//build\libdaisy.a(stm32h7xx_hal_i2c.o)
                0x08007ccc                HAL_I2C_GetState
 .text.HAL_I2CEx_ConfigAnalogFilter
                0x08007cd4       0x54 ../../libDaisy//build\libdaisy.a(stm32h7xx_hal_i2c_ex.o)
                0x08007cd4                HAL_I2CEx_ConfigAnalogFilter
 .text.HAL_I2CEx_ConfigDigitalFilter
                0x08007d28       0x58 ../../libDaisy//build\libdaisy.a(stm32h7xx_hal_i2c_ex.o)
                0x08007d28                HAL_I2CEx_ConfigDigitalFilter
 .text.HAL_PCD_Init
                0x08007d80      0x12c ../../libDaisy//build\libdaisy.a(stm32h7xx_hal_pcd.o)
                0x08007d80                HAL_PCD_Init
 .text.HAL_PCD_Start
                0x08007eac       0x44 ../../libDaisy//build\libdaisy.a(stm32h7xx_hal_pcd.o)
                0x08007eac                HAL_PCD_Start
 .text.HAL_PCD_IRQHandler
                0x08007ef0      0x69c ../../libDaisy//build\libdaisy.a(stm32h7xx_hal_pcd.o)
                0x08007ef0                HAL_PCD_IRQHandler
 .text.HAL_PCD_SetAddress
                0x0800858c       0x2c ../../libDaisy//build\libdaisy.a(stm32h7xx_hal_pcd.o)
                0x0800858c                HAL_PCD_SetAddress
 .text.HAL_PCD_EP_Open
                0x080085b8       0x7c ../../libDaisy//build\libdaisy.a(stm32h7xx_hal_pcd.o)
                0x080085b8                HAL_PCD_EP_Open
 .text.HAL_PCD_EP_Close
                0x08008634       0x6c ../../libDaisy//build\libdaisy.a(stm32h7xx_hal_pcd.o)
                0x08008634                HAL_PCD_EP_Close
 .text.HAL_PCD_EP_Receive
                0x080086a0       0x50 ../../libDaisy//build\libdaisy.a(stm32h7xx_hal_pcd.o)
                0x080086a0                HAL_PCD_EP_Receive
 .text.HAL_PCD_EP_GetRxCount
                0x080086f0       0x14 ../../libDaisy//build\libdaisy.a(stm32h7xx_hal_pcd.o)
                0x080086f0                HAL_PCD_EP_GetRxCount
 .text.HAL_PCD_EP_Transmit
                0x08008704       0x50 ../../libDaisy//build\libdaisy.a(stm32h7xx_hal_pcd.o)
                0x08008704                HAL_PCD_EP_Transmit
 .text.HAL_PCD_EP_SetStall
                0x08008754       0x88 ../../libDaisy//build\libdaisy.a(stm32h7xx_hal_pcd.o)
                0x08008754                HAL_PCD_EP_SetStall
 .text.HAL_PCD_EP_ClrStall
                0x080087dc       0x78 ../../libDaisy//build\libdaisy.a(stm32h7xx_hal_pcd.o)
                0x080087dc                HAL_PCD_EP_ClrStall
 .text.HAL_PCDEx_SetTxFiFo
                0x08008854       0x54 ../../libDaisy//build\libdaisy.a(stm32h7xx_hal_pcd_ex.o)
                0x08008854                HAL_PCDEx_SetTxFiFo
 .text.HAL_PCDEx_SetRxFiFo
                0x080088a8        0xc ../../libDaisy//build\libdaisy.a(stm32h7xx_hal_pcd_ex.o)
                0x080088a8                HAL_PCDEx_SetRxFiFo
 .text.HAL_PCDEx_ActivateLPM
                0x080088b4       0x30 ../../libDaisy//build\libdaisy.a(stm32h7xx_hal_pcd_ex.o)
                0x080088b4                HAL_PCDEx_ActivateLPM
 .text.HAL_PCDEx_LPM_Callback
                0x080088e4        0x4 ../../libDaisy//build\libdaisy.a(stm32h7xx_hal_pcd_ex.o)
                0x080088e4                HAL_PCDEx_LPM_Callback
 .text.HAL_PWREx_ConfigSupply
                0x080088e8       0x4c ../../libDaisy//build\libdaisy.a(stm32h7xx_hal_pwr_ex.o)
                0x080088e8                HAL_PWREx_ConfigSupply
 .text.HAL_PWREx_EnableUSBVoltageDetector
                0x08008934       0x10 ../../libDaisy//build\libdaisy.a(stm32h7xx_hal_pwr_ex.o)
                0x08008934                HAL_PWREx_EnableUSBVoltageDetector
 .text.QSPI_Config
                0x08008944      0x174 ../../libDaisy//build\libdaisy.a(stm32h7xx_hal_qspi.o)
 .text.HAL_QSPI_Init
                0x08008ab8       0xd8 ../../libDaisy//build\libdaisy.a(stm32h7xx_hal_qspi.o)
                0x08008ab8                HAL_QSPI_Init
 .text.HAL_QSPI_DeInit
                0x08008b90       0x3c ../../libDaisy//build\libdaisy.a(stm32h7xx_hal_qspi.o)
                0x08008b90                HAL_QSPI_DeInit
 .text.HAL_QSPI_Command
                0x08008bcc       0xd4 ../../libDaisy//build\libdaisy.a(stm32h7xx_hal_qspi.o)
                0x08008bcc                HAL_QSPI_Command
 .text.HAL_QSPI_Transmit
                0x08008ca0       0xfc ../../libDaisy//build\libdaisy.a(stm32h7xx_hal_qspi.o)
                0x08008ca0                HAL_QSPI_Transmit
 .text.HAL_QSPI_Receive
                0x08008d9c      0x108 ../../libDaisy//build\libdaisy.a(stm32h7xx_hal_qspi.o)
                0x08008d9c                HAL_QSPI_Receive
 .text.HAL_QSPI_AutoPolling
                0x08008ea4       0xf0 ../../libDaisy//build\libdaisy.a(stm32h7xx_hal_qspi.o)
                0x08008ea4                HAL_QSPI_AutoPolling
 .text.HAL_QSPI_MemoryMapped
                0x08008f94       0xc0 ../../libDaisy//build\libdaisy.a(stm32h7xx_hal_qspi.o)
                0x08008f94                HAL_QSPI_MemoryMapped
 .text.HAL_QSPI_ErrorCallback
                0x08009054        0x4 ../../libDaisy//build\libdaisy.a(stm32h7xx_hal_qspi.o)
                0x08009054                HAL_QSPI_ErrorCallback
 .text.QSPI_DMAAbortCplt
                0x08009058       0x38 ../../libDaisy//build\libdaisy.a(stm32h7xx_hal_qspi.o)
 .text.HAL_QSPI_AbortCpltCallback
                0x08009090        0x4 ../../libDaisy//build\libdaisy.a(stm32h7xx_hal_qspi.o)
                0x08009090                HAL_QSPI_AbortCpltCallback
 .text.HAL_QSPI_CmdCpltCallback
                0x08009094        0x4 ../../libDaisy//build\libdaisy.a(stm32h7xx_hal_qspi.o)
                0x08009094                HAL_QSPI_CmdCpltCallback
 .text.HAL_QSPI_RxCpltCallback
                0x08009098        0x4 ../../libDaisy//build\libdaisy.a(stm32h7xx_hal_qspi.o)
                0x08009098                HAL_QSPI_RxCpltCallback
 .text.HAL_QSPI_TxCpltCallback
                0x0800909c        0x4 ../../libDaisy//build\libdaisy.a(stm32h7xx_hal_qspi.o)
                0x0800909c                HAL_QSPI_TxCpltCallback
 .text.HAL_QSPI_FifoThresholdCallback
                0x080090a0        0x4 ../../libDaisy//build\libdaisy.a(stm32h7xx_hal_qspi.o)
                0x080090a0                HAL_QSPI_FifoThresholdCallback
 .text.HAL_QSPI_StatusMatchCallback
                0x080090a4        0x4 ../../libDaisy//build\libdaisy.a(stm32h7xx_hal_qspi.o)
                0x080090a4                HAL_QSPI_StatusMatchCallback
 .text.HAL_QSPI_TimeOutCallback
                0x080090a8        0x4 ../../libDaisy//build\libdaisy.a(stm32h7xx_hal_qspi.o)
                0x080090a8                HAL_QSPI_TimeOutCallback
 .text.HAL_QSPI_IRQHandler
                0x080090ac      0x210 ../../libDaisy//build\libdaisy.a(stm32h7xx_hal_qspi.o)
                0x080090ac                HAL_QSPI_IRQHandler
 .text.HAL_RCC_OscConfig
                0x080092bc      0x51c ../../libDaisy//build\libdaisy.a(stm32h7xx_hal_rcc.o)
                0x080092bc                HAL_RCC_OscConfig
 .text.HAL_RCC_GetSysClockFreq
                0x080097d8      0x140 ../../libDaisy//build\libdaisy.a(stm32h7xx_hal_rcc.o)
                0x080097d8                HAL_RCC_GetSysClockFreq
 .text.HAL_RCC_ClockConfig
                0x08009918      0x234 ../../libDaisy//build\libdaisy.a(stm32h7xx_hal_rcc.o)
                0x08009918                HAL_RCC_ClockConfig
 .text.HAL_RCC_GetHCLKFreq
                0x08009b4c       0x2c ../../libDaisy//build\libdaisy.a(stm32h7xx_hal_rcc.o)
                0x08009b4c                HAL_RCC_GetHCLKFreq
 .text.HAL_RCC_GetPCLK1Freq
                0x08009b78       0x38 ../../libDaisy//build\libdaisy.a(stm32h7xx_hal_rcc.o)
                0x08009b78                HAL_RCC_GetPCLK1Freq
 .text.RCCEx_PLL2_Config
                0x08009bb0       0xf4 ../../libDaisy//build\libdaisy.a(stm32h7xx_hal_rcc_ex.o)
 .text.RCCEx_PLL3_Config
                0x08009ca4       0xf4 ../../libDaisy//build\libdaisy.a(stm32h7xx_hal_rcc_ex.o)
 .text.HAL_RCCEx_PeriphCLKConfig
                0x08009d98      0xa7c ../../libDaisy//build\libdaisy.a(stm32h7xx_hal_rcc_ex.o)
                0x08009d98                HAL_RCCEx_PeriphCLKConfig
 .text.HAL_RCCEx_GetPLL2ClockFreq
                0x0800a814      0x17c ../../libDaisy//build\libdaisy.a(stm32h7xx_hal_rcc_ex.o)
                0x0800a814                HAL_RCCEx_GetPLL2ClockFreq
 .text.HAL_RCCEx_GetPLL3ClockFreq
                0x0800a990      0x17c ../../libDaisy//build\libdaisy.a(stm32h7xx_hal_rcc_ex.o)
                0x0800a990                HAL_RCCEx_GetPLL3ClockFreq
 .text.HAL_RCCEx_GetPLL1ClockFreq
                0x0800ab0c      0x17c ../../libDaisy//build\libdaisy.a(stm32h7xx_hal_rcc_ex.o)
                0x0800ab0c                HAL_RCCEx_GetPLL1ClockFreq
 .text.HAL_RCCEx_GetPeriphCLKFreq
                0x0800ac88      0x198 ../../libDaisy//build\libdaisy.a(stm32h7xx_hal_rcc_ex.o)
                0x0800ac88                HAL_RCCEx_GetPeriphCLKFreq
 .text.HAL_RCCEx_GetD1SysClockFreq
                0x0800ae20       0x2c ../../libDaisy//build\libdaisy.a(stm32h7xx_hal_rcc_ex.o)
                0x0800ae20                HAL_RCCEx_GetD1SysClockFreq
 .text.HAL_SAI_Init.part.0
                0x0800ae4c      0x348 ../../libDaisy//build\libdaisy.a(stm32h7xx_hal_sai.o)
 .text.HAL_SAI_InitProtocol
                0x0800b194      0x178 ../../libDaisy//build\libdaisy.a(stm32h7xx_hal_sai.o)
                0x0800b194                HAL_SAI_InitProtocol
 .text.HAL_SAI_Transmit_DMA
                0x0800b30c      0x124 ../../libDaisy//build\libdaisy.a(stm32h7xx_hal_sai.o)
                0x0800b30c                HAL_SAI_Transmit_DMA
 .text.HAL_SAI_Receive_DMA
                0x0800b430       0xd0 ../../libDaisy//build\libdaisy.a(stm32h7xx_hal_sai.o)
                0x0800b430                HAL_SAI_Receive_DMA
 .text.HAL_SAI_TxCpltCallback
                0x0800b500        0x4 ../../libDaisy//build\libdaisy.a(stm32h7xx_hal_sai.o)
                0x0800b500                HAL_SAI_TxCpltCallback
 .text.SAI_DMATxCplt
                0x0800b504       0x64 ../../libDaisy//build\libdaisy.a(stm32h7xx_hal_sai.o)
 .text.HAL_SAI_TxHalfCpltCallback
                0x0800b568        0x4 ../../libDaisy//build\libdaisy.a(stm32h7xx_hal_sai.o)
                0x0800b568                HAL_SAI_TxHalfCpltCallback
 .text.SAI_DMATxHalfCplt
                0x0800b56c        0xc ../../libDaisy//build\libdaisy.a(stm32h7xx_hal_sai.o)
 .text.SAI_DMARxCplt
                0x0800b578       0x64 ../../libDaisy//build\libdaisy.a(stm32h7xx_hal_sai.o)
 .text.SAI_DMARxHalfCplt
                0x0800b5dc        0xc ../../libDaisy//build\libdaisy.a(stm32h7xx_hal_sai.o)
 .text.HAL_SAI_ErrorCallback
                0x0800b5e8        0x4 ../../libDaisy//build\libdaisy.a(stm32h7xx_hal_sai.o)
                0x0800b5e8                HAL_SAI_ErrorCallback
 .text.SAI_DMAError
                0x0800b5ec       0x6c ../../libDaisy//build\libdaisy.a(stm32h7xx_hal_sai.o)
 .text.HAL_SDRAM_Init
                0x0800b658       0x54 ../../libDaisy//build\libdaisy.a(stm32h7xx_hal_sdram.o)
                0x0800b658                HAL_SDRAM_Init
 .text.HAL_SDRAM_SendCommand
                0x0800b6ac       0x40 ../../libDaisy//build\libdaisy.a(stm32h7xx_hal_sdram.o)
                0x0800b6ac                HAL_SDRAM_SendCommand
 .text.HAL_SDRAM_ProgramRefreshRate
                0x0800b6ec       0x30 ../../libDaisy//build\libdaisy.a(stm32h7xx_hal_sdram.o)
                0x0800b6ec                HAL_SDRAM_ProgramRefreshRate
 .text.FMC_SDRAM_Init
                0x0800b71c       0x7c ../../libDaisy//build\libdaisy.a(stm32h7xx_ll_fmc.o)
                0x0800b71c                FMC_SDRAM_Init
 .text.FMC_SDRAM_Timing_Init
                0x0800b798       0x98 ../../libDaisy//build\libdaisy.a(stm32h7xx_ll_fmc.o)
                0x0800b798                FMC_SDRAM_Timing_Init
 .text.FMC_SDRAM_SendCommand
                0x0800b830       0x28 ../../libDaisy//build\libdaisy.a(stm32h7xx_ll_fmc.o)
                0x0800b830                FMC_SDRAM_SendCommand
 .text.FMC_SDRAM_ProgramRefreshRate
                0x0800b858       0x1c ../../libDaisy//build\libdaisy.a(stm32h7xx_ll_fmc.o)
                0x0800b858                FMC_SDRAM_ProgramRefreshRate
 .text.USB_CoreInit
                0x0800b874       0xfc ../../libDaisy//build\libdaisy.a(stm32h7xx_ll_usb.o)
                0x0800b874                USB_CoreInit
 .text.USB_SetTurnaroundTime
                0x0800b970       0xf4 ../../libDaisy//build\libdaisy.a(stm32h7xx_ll_usb.o)
                0x0800b970                USB_SetTurnaroundTime
 .text.USB_EnableGlobalInt
                0x0800ba64       0x10 ../../libDaisy//build\libdaisy.a(stm32h7xx_ll_usb.o)
                0x0800ba64                USB_EnableGlobalInt
 .text.USB_DisableGlobalInt
                0x0800ba74       0x10 ../../libDaisy//build\libdaisy.a(stm32h7xx_ll_usb.o)
                0x0800ba74                USB_DisableGlobalInt
 .text.USB_SetCurrentMode
                0x0800ba84       0x30 ../../libDaisy//build\libdaisy.a(stm32h7xx_ll_usb.o)
                0x0800ba84                USB_SetCurrentMode
 .text.USB_DevInit
                0x0800bab4      0x20c ../../libDaisy//build\libdaisy.a(stm32h7xx_ll_usb.o)
                0x0800bab4                USB_DevInit
 .text.USB_FlushTxFifo
                0x0800bcc0       0x24 ../../libDaisy//build\libdaisy.a(stm32h7xx_ll_usb.o)
                0x0800bcc0                USB_FlushTxFifo
 .text.USB_GetDevSpeed
                0x0800bce4       0x18 ../../libDaisy//build\libdaisy.a(stm32h7xx_ll_usb.o)
                0x0800bce4                USB_GetDevSpeed
 .text.USB_ActivateEndpoint
                0x0800bcfc       0x90 ../../libDaisy//build\libdaisy.a(stm32h7xx_ll_usb.o)
                0x0800bcfc                USB_ActivateEndpoint
 .text.USB_DeactivateEndpoint
                0x0800bd8c       0x84 ../../libDaisy//build\libdaisy.a(stm32h7xx_ll_usb.o)
                0x0800bd8c                USB_DeactivateEndpoint
 .text.USB_EPStartXfer
                0x0800be10      0x230 ../../libDaisy//build\libdaisy.a(stm32h7xx_ll_usb.o)
                0x0800be10                USB_EPStartXfer
 .text.USB_EP0StartXfer
                0x0800c040      0x174 ../../libDaisy//build\libdaisy.a(stm32h7xx_ll_usb.o)
                0x0800c040                USB_EP0StartXfer
 .text.USB_WritePacket
                0x0800c1b4       0x2c ../../libDaisy//build\libdaisy.a(stm32h7xx_ll_usb.o)
                0x0800c1b4                USB_WritePacket
 .text.USB_ReadPacket
                0x0800c1e0       0x20 ../../libDaisy//build\libdaisy.a(stm32h7xx_ll_usb.o)
                0x0800c1e0                USB_ReadPacket
 .text.USB_EPSetStall
                0x0800c200       0x68 ../../libDaisy//build\libdaisy.a(stm32h7xx_ll_usb.o)
                0x0800c200                USB_EPSetStall
 .text.USB_EPClearStall
                0x0800c268       0x58 ../../libDaisy//build\libdaisy.a(stm32h7xx_ll_usb.o)
                0x0800c268                USB_EPClearStall
 .text.USB_SetDevAddress
                0x0800c2c0       0x24 ../../libDaisy//build\libdaisy.a(stm32h7xx_ll_usb.o)
                0x0800c2c0                USB_SetDevAddress
 .text.USB_DevConnect
                0x0800c2e4       0x1c ../../libDaisy//build\libdaisy.a(stm32h7xx_ll_usb.o)
                0x0800c2e4                USB_DevConnect
 .text.USB_DevDisconnect
                0x0800c300       0x1c ../../libDaisy//build\libdaisy.a(stm32h7xx_ll_usb.o)
                0x0800c300                USB_DevDisconnect
 .text.USB_ReadInterrupts
                0x0800c31c        0x8 ../../libDaisy//build\libdaisy.a(stm32h7xx_ll_usb.o)
                0x0800c31c                USB_ReadInterrupts
 .text.USB_ReadDevAllOutEpInterrupt
                0x0800c324       0x10 ../../libDaisy//build\libdaisy.a(stm32h7xx_ll_usb.o)
                0x0800c324                USB_ReadDevAllOutEpInterrupt
 .text.USB_ReadDevAllInEpInterrupt
                0x0800c334       0x10 ../../libDaisy//build\libdaisy.a(stm32h7xx_ll_usb.o)
                0x0800c334                USB_ReadDevAllInEpInterrupt
 .text.USB_ReadDevOutEPInterrupt
                0x0800c344       0x14 ../../libDaisy//build\libdaisy.a(stm32h7xx_ll_usb.o)
                0x0800c344                USB_ReadDevOutEPInterrupt
 .text.USB_ReadDevInEPInterrupt
                0x0800c358       0x20 ../../libDaisy//build\libdaisy.a(stm32h7xx_ll_usb.o)
                0x0800c358                USB_ReadDevInEPInterrupt
 .text.USB_GetMode
                0x0800c378        0x8 ../../libDaisy//build\libdaisy.a(stm32h7xx_ll_usb.o)
                0x0800c378                USB_GetMode
 .text.USB_ActivateSetup
                0x0800c380       0x38 ../../libDaisy//build\libdaisy.a(stm32h7xx_ll_usb.o)
                0x0800c380                USB_ActivateSetup
 .text.USB_EP0_OutStart
                0x0800c3b8       0x58 ../../libDaisy//build\libdaisy.a(stm32h7xx_ll_usb.o)
                0x0800c3b8                USB_EP0_OutStart
 .text.USB_InitFSLSPClkSel
                0x0800c410       0x44 ../../libDaisy//build\libdaisy.a(stm32h7xx_ll_usb.o)
                0x0800c410                USB_InitFSLSPClkSel
 .text.USB_HC_ReadInterrupt
                0x0800c454        0x8 ../../libDaisy//build\libdaisy.a(stm32h7xx_ll_usb.o)
                0x0800c454                USB_HC_ReadInterrupt
 .text.USB_HC_Halt
                0x0800c45c       0xb4 ../../libDaisy//build\libdaisy.a(stm32h7xx_ll_usb.o)
                0x0800c45c                USB_HC_Halt
 .text.USB_StopHost
                0x0800c510      0x184 ../../libDaisy//build\libdaisy.a(stm32h7xx_ll_usb.o)
                0x0800c510                USB_StopHost
 .text.USBD_Init
                0x0800c694       0x44 ../../libDaisy//build\libdaisy.a(usbd_core.o)
                0x0800c694                USBD_Init
 .text.USBD_RegisterClass
                0x0800c6d8       0x2c ../../libDaisy//build\libdaisy.a(usbd_core.o)
                0x0800c6d8                USBD_RegisterClass
 .text.USBD_Start
                0x0800c704        0xc ../../libDaisy//build\libdaisy.a(usbd_core.o)
                0x0800c704                USBD_Start
 .text.USBD_SetClassConfig
                0x0800c710       0x14 ../../libDaisy//build\libdaisy.a(usbd_core.o)
                0x0800c710                USBD_SetClassConfig
 .text.USBD_ClrClassConfig
                0x0800c724       0x10 ../../libDaisy//build\libdaisy.a(usbd_core.o)
                0x0800c724                USBD_ClrClassConfig
 .text.USBD_LL_SetupStage
                0x0800c734       0x5c ../../libDaisy//build\libdaisy.a(usbd_core.o)
                0x0800c734                USBD_LL_SetupStage
 .text.USBD_LL_DataOutStage
                0x0800c790       0x7c ../../libDaisy//build\libdaisy.a(usbd_core.o)
                0x0800c790                USBD_LL_DataOutStage
 .text.USBD_LL_DataInStage
                0x0800c80c       0xcc ../../libDaisy//build\libdaisy.a(usbd_core.o)
                0x0800c80c                USBD_LL_DataInStage
 .text.USBD_LL_Reset
                0x0800c8d8       0x50 ../../libDaisy//build\libdaisy.a(usbd_core.o)
                0x0800c8d8                USBD_LL_Reset
 .text.USBD_LL_SetSpeed
                0x0800c928        0x8 ../../libDaisy//build\libdaisy.a(usbd_core.o)
                0x0800c928                USBD_LL_SetSpeed
 .text.USBD_LL_Suspend
                0x0800c930       0x14 ../../libDaisy//build\libdaisy.a(usbd_core.o)
                0x0800c930                USBD_LL_Suspend
 .text.USBD_LL_Resume
                0x0800c944       0x10 ../../libDaisy//build\libdaisy.a(usbd_core.o)
                0x0800c944                USBD_LL_Resume
 .text.USBD_LL_SOF
                0x0800c954       0x1c ../../libDaisy//build\libdaisy.a(usbd_core.o)
                0x0800c954                USBD_LL_SOF
 .text.USBD_LL_IsoINIncomplete
                0x0800c970        0x4 ../../libDaisy//build\libdaisy.a(usbd_core.o)
                0x0800c970                USBD_LL_IsoINIncomplete
 .text.USBD_LL_IsoOUTIncomplete
                0x0800c974        0x4 ../../libDaisy//build\libdaisy.a(usbd_core.o)
                0x0800c974                USBD_LL_IsoOUTIncomplete
 .text.USBD_LL_DevConnected
                0x0800c978        0x4 ../../libDaisy//build\libdaisy.a(usbd_core.o)
                0x0800c978                USBD_LL_DevConnected
 .text.USBD_LL_DevDisconnected
                0x0800c97c       0x18 ../../libDaisy//build\libdaisy.a(usbd_core.o)
                0x0800c97c                USBD_LL_DevDisconnected
 .text.USBD_StdDevReq
                0x0800c994      0x304 ../../libDaisy//build\libdaisy.a(usbd_ctlreq.o)
                0x0800c994                USBD_StdDevReq
 .text.USBD_StdItfReq
                0x0800cc98       0x68 ../../libDaisy//build\libdaisy.a(usbd_ctlreq.o)
                0x0800cc98                USBD_StdItfReq
 .text.USBD_StdEPReq
                0x0800cd00      0x13c ../../libDaisy//build\libdaisy.a(usbd_ctlreq.o)
                0x0800cd00                USBD_StdEPReq
 .text.USBD_ParseSetupRequest
                0x0800ce3c       0x28 ../../libDaisy//build\libdaisy.a(usbd_ctlreq.o)
                0x0800ce3c                USBD_ParseSetupRequest
 .text.USBD_CtlError
                0x0800ce64       0x18 ../../libDaisy//build\libdaisy.a(usbd_ctlreq.o)
                0x0800ce64                USBD_CtlError
 .text.USBD_GetString
                0x0800ce7c       0x54 ../../libDaisy//build\libdaisy.a(usbd_ctlreq.o)
                0x0800ce7c                USBD_GetString
 .text.USBD_CtlSendData
                0x0800ced0       0x1c ../../libDaisy//build\libdaisy.a(usbd_ioreq.o)
                0x0800ced0                USBD_CtlSendData
 .text.USBD_CtlContinueSendData
                0x0800ceec       0x14 ../../libDaisy//build\libdaisy.a(usbd_ioreq.o)
                0x0800ceec                USBD_CtlContinueSendData
 .text.USBD_CtlPrepareRx
                0x0800cf00       0x1c ../../libDaisy//build\libdaisy.a(usbd_ioreq.o)
                0x0800cf00                USBD_CtlPrepareRx
 .text.USBD_CtlContinueRx
                0x0800cf1c       0x14 ../../libDaisy//build\libdaisy.a(usbd_ioreq.o)
                0x0800cf1c                USBD_CtlContinueRx
 .text.USBD_CtlSendStatus
                0x0800cf30       0x18 ../../libDaisy//build\libdaisy.a(usbd_ioreq.o)
                0x0800cf30                USBD_CtlSendStatus
 .text.USBD_CtlReceiveStatus
                0x0800cf48       0x18 ../../libDaisy//build\libdaisy.a(usbd_ioreq.o)
                0x0800cf48                USBD_CtlReceiveStatus
 .text.USBH_LL_IncTimer
                0x0800cf60       0x20 ../../libDaisy//build\libdaisy.a(usbh_core.o)
                0x0800cf60                USBH_LL_IncTimer
 .text.USBH_LL_PortEnabled
                0x0800cf80        0x8 ../../libDaisy//build\libdaisy.a(usbh_core.o)
                0x0800cf80                USBH_LL_PortEnabled
 .text.USBH_LL_PortDisabled
                0x0800cf88        0x8 ../../libDaisy//build\libdaisy.a(usbh_core.o)
                0x0800cf88                USBH_LL_PortDisabled
 .text.USBH_LL_Connect
                0x0800cf90       0x18 ../../libDaisy//build\libdaisy.a(usbh_core.o)
                0x0800cf90                USBH_LL_Connect
 .text.USBH_LL_Disconnect
                0x0800cfa8       0x2c ../../libDaisy//build\libdaisy.a(usbh_core.o)
                0x0800cfa8                USBH_LL_Disconnect
 .text.USBH_FreePipe
                0x0800cfd4       0x18 ../../libDaisy//build\libdaisy.a(usbh_pipes.o)
                0x0800cfd4                USBH_FreePipe
 .text.DummyRxCallback
                0x0800cfec        0x4 ../../libDaisy//build\libdaisy.a(usb.o)
                0x0800cfec                DummyRxCallback
 .text._ZN5daisy9UsbHandle4InitENS0_9UsbPeriphE
                0x0800cff0      0x10c ../../libDaisy//build\libdaisy.a(usb.o)
                0x0800cff0                daisy::UsbHandle::Init(daisy::UsbHandle::UsbPeriph)
 .text._ZN5daisy9UsbHandle18SetReceiveCallbackEPFvPhPmENS0_9UsbPeriphE
                0x0800d0fc       0x38 ../../libDaisy//build\libdaisy.a(usb.o)
                0x0800d0fc                daisy::UsbHandle::SetReceiveCallback(void (*)(unsigned char*, unsigned long*), daisy::UsbHandle::UsbPeriph)
 .text.OTG_FS_EP1_OUT_IRQHandler
                0x0800d134        0xc ../../libDaisy//build\libdaisy.a(usb.o)
                0x0800d134                OTG_FS_EP1_OUT_IRQHandler
 .text.OTG_FS_EP1_IN_IRQHandler
                0x0800d140        0xc ../../libDaisy//build\libdaisy.a(usb.o)
                0x0800d140                OTG_FS_EP1_IN_IRQHandler
 .text.OTG_FS_IRQHandler
                0x0800d14c        0xc ../../libDaisy//build\libdaisy.a(usb.o)
                0x0800d14c                OTG_FS_IRQHandler
 .text._ZN5daisy6Random4InitEv
                0x0800d158       0x3c ../../libDaisy//build\libdaisy.a(rng.o)
                0x0800d158                daisy::Random::Init()
 .text._ZN5daisy9SpiHandle4Impl7InitDmaEv
                0x0800d194       0xec ../../libDaisy//build\libdaisy.a(spi.o)
                0x0800d194                daisy::SpiHandle::Impl::InitDma()
 .text._ZN5daisy9SpiHandle4Impl10StartDmaTxEPhjPFvPvEPFvS3_NS0_6ResultEES3_
                0x0800d280       0xc8 ../../libDaisy//build\libdaisy.a(spi.o)
                0x0800d280                daisy::SpiHandle::Impl::StartDmaTx(unsigned char*, unsigned int, void (*)(void*), void (*)(void*, daisy::SpiHandle::Result), void*)
 .text._ZN5daisy9SpiHandle4Impl10StartDmaRxEPhjPFvPvEPFvS3_NS0_6ResultEES3_
                0x0800d348       0xc8 ../../libDaisy//build\libdaisy.a(spi.o)
                0x0800d348                daisy::SpiHandle::Impl::StartDmaRx(unsigned char*, unsigned int, void (*)(void*), void (*)(void*, daisy::SpiHandle::Result), void*)
 .text._ZN5daisy9SpiHandle4Impl12StartDmaRxTxEPhS2_jPFvPvEPFvS3_NS0_6ResultEES3_
                0x0800d410       0xcc ../../libDaisy//build\libdaisy.a(spi.o)
                0x0800d410                daisy::SpiHandle::Impl::StartDmaRxTx(unsigned char*, unsigned char*, unsigned int, void (*)(void*), void (*)(void*, daisy::SpiHandle::Result), void*)
 .text._ZN5daisy9SpiHandle4Impl8InitPinsEv
                0x0800d4dc      0x274 ../../libDaisy//build\libdaisy.a(spi.o)
                0x0800d4dc                daisy::SpiHandle::Impl::InitPins()
 .text.HAL_SPI_MspInit
                0x0800d750      0x1a8 ../../libDaisy//build\libdaisy.a(spi.o)
                0x0800d750                HAL_SPI_MspInit
 .text.dsy_spi_global_init
                0x0800d8f8       0x80 ../../libDaisy//build\libdaisy.a(spi.o)
                0x0800d8f8                dsy_spi_global_init
 .text.SPI1_IRQHandler
                0x0800d978        0xc ../../libDaisy//build\libdaisy.a(spi.o)
                0x0800d978                SPI1_IRQHandler
 .text.DMA2_Stream2_IRQHandler
                0x0800d984       0x34 ../../libDaisy//build\libdaisy.a(spi.o)
                0x0800d984                DMA2_Stream2_IRQHandler
 .text.DMA2_Stream3_IRQHandler
                0x0800d9b8       0x38 ../../libDaisy//build\libdaisy.a(spi.o)
                0x0800d9b8                DMA2_Stream3_IRQHandler
 .text.HAL_SPI_TxCpltCallback
                0x0800d9f0       0xc4 ../../libDaisy//build\libdaisy.a(spi.o)
                0x0800d9f0                HAL_SPI_TxCpltCallback
 .text.HAL_SPI_RxCpltCallback
                0x0800dab4       0xc4 ../../libDaisy//build\libdaisy.a(spi.o)
                0x0800dab4                HAL_SPI_RxCpltCallback
 .text.HAL_SPI_TxRxCpltCallback
                0x0800db78       0xc4 ../../libDaisy//build\libdaisy.a(spi.o)
                0x0800db78                HAL_SPI_TxRxCpltCallback
 .text.HAL_SPI_ErrorCallback
                0x0800dc3c       0xc8 ../../libDaisy//build\libdaisy.a(spi.o)
                0x0800dc3c                HAL_SPI_ErrorCallback
 .text.startup._GLOBAL__sub_I__Z19MapInstanceToHandleP11SPI_TypeDef
                0x0800dd04      0x1b0 ../../libDaisy//build\libdaisy.a(spi.o)
 .text.HAL_TIM_Base_MspInit
                0x0800deb4       0xcc ../../libDaisy//build\libdaisy.a(tim.o)
                0x0800deb4                HAL_TIM_Base_MspInit
 .text._ZN5daisy11TimerHandle4InitERKNS0_6ConfigE
                0x0800df80       0xc4 ../../libDaisy//build\libdaisy.a(tim.o)
                0x0800df80                daisy::TimerHandle::Init(daisy::TimerHandle::Config const&)
 .text._ZN5daisy11TimerHandle5StartEv
                0x0800e044       0x14 ../../libDaisy//build\libdaisy.a(tim.o)
                0x0800e044                daisy::TimerHandle::Start()
 .text.dsy_dma_init
                0x0800e058       0xf0 ../../libDaisy//build\libdaisy.a(dma.o)
                0x0800e058                dsy_dma_init
 .text.dummy_rx_callback
                0x0800e148        0x4 ../../libDaisy//build\libdaisy.a(usbd_cdc_if.o)
                0x0800e148                dummy_rx_callback
 .text.CDC_DeInit_FS
                0x0800e14c        0x4 ../../libDaisy//build\libdaisy.a(usbd_cdc_if.o)
 .text.CDC_Receive_FS
                0x0800e150       0x2c ../../libDaisy//build\libdaisy.a(usbd_cdc_if.o)
 .text.CDC_Receive_HS
                0x0800e17c       0x2c ../../libDaisy//build\libdaisy.a(usbd_cdc_if.o)
 .text.CDC_Init_FS
                0x0800e1a8       0x3c ../../libDaisy//build\libdaisy.a(usbd_cdc_if.o)
 .text.CDC_Init_HS
                0x0800e1e4       0x3c ../../libDaisy//build\libdaisy.a(usbd_cdc_if.o)
 .text.CDC_Control_FS
                0x0800e220       0x34 ../../libDaisy//build\libdaisy.a(usbd_cdc_if.o)
 .text.CDC_Control_HS
                0x0800e254       0x34 ../../libDaisy//build\libdaisy.a(usbd_cdc_if.o)
 .text.CDC_DeInit_HS
                0x0800e288        0x4 ../../libDaisy//build\libdaisy.a(usbd_cdc_if.o)
 .text.CDC_Set_Rx_Callback_FS
                0x0800e28c        0xc ../../libDaisy//build\libdaisy.a(usbd_cdc_if.o)
                0x0800e28c                CDC_Set_Rx_Callback_FS
 .text.CDC_Set_Rx_Callback_HS
                0x0800e298        0xc ../../libDaisy//build\libdaisy.a(usbd_cdc_if.o)
                0x0800e298                CDC_Set_Rx_Callback_HS
 .text.USBD_HS_DeviceDescriptor
                0x0800e2a4        0xc ../../libDaisy//build\libdaisy.a(usbd_desc.o)
                0x0800e2a4                USBD_HS_DeviceDescriptor
 .text.USBD_FS_DeviceDescriptor
                0x0800e2b0        0xc ../../libDaisy//build\libdaisy.a(usbd_desc.o)
                0x0800e2b0                USBD_FS_DeviceDescriptor
 .text.USBD_FS_LangIDStrDescriptor
                0x0800e2bc        0xc ../../libDaisy//build\libdaisy.a(usbd_desc.o)
                0x0800e2bc                USBD_FS_LangIDStrDescriptor
 .text.USBD_FS_ManufacturerStrDescriptor
                0x0800e2c8       0x1c ../../libDaisy//build\libdaisy.a(usbd_desc.o)
                0x0800e2c8                USBD_FS_ManufacturerStrDescriptor
 .text.USBD_HS_ProductStrDescriptor
                0x0800e2e4       0x1c ../../libDaisy//build\libdaisy.a(usbd_desc.o)
                0x0800e2e4                USBD_HS_ProductStrDescriptor
 .text.USBD_FS_ConfigStrDescriptor
                0x0800e300       0x1c ../../libDaisy//build\libdaisy.a(usbd_desc.o)
                0x0800e300                USBD_FS_ConfigStrDescriptor
 .text.USBD_FS_InterfaceStrDescriptor
                0x0800e31c       0x1c ../../libDaisy//build\libdaisy.a(usbd_desc.o)
                0x0800e31c                USBD_FS_InterfaceStrDescriptor
 .text.USBD_FS_ProductStrDescriptor
                0x0800e338       0x1c ../../libDaisy//build\libdaisy.a(usbd_desc.o)
                0x0800e338                USBD_FS_ProductStrDescriptor
 .text.USBD_HS_LangIDStrDescriptor
                0x0800e354        0xc ../../libDaisy//build\libdaisy.a(usbd_desc.o)
                0x0800e354                USBD_HS_LangIDStrDescriptor
 .text.USBD_HS_ManufacturerStrDescriptor
                0x0800e360       0x1c ../../libDaisy//build\libdaisy.a(usbd_desc.o)
                0x0800e360                USBD_HS_ManufacturerStrDescriptor
 .text.USBD_FS_SerialStrDescriptor
                0x0800e37c      0x124 ../../libDaisy//build\libdaisy.a(usbd_desc.o)
                0x0800e37c                USBD_FS_SerialStrDescriptor
 .text.USBD_HS_SerialStrDescriptor
                0x0800e4a0      0x124 ../../libDaisy//build\libdaisy.a(usbd_desc.o)
                0x0800e4a0                USBD_HS_SerialStrDescriptor
 .text.USBD_HS_InterfaceStrDescriptor
                0x0800e5c4       0x1c ../../libDaisy//build\libdaisy.a(usbd_desc.o)
                0x0800e5c4                USBD_HS_InterfaceStrDescriptor
 .text.USBD_HS_ConfigStrDescriptor
                0x0800e5e0       0x1c ../../libDaisy//build\libdaisy.a(usbd_desc.o)
                0x0800e5e0                USBD_HS_ConfigStrDescriptor
 .text.HAL_MDMA_Abort_IT
                0x0800e5fc       0x2c ../../libDaisy//build\libdaisy.a(stm32h7xx_hal_mdma.o)
                0x0800e5fc                HAL_MDMA_Abort_IT
 .text.SPI_CloseTransfer
                0x0800e628       0xb8 ../../libDaisy//build\libdaisy.a(stm32h7xx_hal_spi.o)
 .text.HAL_SPI_Init
                0x0800e6e0      0x15c ../../libDaisy//build\libdaisy.a(stm32h7xx_hal_spi.o)
                0x0800e6e0                HAL_SPI_Init
 .text.HAL_SPI_Transmit_DMA
                0x0800e83c      0x170 ../../libDaisy//build\libdaisy.a(stm32h7xx_hal_spi.o)
                0x0800e83c                HAL_SPI_Transmit_DMA
 .text.HAL_SPI_TransmitReceive_DMA
                0x0800e9ac      0x218 ../../libDaisy//build\libdaisy.a(stm32h7xx_hal_spi.o)
                0x0800e9ac                HAL_SPI_TransmitReceive_DMA
 .text.HAL_SPI_Receive_DMA
                0x0800ebc4      0x1b4 ../../libDaisy//build\libdaisy.a(stm32h7xx_hal_spi.o)
                0x0800ebc4                HAL_SPI_Receive_DMA
 .text.SPI_DMATransmitCplt
                0x0800ed78       0x28 ../../libDaisy//build\libdaisy.a(stm32h7xx_hal_spi.o)
 .text.SPI_DMAReceiveCplt
                0x0800eda0       0x28 ../../libDaisy//build\libdaisy.a(stm32h7xx_hal_spi.o)
 .text.SPI_DMATransmitReceiveCplt
                0x0800edc8       0x28 ../../libDaisy//build\libdaisy.a(stm32h7xx_hal_spi.o)
 .text.HAL_SPI_TxHalfCpltCallback
                0x0800edf0        0x4 ../../libDaisy//build\libdaisy.a(stm32h7xx_hal_spi.o)
                0x0800edf0                HAL_SPI_TxHalfCpltCallback
 .text.SPI_DMAHalfTransmitCplt
                0x0800edf4        0xc ../../libDaisy//build\libdaisy.a(stm32h7xx_hal_spi.o)
 .text.HAL_SPI_RxHalfCpltCallback
                0x0800ee00        0x4 ../../libDaisy//build\libdaisy.a(stm32h7xx_hal_spi.o)
                0x0800ee00                HAL_SPI_RxHalfCpltCallback
 .text.SPI_DMAHalfReceiveCplt
                0x0800ee04        0xc ../../libDaisy//build\libdaisy.a(stm32h7xx_hal_spi.o)
 .text.HAL_SPI_TxRxHalfCpltCallback
                0x0800ee10        0x4 ../../libDaisy//build\libdaisy.a(stm32h7xx_hal_spi.o)
                0x0800ee10                HAL_SPI_TxRxHalfCpltCallback
 .text.SPI_DMAHalfTransmitReceiveCplt
                0x0800ee14        0xc ../../libDaisy//build\libdaisy.a(stm32h7xx_hal_spi.o)
 .text.SPI_DMAError
                0x0800ee20       0xd8 ../../libDaisy//build\libdaisy.a(stm32h7xx_hal_spi.o)
 .text.HAL_SPI_IRQHandler
                0x0800eef8      0x23c ../../libDaisy//build\libdaisy.a(stm32h7xx_hal_spi.o)
                0x0800eef8                HAL_SPI_IRQHandler
 .text.SPI_DMAAbortOnError
                0x0800f134       0x1c ../../libDaisy//build\libdaisy.a(stm32h7xx_hal_spi.o)
 .text.HAL_SPI_GetState
                0x0800f150        0x8 ../../libDaisy//build\libdaisy.a(stm32h7xx_hal_spi.o)
                0x0800f150                HAL_SPI_GetState
 .text.HAL_TIM_Base_Init
                0x0800f158      0x140 ../../libDaisy//build\libdaisy.a(stm32h7xx_hal_tim.o)
                0x0800f158                HAL_TIM_Base_Init
 .text.HAL_TIM_Base_Start
                0x0800f298       0x34 ../../libDaisy//build\libdaisy.a(stm32h7xx_hal_tim.o)
                0x0800f298                HAL_TIM_Base_Start
 .text.HAL_TIM_ConfigClockSource
                0x0800f2cc      0x17c ../../libDaisy//build\libdaisy.a(stm32h7xx_hal_tim.o)
                0x0800f2cc                HAL_TIM_ConfigClockSource
 .text.HAL_TIMEx_MasterConfigSynchronization
                0x0800f448       0x64 ../../libDaisy//build\libdaisy.a(stm32h7xx_hal_tim_ex.o)
                0x0800f448                HAL_TIMEx_MasterConfigSynchronization
 .text.USBD_CDC_EP0_RxReady
                0x0800f4ac       0x2c ../../libDaisy//build\libdaisy.a(usbd_cdc.o)
 .text.USBD_CDC_GetFSCfgDesc
                0x0800f4d8       0x24 ../../libDaisy//build\libdaisy.a(usbd_cdc.o)
 .text.USBD_CDC_GetHSCfgDesc
                0x0800f4fc       0x24 ../../libDaisy//build\libdaisy.a(usbd_cdc.o)
 .text.USBD_CDC_GetOtherSpeedCfgDesc
                0x0800f520       0x24 ../../libDaisy//build\libdaisy.a(usbd_cdc.o)
 .text.USBD_CDC_GetDeviceQualifierDescriptor
                0x0800f544       0x10 ../../libDaisy//build\libdaisy.a(usbd_cdc.o)
                0x0800f544                USBD_CDC_GetDeviceQualifierDescriptor
 .text.USBD_CDC_DataOut
                0x0800f554       0x30 ../../libDaisy//build\libdaisy.a(usbd_cdc.o)
 .text.USBD_CDC_DataIn
                0x0800f584       0x50 ../../libDaisy//build\libdaisy.a(usbd_cdc.o)
 .text.USBD_CDC_Setup
                0x0800f5d4       0xcc ../../libDaisy//build\libdaisy.a(usbd_cdc.o)
 .text.USBD_CDC_DeInit
                0x0800f6a0       0x44 ../../libDaisy//build\libdaisy.a(usbd_cdc.o)
 .text.USBD_CDC_Init
                0x0800f6e4       0x94 ../../libDaisy//build\libdaisy.a(usbd_cdc.o)
 .text.USBD_CDC_RegisterInterface
                0x0800f778       0x10 ../../libDaisy//build\libdaisy.a(usbd_cdc.o)
                0x0800f778                USBD_CDC_RegisterInterface
 .text.USBD_CDC_SetTxBuffer
                0x0800f788       0x14 ../../libDaisy//build\libdaisy.a(usbd_cdc.o)
                0x0800f788                USBD_CDC_SetTxBuffer
 .text.USBD_CDC_SetRxBuffer
                0x0800f79c       0x10 ../../libDaisy//build\libdaisy.a(usbd_cdc.o)
                0x0800f79c                USBD_CDC_SetRxBuffer
 .text.USBD_CDC_ReceivePacket
                0x0800f7ac       0x38 ../../libDaisy//build\libdaisy.a(usbd_cdc.o)
                0x0800f7ac                USBD_CDC_ReceivePacket
 .text._ZN7daisysp10Oscillator7ProcessEv
                0x0800f7e4      0x3c4 ../../DaisySP//build\libdaisysp.a(oscillator.o)
                0x0800f7e4                daisysp::Oscillator::Process()
 .text._ZN7daisysp10Oscillator12CalcPhaseIncEf
                0x0800fba8       0x18 ../../DaisySP//build\libdaisysp.a(oscillator.o)
                0x0800fba8                daisysp::Oscillator::CalcPhaseInc(float)
 .text._ZN7daisysp23VariableShapeOscillator4InitEf
                0x0800fbc0       0xa4 ../../DaisySP//build\libdaisysp.a(variableshapeosc.o)
                0x0800fbc0                daisysp::VariableShapeOscillator::Init(float)
 .text._ZN7daisysp23VariableShapeOscillator7ProcessEv
                0x0800fc64      0x2c4 ../../DaisySP//build\libdaisysp.a(variableshapeosc.o)
                0x0800fc64                daisysp::VariableShapeOscillator::Process()
 .text._ZN7daisysp23VariableShapeOscillator7SetFreqEf
                0x0800ff28       0x20 ../../DaisySP//build\libdaisysp.a(variableshapeosc.o)
                0x0800ff28                daisysp::VariableShapeOscillator::SetFreq(float)
 .text._ZN7daisysp23VariableShapeOscillator5SetPWEf
                0x0800ff48       0x38 ../../DaisySP//build\libdaisysp.a(variableshapeosc.o)
                0x0800ff48                daisysp::VariableShapeOscillator::SetPW(float)
 .text._ZN7daisysp23VariableShapeOscillator12SetWaveshapeEf
                0x0800ff80        0x8 ../../DaisySP//build\libdaisysp.a(variableshapeosc.o)
                0x0800ff80                daisysp::VariableShapeOscillator::SetWaveshape(float)
 .text._ZN7daisysp23VariableShapeOscillator7SetSyncEb
                0x0800ff88        0x4 ../../DaisySP//build\libdaisysp.a(variableshapeosc.o)
                0x0800ff88                daisysp::VariableShapeOscillator::SetSync(bool)
 .text._ZN7daisysp23VariableShapeOscillator11SetSyncFreqEf
                0x0800ff8c       0x28 ../../DaisySP//build\libdaisysp.a(variableshapeosc.o)
                0x0800ff8c                daisysp::VariableShapeOscillator::SetSyncFreq(float)
 .text.__aeabi_atexit
                0x0800ffb4        0xa c:/users/danst/documents/daisytoolchain-0.3.3/windows/bin/../lib/gcc/arm-none-eabi/10.2.1/../../../../arm-none-eabi/lib/thumb/v7e-m+dp/hard\libstdc++_nano.a(atexit_arm.o)
                0x0800ffb4                __aeabi_atexit
 *fill*         0x0800ffbe        0x2 
 .text.powf     0x0800ffc0      0x328 c:/users/danst/documents/daisytoolchain-0.3.3/windows/bin/../lib/gcc/arm-none-eabi/10.2.1/../../../../arm-none-eabi/lib/thumb/v7e-m+dp/hard\libm.a(lib_a-sf_pow.o)
                0x0800ffc0                powf
 .text.sinf     0x080102e8      0x20c c:/users/danst/documents/daisytoolchain-0.3.3/windows/bin/../lib/gcc/arm-none-eabi/10.2.1/../../../../arm-none-eabi/lib/thumb/v7e-m+dp/hard\libm.a(lib_a-sinf.o)
                0x080102e8                sinf
 .text.fmodf    0x080104f4       0x54 c:/users/danst/documents/daisytoolchain-0.3.3/windows/bin/../lib/gcc/arm-none-eabi/10.2.1/../../../../arm-none-eabi/lib/thumb/v7e-m+dp/hard\libm.a(lib_a-wf_fmod.o)
                0x080104f4                fmodf
 .text.__ieee754_fmodf
                0x08010548      0x120 c:/users/danst/documents/daisytoolchain-0.3.3/windows/bin/../lib/gcc/arm-none-eabi/10.2.1/../../../../arm-none-eabi/lib/thumb/v7e-m+dp/hard\libm.a(lib_a-ef_fmod.o)
                0x08010548                __ieee754_fmodf
 .text.with_errnof
                0x08010668       0x18 c:/users/danst/documents/daisytoolchain-0.3.3/windows/bin/../lib/gcc/arm-none-eabi/10.2.1/../../../../arm-none-eabi/lib/thumb/v7e-m+dp/hard\libm.a(lib_a-math_errf.o)
 .text.xflowf   0x08010680       0x20 c:/users/danst/documents/daisytoolchain-0.3.3/windows/bin/../lib/gcc/arm-none-eabi/10.2.1/../../../../arm-none-eabi/lib/thumb/v7e-m+dp/hard\libm.a(lib_a-math_errf.o)
 .text.__math_uflowf
                0x080106a0        0xc c:/users/danst/documents/daisytoolchain-0.3.3/windows/bin/../lib/gcc/arm-none-eabi/10.2.1/../../../../arm-none-eabi/lib/thumb/v7e-m+dp/hard\libm.a(lib_a-math_errf.o)
                0x080106a0                __math_uflowf
 .text.__math_may_uflowf
                0x080106ac        0xc c:/users/danst/documents/daisytoolchain-0.3.3/windows/bin/../lib/gcc/arm-none-eabi/10.2.1/../../../../arm-none-eabi/lib/thumb/v7e-m+dp/hard\libm.a(lib_a-math_errf.o)
                0x080106ac                __math_may_uflowf
 .text.__math_oflowf
                0x080106b8        0xc c:/users/danst/documents/daisytoolchain-0.3.3/windows/bin/../lib/gcc/arm-none-eabi/10.2.1/../../../../arm-none-eabi/lib/thumb/v7e-m+dp/hard\libm.a(lib_a-math_errf.o)
                0x080106b8                __math_oflowf
 .text.__math_divzerof
                0x080106c4       0x24 c:/users/danst/documents/daisytoolchain-0.3.3/windows/bin/../lib/gcc/arm-none-eabi/10.2.1/../../../../arm-none-eabi/lib/thumb/v7e-m+dp/hard\libm.a(lib_a-math_errf.o)
                0x080106c4                __math_divzerof
 .text.__math_invalidf
                0x080106e8       0x20 c:/users/danst/documents/daisytoolchain-0.3.3/windows/bin/../lib/gcc/arm-none-eabi/10.2.1/../../../../arm-none-eabi/lib/thumb/v7e-m+dp/hard\libm.a(lib_a-math_errf.o)
                0x080106e8                __math_invalidf
 .text.calloc   0x08010708       0x10 c:/users/danst/documents/daisytoolchain-0.3.3/windows/bin/../lib/gcc/arm-none-eabi/10.2.1/../../../../arm-none-eabi/lib/thumb/v7e-m+dp/hard\libc_nano.a(lib_a-calloc.o)
                0x08010708                calloc
 .text.__cxa_atexit
                0x08010718       0x1c c:/users/danst/documents/daisytoolchain-0.3.3/windows/bin/../lib/gcc/arm-none-eabi/10.2.1/../../../../arm-none-eabi/lib/thumb/v7e-m+dp/hard\libc_nano.a(lib_a-cxa_atexit.o)
                0x08010718                __cxa_atexit
 .text.__errno  0x08010734        0xc c:/users/danst/documents/daisytoolchain-0.3.3/windows/bin/../lib/gcc/arm-none-eabi/10.2.1/../../../../arm-none-eabi/lib/thumb/v7e-m+dp/hard\libc_nano.a(lib_a-errno.o)
                0x08010734                __errno
 .text.__libc_init_array
                0x08010740       0x48 c:/users/danst/documents/daisytoolchain-0.3.3/windows/bin/../lib/gcc/arm-none-eabi/10.2.1/../../../../arm-none-eabi/lib/thumb/v7e-m+dp/hard\libc_nano.a(lib_a-init.o)
                0x08010740                __libc_init_array
 .text.free     0x08010788       0x10 c:/users/danst/documents/daisytoolchain-0.3.3/windows/bin/../lib/gcc/arm-none-eabi/10.2.1/../../../../arm-none-eabi/lib/thumb/v7e-m+dp/hard\libc_nano.a(lib_a-malloc.o)
                0x08010788                free
 .text.memcpy   0x08010798       0x1c c:/users/danst/documents/daisytoolchain-0.3.3/windows/bin/../lib/gcc/arm-none-eabi/10.2.1/../../../../arm-none-eabi/lib/thumb/v7e-m+dp/hard\libc_nano.a(lib_a-memcpy-stub.o)
                0x08010798                memcpy
 .text.memset   0x080107b4       0x10 c:/users/danst/documents/daisytoolchain-0.3.3/windows/bin/../lib/gcc/arm-none-eabi/10.2.1/../../../../arm-none-eabi/lib/thumb/v7e-m+dp/hard\libc_nano.a(lib_a-memset.o)
                0x080107b4                memset
 .text._calloc_r
                0x080107c4       0x1e c:/users/danst/documents/daisytoolchain-0.3.3/windows/bin/../lib/gcc/arm-none-eabi/10.2.1/../../../../arm-none-eabi/lib/thumb/v7e-m+dp/hard\libc_nano.a(lib_a-nano-callocr.o)
                0x080107c4                _calloc_r
 *fill*         0x080107e2        0x2 
 .text._free_r  0x080107e4       0x98 c:/users/danst/documents/daisytoolchain-0.3.3/windows/bin/../lib/gcc/arm-none-eabi/10.2.1/../../../../arm-none-eabi/lib/thumb/v7e-m+dp/hard\libc_nano.a(lib_a-nano-freer.o)
                0x080107e4                _free_r
 .text._malloc_r
                0x0801087c       0xb4 c:/users/danst/documents/daisytoolchain-0.3.3/windows/bin/../lib/gcc/arm-none-eabi/10.2.1/../../../../arm-none-eabi/lib/thumb/v7e-m+dp/hard\libc_nano.a(lib_a-nano-mallocr.o)
                0x0801087c                _malloc_r
 .text.printf   0x08010930       0x30 c:/users/danst/documents/daisytoolchain-0.3.3/windows/bin/../lib/gcc/arm-none-eabi/10.2.1/../../../../arm-none-eabi/lib/thumb/v7e-m+dp/hard\libc_nano.a(lib_a-printf.o)