Archive member included to satisfy reference by file (symbol)

../../libDaisy//build\libdaisy.a(daisy_seed.o)
                              build/2Cats1Bag.o (daisy::DaisySeed::Configure())
../../libDaisy//build\libdaisy.a(codec_ak4556.o)
                              ../../libDaisy//build\libdaisy.a(daisy_seed.o) (daisy::Ak4556::Init(dsy_gpio_pin))
../../libDaisy//build\libdaisy.a(codec_wm8731.o)
                              ../../libDaisy//build\libdaisy.a(daisy_seed.o) (daisy::Wm8731::Init(daisy::Wm8731::Config const&, daisy::I2CHandle))
../../libDaisy//build\libdaisy.a(sdram.o)
                              ../../libDaisy//build\libdaisy.a(daisy_seed.o) (SdramHandle::Init())
../../libDaisy//build\libdaisy.a(audio.o)
                              ../../libDaisy//build\libdaisy.a(daisy_seed.o) (daisy::AudioHandle::Init(daisy::AudioHandle::Config const&, daisy::SaiHandle))
../../libDaisy//build\libdaisy.a(switch.o)
                              build/2Cats1Bag.o (daisy::Switch::Init(dsy_gpio_pin, float))
../../libDaisy//build\libdaisy.a(usb_midi.o)
                              build/2Cats1Bag.o (daisy::MidiUsbTransport::Init(daisy::MidiUsbTransport::Config))
../../libDaisy//build\libdaisy.a(adc.o)
                              build/2Cats1Bag.o (daisy::AdcChannelConfig::InitSingle(dsy_gpio_pin))
../../libDaisy//build\libdaisy.a(gpio.o)
                              ../../libDaisy//build\libdaisy.a(daisy_seed.o) (dsy_gpio_init)
../../libDaisy//build\libdaisy.a(i2c.o)
                              ../../libDaisy//build\libdaisy.a(daisy_seed.o) (daisy::I2CHandle::Init(daisy::I2CHandle::Config const&))
../../libDaisy//build\libdaisy.a(qspi.o)
                              ../../libDaisy//build\libdaisy.a(daisy_seed.o) (daisy::QSPIHandle::Init(daisy::QSPIHandle::Config const&))
../../libDaisy//build\libdaisy.a(sai.o)
                              ../../libDaisy//build\libdaisy.a(daisy_seed.o) (daisy::SaiHandle::Init(daisy::SaiHandle::Config const&))
../../libDaisy//build\libdaisy.a(system.o)
                              ../../libDaisy//build\libdaisy.a(daisy_seed.o) (daisy::System::DeInit())
../../libDaisy//build\libdaisy.a(system_stm32h7xx.o)
                              build/startup_stm32h750xx.o (SystemInit)
../../libDaisy//build\libdaisy.a(usbd_conf.o)
                              ../../libDaisy//build\libdaisy.a(system.o) (hpcd_USB_OTG_HS)
../../libDaisy//build\libdaisy.a(usbh_conf.o)
                              ../../libDaisy//build\libdaisy.a(system.o) (hhcd_USB_OTG_HS)
../../libDaisy//build\libdaisy.a(hal_map.o)
                              ../../libDaisy//build\libdaisy.a(gpio.o) (dsy_hal_map_get_port)
../../libDaisy//build\libdaisy.a(stm32h7xx_hal.o)
                              ../../libDaisy//build\libdaisy.a(system.o) (HAL_Init)
../../libDaisy//build\libdaisy.a(stm32h7xx_hal_adc.o)
                              ../../libDaisy//build\libdaisy.a(adc.o) (HAL_ADC_ConfigChannel)
../../libDaisy//build\libdaisy.a(stm32h7xx_hal_adc_ex.o)
                              ../../libDaisy//build\libdaisy.a(adc.o) (HAL_ADCEx_Calibration_Start)
../../libDaisy//build\libdaisy.a(stm32h7xx_hal_cortex.o)
                              ../../libDaisy//build\libdaisy.a(stm32h7xx_hal.o) (HAL_NVIC_SetPriorityGrouping)
../../libDaisy//build\libdaisy.a(stm32h7xx_hal_dma.o)
                              ../../libDaisy//build\libdaisy.a(adc.o) (HAL_DMA_Init)
../../libDaisy//build\libdaisy.a(stm32h7xx_hal_gpio.o)
                              ../../libDaisy//build\libdaisy.a(sdram.o) (HAL_GPIO_Init)
../../libDaisy//build\libdaisy.a(stm32h7xx_hal_hcd.o)
                              ../../libDaisy//build\libdaisy.a(usbh_conf.o) (HAL_HCD_HC_Init)
../../libDaisy//build\libdaisy.a(stm32h7xx_hal_i2c.o)
                              ../../libDaisy//build\libdaisy.a(i2c.o) (HAL_I2C_Init)
../../libDaisy//build\libdaisy.a(stm32h7xx_hal_i2c_ex.o)
                              ../../libDaisy//build\libdaisy.a(i2c.o) (HAL_I2CEx_ConfigAnalogFilter)
../../libDaisy//build\libdaisy.a(stm32h7xx_hal_pcd.o)
                              ../../libDaisy//build\libdaisy.a(usbd_conf.o) (HAL_PCD_Init)
../../libDaisy//build\libdaisy.a(stm32h7xx_hal_pcd_ex.o)
                              ../../libDaisy//build\libdaisy.a(usbd_conf.o) (HAL_PCDEx_SetTxFiFo)
../../libDaisy//build\libdaisy.a(stm32h7xx_hal_pwr_ex.o)
                              ../../libDaisy//build\libdaisy.a(system.o) (HAL_PWREx_ConfigSupply)
../../libDaisy//build\libdaisy.a(stm32h7xx_hal_qspi.o)
                              ../../libDaisy//build\libdaisy.a(qspi.o) (HAL_QSPI_Init)
../../libDaisy//build\libdaisy.a(stm32h7xx_hal_rcc.o)
                              ../../libDaisy//build\libdaisy.a(system.o) (HAL_RCC_OscConfig)
../../libDaisy//build\libdaisy.a(stm32h7xx_hal_rcc_ex.o)
                              ../../libDaisy//build\libdaisy.a(system.o) (HAL_RCCEx_PeriphCLKConfig)
../../libDaisy//build\libdaisy.a(stm32h7xx_hal_sai.o)
[...]
Memory Configuration

Name             Origin             Length             Attributes
FLASH            0x08000000         0x00020000         xr
DTCMRAM          0x20000000         0x00020000         xrw
SRAM             0x24000000         0x00080000         xrw
RAM_D2           0x30000000         0x00048000         xrw
RAM_D3           0x38000000         0x00010000         xrw
ITCMRAM          0x00000000         0x00010000         xrw
SDRAM            0xc0000000         0x04000000         xrw
QSPIFLASH        0x90000000         0x00800000         xr
*default*        0x00000000         0xffffffff

Linker script and memory map

LOAD c:/users/danst/documents/daisytoolchain-0.3.3/windows/bin/../lib/gcc/arm-none-eabi/10.2.1/thumb/v7e-m+dp/hard/crti.o
LOAD c:/users/danst/documents/daisytoolchain-0.3.3/windows/bin/../lib/gcc/arm-none-eabi/10.2.1/thumb/v7e-m+dp/hard/crtbegin.o
LOAD c:/users/danst/documents/daisytoolchain-0.3.3/windows/bin/../lib/gcc/arm-none-eabi/10.2.1/../../../../arm-none-eabi/lib/thumb/v7e-m+dp/hard/crt0.o
LOAD build/startup_stm32h750xx.o
LOAD build/2Cats1Bag.o
LOAD build/wavefolder.o
LOAD ../../libDaisy//build\libdaisy.a
LOAD c:/users/danst/documents/daisytoolchain-0.3.3/windows/bin/../lib/gcc/arm-none-eabi/10.2.1/../../../../arm-none-eabi/lib/thumb/v7e-m+dp/hard\libnosys.a
LOAD ../../DaisySP//build\libdaisysp.a
LOAD c:/users/danst/documents/daisytoolchain-0.3.3/windows/bin/../lib/gcc/arm-none-eabi/10.2.1/../../../../arm-none-eabi/lib/thumb/v7e-m+dp/hard\libstdc++_nano.a
LOAD c:/users/danst/documents/daisytoolchain-0.3.3/windows/bin/../lib/gcc/arm-none-eabi/10.2.1/../../../../arm-none-eabi/lib/thumb/v7e-m+dp/hard\libm.a
LOAD c:/users/danst/documents/daisytoolchain-0.3.3/windows/bin/../lib/gcc/arm-none-eabi/10.2.1/../../../../arm-none-eabi/lib/thumb/v7e-m+dp/hard\libc_nano.a
START GROUP
LOAD c:/users/danst/documents/daisytoolchain-0.3.3/windows/bin/../lib/gcc/arm-none-eabi/10.2.1/thumb/v7e-m+dp/hard\libgcc.a
LOAD c:/users/danst/documents/daisytoolchain-0.3.3/windows/bin/../lib/gcc/arm-none-eabi/10.2.1/../../../../arm-none-eabi/lib/thumb/v7e-m+dp/hard\libc_nano.a
END GROUP
START GROUP
LOAD c:/users/danst/documents/daisytoolchain-0.3.3/windows/bin/../lib/gcc/arm-none-eabi/10.2.1/thumb/v7e-m+dp/hard\libgcc.a
LOAD c:/users/danst/documents/daisytoolchain-0.3.3/windows/bin/../lib/gcc/arm-none-eabi/10.2.1/../../../../arm-none-eabi/lib/thumb/v7e-m+dp/hard\libc_nano.a
LOAD c:/users/danst/documents/daisytoolchain-0.3.3/windows/bin/../lib/gcc/arm-none-eabi/10.2.1/../../../../arm-none-eabi/lib/thumb/v7e-m+dp/hard\libnosys.a
END GROUP
START GROUP
LOAD c:/users/danst/documents/daisytoolchain-0.3.3/windows/bin/../lib/gcc/arm-none-eabi/10.2.1/thumb/v7e-m+dp/hard\libgcc.a
LOAD c:/users/danst/documents/daisytoolchain-0.3.3/windows/bin/../lib/gcc/arm-none-eabi/10.2.1/../../../../arm-none-eabi/lib/thumb/v7e-m+dp/hard\libc_nano.a
LOAD c:/users/danst/documents/daisytoolchain-0.3.3/windows/bin/../lib/gcc/arm-none-eabi/10.2.1/../../../../arm-none-eabi/lib/thumb/v7e-m+dp/hard\libnosys.a
END GROUP
LOAD c:/users/danst/documents/daisytoolchain-0.3.3/windows/bin/../lib/gcc/arm-none-eabi/10.2.1/thumb/v7e-m+dp/hard/crtend.o
LOAD c:/users/danst/documents/daisytoolchain-0.3.3/windows/bin/../lib/gcc/arm-none-eabi/10.2.1/thumb/v7e-m+dp/hard/crtn.o
                0x20020000                _estack = 0x20020000

.isr_vector     0x08000000      0x298
                0x08000000                . = ALIGN (0x4)
 *(.isr_vector)
 .isr_vector    0x08000000      0x298 build/startup_stm32h750xx.o
                0x08000000                g_pfnVectors
                0x08000298                . = ALIGN (0x4)

.text           0x080002a0    0x11a48
                0x080002a0                . = ALIGN (0x4)
                0x080002a0                _stext = .
 *(.text)
 .text          0x080002a0       0x40 c:/users/danst/documents/daisytoolchain-0.3.3/windows/bin/../lib/gcc/arm-none-eabi/10.2.1/thumb/v7e-m+dp/hard/crtbegin.o
 .text          0x080002e0       0xa0 c:/users/danst/documents/daisytoolchain-0.3.3/windows/bin/../lib/gcc/arm-none-eabi/10.2.1/../../../../arm-none-eabi/lib/thumb/v7e-m+dp/hard\libc_nano.a(lib_a-memchr.o)
                0x080002e0                memchr
 .text          0x08000380      0x378 c:/users/danst/documents/daisytoolchain-0.3.3/windows/bin/../lib/gcc/arm-none-eabi/10.2.1/thumb/v7e-m+dp/hard\libgcc.a(_arm_addsubdf3.o)
                0x08000380                __aeabi_drsub
                0x08000388                __aeabi_dsub
                0x08000388                __subdf3
                0x0800038c                __aeabi_dadd
                0x0800038c                __adddf3
                0x08000604                __floatunsidf
                0x08000604                __aeabi_ui2d
                0x08000624                __floatsidf
                0x08000624                __aeabi_i2d
                0x08000648                __aeabi_f2d
                0x08000648                __extendsfdf2
                0x0800068c                __floatundidf
                0x0800068c                __aeabi_ul2d
                0x0800069c                __floatdidf
                0x0800069c                __aeabi_l2d
 *(.text*)
 .text.Default_Handler
                0x080006f8        0x4 build/startup_stm32h750xx.o
                0x080006f8                RTC_Alarm_IRQHandler
                0x080006f8                HASH_RNG_IRQHandler
                0x080006f8                EXTI2_IRQHandler
                0x080006f8                TIM8_CC_IRQHandler
                0x080006f8                HRTIM1_Master_IRQHandler
                0x080006f8                DebugMon_Handler
                0x080006f8                UART8_IRQHandler
                0x080006f8                SPI4_IRQHandler
                0x080006f8                TIM1_CC_IRQHandler
                0x080006f8                BDMA_Channel6_IRQHandler
                0x080006f8                DMA2_Stream5_IRQHandler
                0x080006f8                HRTIM1_FLT_IRQHandler
                0x080006f8                JPEG_IRQHandler
                0x080006f8                DMA1_Stream5_IRQHandler
                0x080006f8                BDMA_Channel1_IRQHandler
                0x080006f8                HRTIM1_TIMD_IRQHandler
                0x080006f8                TAMP_STAMP_IRQHandler
                0x080006f8                PendSV_Handler
                0x080006f8                NMI_Handler
                0x080006f8                EXTI3_IRQHandler
                0x080006f8                LPTIM4_IRQHandler
                0x080006f8                TIM8_TRG_COM_TIM14_IRQHandler
                0x080006f8                LPTIM2_IRQHandler
                0x080006f8                DFSDM1_FLT1_IRQHandler
                0x080006f8                DMAMUX2_OVR_IRQHandler
                0x080006f8                TIM8_UP_TIM13_IRQHandler
                0x080006f8                I2C3_ER_IRQHandler
                0x080006f8                DFSDM1_FLT2_IRQHandler
                0x080006f8                MDMA_IRQHandler
                0x080006f8                LPTIM3_IRQHandler
                0x080006f8                HSEM1_IRQHandler
                0x080006f8                EXTI0_IRQHandler
                0x080006f8                FPU_IRQHandler
                0x080006f8                OTG_HS_WKUP_IRQHandler
                0x080006f8                FDCAN1_IT1_IRQHandler
                0x080006f8                UsageFault_Handler
                0x080006f8                LTDC_ER_IRQHandler
                0x080006f8                HRTIM1_TIME_IRQHandler
                0x080006f8                TIM6_DAC_IRQHandler
                0x080006f8                DCMI_IRQHandler
                0x080006f8                HRTIM1_TIMC_IRQHandler
                0x080006f8                SAI2_IRQHandler
                0x080006f8                DFSDM1_FLT3_IRQHandler
                0x080006f8                USART6_IRQHandler
                0x080006f8                TIM17_IRQHandler
                0x080006f8                USART3_IRQHandler
                0x080006f8                CRYP_IRQHandler
                0x080006f8                BDMA_Channel7_IRQHandler
                0x080006f8                LPTIM5_IRQHandler
                0x080006f8                UART5_IRQHandler
                0x080006f8                ADC3_IRQHandler
                0x080006f8                DMA2_Stream0_IRQHandler
                0x080006f8                TIM4_IRQHandler
                0x080006f8                BDMA_Channel2_IRQHandler
                0x080006f8                DMAMUX1_OVR_IRQHandler
                0x080006f8                TIM16_IRQHandler
                0x080006f8                UART4_IRQHandler
                0x080006f8                BDMA_Channel5_IRQHandler
                0x080006f8                TIM3_IRQHandler
                0x080006f8                RCC_IRQHandler
                0x080006f8                TIM8_BRK_TIM12_IRQHandler
                0x080006f8                TIM1_TRG_COM_IRQHandler
                0x080006f8                Default_Handler
                0x080006f8                ECC_IRQHandler
                0x080006f8                CEC_IRQHandler
                0x080006f8                EXTI15_10_IRQHandler
                0x080006f8                BDMA_Channel0_IRQHandler
                0x080006f8                ADC_IRQHandler
                0x080006f8                DMA1_Stream7_IRQHandler
                0x080006f8                HRTIM1_TIMA_IRQHandler
                0x080006f8                SPI5_IRQHandler
                0x080006f8                TIM7_IRQHandler
                0x080006f8                SDMMC1_IRQHandler
                0x080006f8                TIM5_IRQHandler
                0x080006f8                DMA2_Stream7_IRQHandler
                0x080006f8                TIM15_IRQHandler
                0x080006f8                PVD_AVD_IRQHandler
                0x080006f8                EXTI9_5_IRQHandler
                0x080006f8                RTC_WKUP_IRQHandler
                0x080006f8                LTDC_IRQHandler
                0x080006f8                SAI3_IRQHandler
                0x080006f8                ETH_WKUP_IRQHandler
                0x080006f8                SPDIF_RX_IRQHandler
                0x080006f8                SPI2_IRQHandler
                0x080006f8                MemManage_Handler
                0x080006f8                SVC_Handler
                0x080006f8                CRS_IRQHandler
                0x080006f8                EXTI4_IRQHandler
                0x080006f8                HRTIM1_TIMB_IRQHandler
                0x080006f8                FDCAN2_IT1_IRQHandler
                0x080006f8                ETH_IRQHandler
                0x080006f8                TIM1_UP_IRQHandler
                0x080006f8                BDMA_Channel4_IRQHandler
                0x080006f8                WWDG_IRQHandler
                0x080006f8                SPI6_IRQHandler
                0x080006f8                I2C4_EV_IRQHandler
                0x080006f8                MDIOS_IRQHandler
                0x080006f8                FDCAN2_IT0_IRQHandler
                0x080006f8                LPUART1_IRQHandler
                0x080006f8                FDCAN1_IT0_IRQHandler
                0x080006f8                TIM2_IRQHandler
                0x080006f8                OTG_FS_WKUP_IRQHandler
                0x080006f8                DMA2D_IRQHandler
                0x080006f8                TIM1_BRK_IRQHandler
                0x080006f8                EXTI1_IRQHandler
                0x080006f8                SDMMC2_IRQHandler
                0x080006f8                BDMA_Channel3_IRQHandler
                0x080006f8                UART7_IRQHandler
                0x080006f8                MDIOS_WKUP_IRQHandler
                0x080006f8                USART2_IRQHandler
                0x080006f8                DFSDM1_FLT0_IRQHandler
                0x080006f8                SAI4_IRQHandler
                0x080006f8                I2C2_ER_IRQHandler
                0x080006f8                DMA2_Stream1_IRQHandler
                0x080006f8                FLASH_IRQHandler
                0x080006f8                DMA2_Stream4_IRQHandler
                0x080006f8                BusFault_Handler
                0x080006f8                USART1_IRQHandler
                0x080006f8                SPI3_IRQHandler
                0x080006f8                WAKEUP_PIN_IRQHandler
                0x080006f8                I2C1_ER_IRQHandler
                0x080006f8                FMC_IRQHandler
                0x080006f8                FDCAN_CAL_IRQHandler
                0x080006f8                SWPMI1_IRQHandler
                0x080006f8                COMP1_IRQHandler
                0x080006f8                LPTIM1_IRQHandler
                0x080006f8                I2C4_ER_IRQHandler
                0x080006f8                DMA2_Stream6_IRQHandler
                0x080006f8                SAI1_IRQHandler
 .text.Reset_Handler
                0x080006fc       0x44 build/startup_stm32h750xx.o
                0x080006fc                Reset_Handler
 .text._ZN5daisy6SwitchD2Ev
                0x08000740        0x4 build/2Cats1Bag.o
                0x08000740                daisy::Switch::~Switch()
                0x08000740                daisy::Switch::~Switch()
 .text._ZN5daisy9DaisySeedD2Ev
                0x08000744        0x4 build/2Cats1Bag.o
                0x08000744                daisy::DaisySeed::~DaisySeed()
                0x08000744                daisy::DaisySeed::~DaisySeed()
 .text._ZN7daisysp10OscillatorD2Ev
                0x08000748        0x4 build/2Cats1Bag.o
                0x08000748                daisysp::Oscillator::~Oscillator()
                0x08000748                daisysp::Oscillator::~Oscillator()
 .text._ZN7daisysp23VariableShapeOscillatorD2Ev
                0x0800074c        0x4 build/2Cats1Bag.o
                0x0800074c                daisysp::VariableShapeOscillator::~VariableShapeOscillator()
                0x0800074c                daisysp::VariableShapeOscillator::~VariableShapeOscillator()
 .text._ZN7daisysp10WavefolderD2Ev
                0x08000750        0x4 build/2Cats1Bag.o
                0x08000750                daisysp::Wavefolder::~Wavefolder()
                0x08000750                daisysp::Wavefolder::~Wavefolder()
 .text._ZN5daisy11MidiHandlerINS_16MidiUsbTransportEED2Ev
                0x08000754        0x4 build/2Cats1Bag.o
                0x08000754                daisy::MidiHandler<daisy::MidiUsbTransport>::~MidiHandler()
                0x08000754                daisy::MidiHandler<daisy::MidiUsbTransport>::~MidiHandler()
 .text._Z13AudioCallbackPKPKfPPfj
                0x08000758       0xc4 build/2Cats1Bag.o
                0x08000758                AudioCallback(float const* const*, float**, unsigned int)
 .text._Z11handleKnobsv
                0x0800081c       0x9c build/2Cats1Bag.o
                0x0800081c                handleKnobs()
 .text._Z19setPrimaryFrequencyv
                0x080008b8       0xa8 build/2Cats1Bag.o
                0x080008b8                setPrimaryFrequency()
 .text._Z21setModulatorFrequencyv
                0x08000960       0xf4 build/2Cats1Bag.o
                0x08000960                setModulatorFrequency()
 .text._ZN5daisy11MidiHandlerINS_16MidiUsbTransportEE5ParseEh
                0x08000a54      0x2a0 build/2Cats1Bag.o
                0x08000a54                daisy::MidiHandler<daisy::MidiUsbTransport>::Parse(unsigned char)
 .text._Z10handleMidiv
                0x08000cf4       0xcc build/2Cats1Bag.o
                0x08000cf4                handleMidi()
 .text.startup.main
                0x08000dc0      0x284 build/2Cats1Bag.o
                0x08000dc0                main
 .text.startup._GLOBAL__sub_I_hw
                0x08001044       0xc0 build/2Cats1Bag.o
 .text._ZN7daisysp10Wavefolder7SetGainEf
                0x08001104        0x8 build/wavefolder.o
                0x08001104                daisysp::Wavefolder::SetGain(float)
 .text._ZN7daisysp10Wavefolder7ProcessEf
                0x0800110c       0x40 build/wavefolder.o
                0x0800110c                daisysp::Wavefolder::Process(float)
 .text._ZN5daisy9DaisySeed9ConfigureEv
                0x0800114c        0x4 ../../libDaisy//build\libdaisy.a(daisy_seed.o)
                0x0800114c                daisy::DaisySeed::Configure()
 .text._ZN5daisy9DaisySeed6GetPinEh
                0x08001150       0x2c ../../libDaisy//build\libdaisy.a(daisy_seed.o)
                0x08001150                daisy::DaisySeed::GetPin(unsigned char)
 .text._ZN5daisy9DaisySeed10StartAudioEPFvPKPKfPPfjE
                0x0800117c        0x8 ../../libDaisy//build\libdaisy.a(daisy_seed.o)
                0x0800117c                daisy::DaisySeed::StartAudio(void (*)(float const* const*, float**, unsigned int))
 .text._ZN5daisy9DaisySeed18SetAudioSampleRateENS_9SaiHandle6Config10SampleRateE
                0x08001184       0x38 ../../libDaisy//build\libdaisy.a(daisy_seed.o)
                0x08001184                daisy::DaisySeed::SetAudioSampleRate(daisy::SaiHandle::Config::SampleRate)
 .text._ZN5daisy9DaisySeed15AudioSampleRateEv
                0x080011bc        0x8 ../../libDaisy//build\libdaisy.a(daisy_seed.o)
                0x080011bc                daisy::DaisySeed::AudioSampleRate()
 .text._ZN5daisy9DaisySeed14ConfigureAudioEv
                0x080011c4       0xd0 ../../libDaisy//build\libdaisy.a(daisy_seed.o)
                0x080011c4                daisy::DaisySeed::ConfigureAudio()
 .text._ZN5daisy9DaisySeed4InitEb
                0x08001294       0xf0 ../../libDaisy//build\libdaisy.a(daisy_seed.o)
                0x08001294                daisy::DaisySeed::Init(bool)
 .text._ZN5daisy6Ak45564InitE12dsy_gpio_pin
                0x08001384       0x44 ../../libDaisy//build\libdaisy.a(codec_ak4556.o)
                0x08001384                daisy::Ak4556::Init(dsy_gpio_pin)
 .text._ZN5daisy6Wm873120WriteControlRegisterEht
                0x080013c8       0x3c ../../libDaisy//build\libdaisy.a(codec_wm8731.o)
                0x080013c8                daisy::Wm8731::WriteControlRegister(unsigned char, unsigned short)
 .text._ZN5daisy6Wm87314InitERKNS0_6ConfigENS_9I2CHandleE
                0x08001404      0x1bc ../../libDaisy//build\libdaisy.a(codec_wm8731.o)
                0x08001404                daisy::Wm8731::Init(daisy::Wm8731::Config const&, daisy::I2CHandle)
 .text._ZN11SdramHandle10DeviceInitEv
                0x080015c0       0x98 ../../libDaisy//build\libdaisy.a(sdram.o)
                0x080015c0                SdramHandle::DeviceInit()
 .text._ZN11SdramHandle4InitEv
                0x08001658       0x7c ../../libDaisy//build\libdaisy.a(sdram.o)
                0x08001658                SdramHandle::Init()
 .text.HAL_SDRAM_MspInit
                0x080016d4      0x1a8 ../../libDaisy//build\libdaisy.a(sdram.o)
                0x080016d4                HAL_SDRAM_MspInit
 .text._ZN5daisy11AudioHandle4Impl16InternalCallbackEPlS2_j
                0x0800187c      0xbbc ../../libDaisy//build\libdaisy.a(audio.o)
                0x0800187c                daisy::AudioHandle::Impl::InternalCallback(long*, long*, unsigned int)
 .text._ZN5daisy11AudioHandle4InitERKNS0_6ConfigENS_9SaiHandleE
                0x08002438       0x64 ../../libDaisy//build\libdaisy.a(audio.o)
                0x08002438                daisy::AudioHandle::Init(daisy::AudioHandle::Config const&, daisy::SaiHandle)
 .text._ZNK5daisy11AudioHandle9GetConfigEv
                0x0800249c        0x8 ../../libDaisy//build\libdaisy.a(audio.o)
                0x0800249c                daisy::AudioHandle::GetConfig() const
 .text._ZN5daisy11AudioHandle13GetSampleRateEv
                0x080024a4        0x8 ../../libDaisy//build\libdaisy.a(audio.o)
                0x080024a4                daisy::AudioHandle::GetSampleRate()
 .text._ZN5daisy11AudioHandle13SetSampleRateENS_9SaiHandle6Config10SampleRateE
                0x080024ac       0x88 ../../libDaisy//build\libdaisy.a(audio.o)
                0x080024ac                daisy::AudioHandle::SetSampleRate(daisy::SaiHandle::Config::SampleRate)
 .text._ZN5daisy11AudioHandle5StartEPFvPKPKfPPfjE
                0x08002534       0x44 ../../libDaisy//build\libdaisy.a(audio.o)
                0x08002534                daisy::AudioHandle::Start(void (*)(float const* const*, float**, unsigned int))
 .text.startup._GLOBAL__sub_I__ZN5daisy11AudioHandle4Impl4InitENS0_6ConfigENS_9SaiHandleE
                0x08002578       0x10 ../../libDaisy//build\libdaisy.a(audio.o)
 .text._ZN5daisy6Switch4InitE12dsy_gpio_pinf
                0x08002588       0x34 ../../libDaisy//build\libdaisy.a(switch.o)
                0x08002588                daisy::Switch::Init(dsy_gpio_pin, float)
 .text._ZN5daisy6Switch8DebounceEv
                0x080025bc       0x5c ../../libDaisy//build\libdaisy.a(switch.o)
                0x080025bc                daisy::Switch::Debounce()
 .text._ZN5daisy16MidiUsbTransport4ImplD2Ev
                0x08002618        0x4 ../../libDaisy//build\libdaisy.a(usb_midi.o)
                0x08002618                daisy::MidiUsbTransport::Impl::~Impl()
                0x08002618                daisy::MidiUsbTransport::Impl::~Impl()
 .text._Z15ReceiveCallbackPhPm
                0x0800261c       0x9c ../../libDaisy//build\libdaisy.a(usb_midi.o)
                0x0800261c                ReceiveCallback(unsigned char*, unsigned long*)
 .text._ZN5daisy16MidiUsbTransport4InitENS0_6ConfigE
                0x080026b8       0x50 ../../libDaisy//build\libdaisy.a(usb_midi.o)
                0x080026b8                daisy::MidiUsbTransport::Init(daisy::MidiUsbTransport::Config)
 .text._ZN5daisy16MidiUsbTransport7StartRxEv
                0x08002708        0x8 ../../libDaisy//build\libdaisy.a(usb_midi.o)
                0x08002708                daisy::MidiUsbTransport::StartRx()
 .text._ZN5daisy16MidiUsbTransport8ReadableEv
                0x08002710       0x14 ../../libDaisy//build\libdaisy.a(usb_midi.o)
                0x08002710                daisy::MidiUsbTransport::Readable()
 .text._ZN5daisy16MidiUsbTransport2RxEv
                0x08002724       0x28 ../../libDaisy//build\libdaisy.a(usb_midi.o)
                0x08002724                daisy::MidiUsbTransport::Rx()
 .text._ZN5daisy16MidiUsbTransport8RxActiveEv
                0x0800274c        0x8 ../../libDaisy//build\libdaisy.a(usb_midi.o)
                0x0800274c                daisy::MidiUsbTransport::RxActive()
 .text._ZN5daisy16MidiUsbTransport7FlushRxEv
                0x08002754        0xc ../../libDaisy//build\libdaisy.a(usb_midi.o)
                0x08002754                daisy::MidiUsbTransport::FlushRx()
 .text.startup._GLOBAL__sub_I__Z15ReceiveCallbackPhPm
                0x08002760       0x58 ../../libDaisy//build\libdaisy.a(usb_midi.o)
 .text._ZN5daisy16AdcChannelConfig10InitSingleE12dsy_gpio_pin
                0x080027b8       0x1c ../../libDaisy//build\libdaisy.a(adc.o)
                0x080027b8                daisy::AdcChannelConfig::InitSingle(dsy_gpio_pin)
 .text._ZN5daisy9AdcHandle4InitEPNS_16AdcChannelConfigEjNS0_12OverSamplingE
                0x080027d4      0x3c8 ../../libDaisy//build\libdaisy.a(adc.o)
                0x080027d4                daisy::AdcHandle::Init(daisy::AdcChannelConfig*, unsigned int, daisy::AdcHandle::OverSampling)
 .text._ZN5daisy9AdcHandle5StartEv
                0x08002b9c       0x2c ../../libDaisy//build\libdaisy.a(adc.o)
                0x08002b9c                daisy::AdcHandle::Start()
 .text._ZNK5daisy9AdcHandle8GetFloatEh
                0x08002bc8       0x20 ../../libDaisy//build\libdaisy.a(adc.o)
                0x08002bc8                daisy::AdcHandle::GetFloat(unsigned char) const
 .text.HAL_ADC_MspInit
                0x08002be8       0x98 ../../libDaisy//build\libdaisy.a(adc.o)
                0x08002be8                HAL_ADC_MspInit
 .text.DMA1_Stream2_IRQHandler
                0x08002c80        0xc ../../libDaisy//build\libdaisy.a(adc.o)
                0x08002c80                DMA1_Stream2_IRQHandler
 .text.HAL_ADC_ConvCpltCallback
                0x08002c8c      0x148 ../../libDaisy//build\libdaisy.a(adc.o)
                0x08002c8c                HAL_ADC_ConvCpltCallback
 .text.HAL_ADC_ErrorCallback
                0x08002dd4        0x4 ../../libDaisy//build\libdaisy.a(adc.o)
                0x08002dd4                HAL_ADC_ErrorCallback
 .text.dsy_gpio_init
                0x08002dd8      0x1b8 ../../libDaisy//build\libdaisy.a(gpio.o)
                0x08002dd8                dsy_gpio_init
 .text.dsy_gpio_read
                0x08002f90       0x1c ../../libDaisy//build\libdaisy.a(gpio.o)
                0x08002f90                dsy_gpio_read
 .text.dsy_gpio_write
                0x08002fac       0x24 ../../libDaisy//build\libdaisy.a(gpio.o)
                0x08002fac                dsy_gpio_write
 .text._ZN5daisy9I2CHandle4Impl8InitPinsEv
                0x08002fd0       0x58 ../../libDaisy//build\libdaisy.a(i2c.o)
                0x08002fd0                daisy::I2CHandle::Impl::InitPins()
 .text.HAL_I2C_MspInit
                0x08003028      0x1b4 ../../libDaisy//build\libdaisy.a(i2c.o)
                0x08003028                HAL_I2C_MspInit
 .text.dsy_i2c_global_init
                0x080031dc       0x78 ../../libDaisy//build\libdaisy.a(i2c.o)
                0x080031dc                dsy_i2c_global_init
 .text.DMA1_Stream6_IRQHandler
                0x08003254       0x34 ../../libDaisy//build\libdaisy.a(i2c.o)
                0x08003254                DMA1_Stream6_IRQHandler
 .text.I2C1_EV_IRQHandler
                0x08003288        0xc ../../libDaisy//build\libdaisy.a(i2c.o)
                0x08003288                I2C1_EV_IRQHandler
 .text.I2C2_EV_IRQHandler
                0x08003294        0xc ../../libDaisy//build\libdaisy.a(i2c.o)
                0x08003294                I2C2_EV_IRQHandler
 .text.I2C3_EV_IRQHandler
                0x080032a0        0xc ../../libDaisy//build\libdaisy.a(i2c.o)
                0x080032a0                I2C3_EV_IRQHandler
 .text._ZN5daisy9I2CHandle4InitERKNS0_6ConfigE
                0x080032ac      0x12c ../../libDaisy//build\libdaisy.a(i2c.o)
                0x080032ac                daisy::I2CHandle::Init(daisy::I2CHandle::Config const&)
 .text._ZN5daisy9I2CHandle16TransmitBlockingEtPhtm
                0x080033d8       0x50 ../../libDaisy//build\libdaisy.a(i2c.o)
                0x080033d8                daisy::I2CHandle::TransmitBlocking(unsigned short, unsigned char*, unsigned short, unsigned long)
 .text.startup._GLOBAL__sub_I__ZN5daisy9I2CHandle4Impl10GlobalInitEv
                0x08003428       0x18 ../../libDaisy//build\libdaisy.a(i2c.o)
 .text._ZN5daisy10QSPIHandle4Impl11WriteEnableEv
                0x08003440       0x8c ../../libDaisy//build\libdaisy.a(qspi.o)
                0x08003440                daisy::QSPIHandle::Impl::WriteEnable()
 *fill*         0x080034cc        0x4 
 .text._ZN5daisy10QSPIHandle4Impl17DummyCyclesConfigENS0_6Config6DeviceE
                0x080034d0      0x118 ../../libDaisy//build\libdaisy.a(qspi.o)
                0x080034d0                daisy::QSPIHandle::Impl::DummyCyclesConfig(daisy::QSPIHandle::Config::Device)
 .text._ZN5daisy10QSPIHandle4Impl10QuadEnableEv
                0x080035e8      0x158 ../../libDaisy//build\libdaisy.a(qspi.o)
                0x080035e8                daisy::QSPIHandle::Impl::QuadEnable()
 .text._ZN5daisy10QSPIHandle4InitERKNS0_6ConfigE
                0x08003740      0x198 ../../libDaisy//build\libdaisy.a(qspi.o)
                0x08003740                daisy::QSPIHandle::Init(daisy::QSPIHandle::Config const&)
 .text.HAL_QSPI_MspInit
                0x080038d8      0x11c ../../libDaisy//build\libdaisy.a(qspi.o)
                0x080038d8                HAL_QSPI_MspInit
 .text.HAL_QSPI_MspDeInit
                0x080039f4       0x54 ../../libDaisy//build\libdaisy.a(qspi.o)
                0x080039f4                HAL_QSPI_MspDeInit
 .text.QUADSPI_IRQHandler
                0x08003a48        0xc ../../libDaisy//build\libdaisy.a(qspi.o)
                0x08003a48                QUADSPI_IRQHandler
 .text.startup._GLOBAL__sub_I__ZN5daisy10QSPIHandle4Impl4InitERKNS0_6ConfigE
                0x08003a54       0x28 ../../libDaisy//build\libdaisy.a(qspi.o)
 .text._ZN5daisy9SaiHandle4Impl7InitDmaENS1_15PeripheralBlockE
                0x08003a7c       0xa0 ../../libDaisy//build\libdaisy.a(sai.o)
                0x08003a7c                daisy::SaiHandle::Impl::InitDma(daisy::SaiHandle::Impl::PeripheralBlock)
 .text._ZN5daisy9SaiHandle4Impl8InitPinsEv
                0x08003b1c       0xa8 ../../libDaisy//build\libdaisy.a(sai.o)
                0x08003b1c                daisy::SaiHandle::Impl::InitPins()
 .text.HAL_SAI_MspInit
                0x08003bc4      0x164 ../../libDaisy//build\libdaisy.a(sai.o)
                0x08003bc4                HAL_SAI_MspInit
 .text.DMA1_Stream0_IRQHandler
                0x08003d28        0xc ../../libDaisy//build\libdaisy.a(sai.o)
                0x08003d28                DMA1_Stream0_IRQHandler
 .text.DMA1_Stream1_IRQHandler
                0x08003d34        0xc ../../libDaisy//build\libdaisy.a(sai.o)
                0x08003d34                DMA1_Stream1_IRQHandler
 .text.DMA1_Stream3_IRQHandler
                0x08003d40        0xc ../../libDaisy//build\libdaisy.a(sai.o)
                0x08003d40                DMA1_Stream3_IRQHandler
 .text.DMA1_Stream4_IRQHandler
                0x08003d4c        0xc ../../libDaisy//build\libdaisy.a(sai.o)
                0x08003d4c                DMA1_Stream4_IRQHandler
 .text.HAL_SAI_RxHalfCpltCallback
                0x08003d58       0x78 ../../libDaisy//build\libdaisy.a(sai.o)
                0x08003d58                HAL_SAI_RxHalfCpltCallback
 .text.HAL_SAI_RxCpltCallback
                0x08003dd0       0x70 ../../libDaisy//build\libdaisy.a(sai.o)
                0x08003dd0                HAL_SAI_RxCpltCallback
 .text._ZN5daisy9SaiHandle4InitERKNS0_6ConfigE
                0x08003e40      0x1f0 ../../libDaisy//build\libdaisy.a(sai.o)
                0x08003e40                daisy::SaiHandle::Init(daisy::SaiHandle::Config const&)
 .text._ZNK5daisy9SaiHandle9GetConfigEv
                0x08004030        0x4 ../../libDaisy//build\libdaisy.a(sai.o)
                0x08004030                daisy::SaiHandle::GetConfig() const
 .text._ZN5daisy9SaiHandle8StartDmaEPlS1_jPFvS1_S1_jE
                0x08004034       0xbc ../../libDaisy//build\libdaisy.a(sai.o)
                0x08004034                daisy::SaiHandle::StartDma(long*, long*, unsigned int, void (*)(long*, long*, unsigned int))
 .text._ZN5daisy9SaiHandle13GetSampleRateEv
                0x080040f0       0x24 ../../libDaisy//build\libdaisy.a(sai.o)
                0x080040f0                daisy::SaiHandle::GetSampleRate()
 .text._ZNK5daisy9SaiHandle9GetOffsetEv
                0x08004114        0x8 ../../libDaisy//build\libdaisy.a(sai.o)
                0x08004114                daisy::SaiHandle::GetOffset() const
 .text._ZN5daisy11TimerHandleD2Ev
                0x0800411c        0x4 ../../libDaisy//build\libdaisy.a(system.o)
                0x0800411c                daisy::TimerHandle::~TimerHandle()
                0x0800411c                daisy::TimerHandle::~TimerHandle()
 .text.SysTick_Handler
                0x08004120       0x10 ../../libDaisy//build\libdaisy.a(system.o)
                0x08004120                SysTick_Handler
 .text.OTG_HS_EP1_OUT_IRQHandler
                0x08004130       0x24 ../../libDaisy//build\libdaisy.a(system.o)
                0x08004130                OTG_HS_EP1_OUT_IRQHandler
 .text.OTG_HS_EP1_IN_IRQHandler
                0x08004154       0x24 ../../libDaisy//build\libdaisy.a(system.o)
                0x08004154                OTG_HS_EP1_IN_IRQHandler
 .text.OTG_HS_IRQHandler
                0x08004178       0x24 ../../libDaisy//build\libdaisy.a(system.o)
                0x08004178                OTG_HS_IRQHandler
 .text.HardFault_Handler
                0x0800419c       0xe0 ../../libDaisy//build\libdaisy.a(system.o)
                0x0800419c                HardFault_Handler
 .text._ZN5daisy6System6GetNowEv
                0x0800427c        0x4 ../../libDaisy//build\libdaisy.a(system.o)
                0x0800427c                daisy::System::GetNow()
 .text._ZN5daisy6System5DelayEm
                0x08004280        0x4 ../../libDaisy//build\libdaisy.a(system.o)
                0x08004280                daisy::System::Delay(unsigned long)
 .text._ZN5daisy6System15ConfigureClocksEv
                0x08004284      0x194 ../../libDaisy//build\libdaisy.a(system.o)
                0x08004284                daisy::System::ConfigureClocks()
 .text._ZN5daisy6System4InitERKNS0_6ConfigE
                0x08004418      0x12c ../../libDaisy//build\libdaisy.a(system.o)
                0x08004418                daisy::System::Init(daisy::System::Config const&)
 .text._ZN5daisy6System12GetPClk1FreqEv
                0x08004544        0x4 ../../libDaisy//build\libdaisy.a(system.o)
                0x08004544                daisy::System::GetPClk1Freq()
 .text._ZN5daisy6System22GetProgramMemoryRegionEv
                0x08004548       0x78 ../../libDaisy//build\libdaisy.a(system.o)
                0x08004548                daisy::System::GetProgramMemoryRegion()
 .text.startup._GLOBAL__sub_I_SysTick_Handler
                0x080045c0       0x1c ../../libDaisy//build\libdaisy.a(system.o)
 .text.SystemInit
                0x080045dc       0x9c ../../libDaisy//build\libdaisy.a(system_stm32h7xx.o)
                0x080045dc                SystemInit
 .text.HAL_PCD_MspInit
                0x08004678      0x144 ../../libDaisy//build\libdaisy.a(usbd_conf.o)
                0x08004678                HAL_PCD_MspInit
 .text.HAL_PCD_SetupStageCallback
                0x080047bc        0xc ../../libDaisy//build\libdaisy.a(usbd_conf.o)
                0x080047bc                HAL_PCD_SetupStageCallback
 .text.HAL_PCD_DataOutStageCallback
                0x080047c8       0x14 ../../libDaisy//build\libdaisy.a(usbd_conf.o)
                0x080047c8                HAL_PCD_DataOutStageCallback
 .text.HAL_PCD_DataInStageCallback
                0x080047dc       0x14 ../../libDaisy//build\libdaisy.a(usbd_conf.o)
                0x080047dc                HAL_PCD_DataInStageCallback
 .text.HAL_PCD_SOFCallback
                0x080047f0        0x8 ../../libDaisy//build\libdaisy.a(usbd_conf.o)
                0x080047f0                HAL_PCD_SOFCallback
 .text.HAL_PCD_ResetCallback
                0x080047f8       0x24 ../../libDaisy//build\libdaisy.a(usbd_conf.o)
                0x080047f8                HAL_PCD_ResetCallback
 .text.HAL_PCD_SuspendCallback
                0x0800481c       0x30 ../../libDaisy//build\libdaisy.a(usbd_conf.o)
                0x0800481c                HAL_PCD_SuspendCallback
 .text.HAL_PCD_ResumeCallback
                0x0800484c        0x8 ../../libDaisy//build\libdaisy.a(usbd_conf.o)
                0x0800484c                HAL_PCD_ResumeCallback
 .text.HAL_PCD_ISOOUTIncompleteCallback
                0x08004854        0x8 ../../libDaisy//build\libdaisy.a(usbd_conf.o)
                0x08004854                HAL_PCD_ISOOUTIncompleteCallback
 .text.HAL_PCD_ISOINIncompleteCallback
                0x0800485c        0x8 ../../libDaisy//build\libdaisy.a(usbd_conf.o)
                0x0800485c                HAL_PCD_ISOINIncompleteCallback
 .text.HAL_PCD_ConnectCallback
                0x08004864        0x8 ../../libDaisy//build\libdaisy.a(usbd_conf.o)
                0x08004864                HAL_PCD_ConnectCallback
 .text.HAL_PCD_DisconnectCallback
                0x0800486c        0x8 ../../libDaisy//build\libdaisy.a(usbd_conf.o)
                0x0800486c                HAL_PCD_DisconnectCallback
 .text.USBD_LL_Init
                0x08004874       0xe4 ../../libDaisy//build\libdaisy.a(usbd_conf.o)
                0x08004874                USBD_LL_Init
 .text.USBD_LL_Start
                0x08004958       0x1c ../../libDaisy//build\libdaisy.a(usbd_conf.o)
                0x08004958                USBD_LL_Start
 .text.USBD_LL_OpenEP
                0x08004974       0x24 ../../libDaisy//build\libdaisy.a(usbd_conf.o)
                0x08004974                USBD_LL_OpenEP
 .text.USBD_LL_CloseEP
                0x08004998       0x1c ../../libDaisy//build\libdaisy.a(usbd_conf.o)
                0x08004998                USBD_LL_CloseEP
 .text.USBD_LL_StallEP
                0x080049b4       0x1c ../../libDaisy//build\libdaisy.a(usbd_conf.o)
                0x080049b4                USBD_LL_StallEP
 .text.USBD_LL_ClearStallEP
                0x080049d0       0x1c ../../libDaisy//build\libdaisy.a(usbd_conf.o)
                0x080049d0                USBD_LL_ClearStallEP
 .text.USBD_LL_IsStallEP
                0x080049ec       0x28 ../../libDaisy//build\libdaisy.a(usbd_conf.o)
                0x080049ec                USBD_LL_IsStallEP
 .text.USBD_LL_SetUSBAddress
                0x08004a14       0x1c ../../libDaisy//build\libdaisy.a(usbd_conf.o)
                0x08004a14                USBD_LL_SetUSBAddress
 .text.USBD_LL_Transmit
                0x08004a30       0x1c ../../libDaisy//build\libdaisy.a(usbd_conf.o)
                0x08004a30                USBD_LL_Transmit
 .text.USBD_LL_PrepareReceive
                0x08004a4c       0x1c ../../libDaisy//build\libdaisy.a(usbd_conf.o)
                0x08004a4c                USBD_LL_PrepareReceive
 .text.USBD_LL_GetRxDataSize
                0x08004a68        0x8 ../../libDaisy//build\libdaisy.a(usbd_conf.o)
                0x08004a68                USBD_LL_GetRxDataSize
 .text.HAL_HCD_SOF_Callback
                0x08004a70        0x8 ../../libDaisy//build\libdaisy.a(usbh_conf.o)
                0x08004a70                HAL_HCD_SOF_Callback
 .text.HAL_HCD_Connect_Callback
                0x08004a78        0x8 ../../libDaisy//build\libdaisy.a(usbh_conf.o)
                0x08004a78                HAL_HCD_Connect_Callback
 .text.HAL_HCD_Disconnect_Callback
                0x08004a80        0x8 ../../libDaisy//build\libdaisy.a(usbh_conf.o)
                0x08004a80                HAL_HCD_Disconnect_Callback
 .text.HAL_HCD_HC_NotifyURBChange_Callback
                0x08004a88        0x4 ../../libDaisy//build\libdaisy.a(usbh_conf.o)
                0x08004a88                HAL_HCD_HC_NotifyURBChange_Callback
 .text.HAL_HCD_PortEnabled_Callback
                0x08004a8c        0x8 ../../libDaisy//build\libdaisy.a(usbh_conf.o)
                0x08004a8c                HAL_HCD_PortEnabled_Callback
 .text.HAL_HCD_PortDisabled_Callback
                0x08004a94        0x8 ../../libDaisy//build\libdaisy.a(usbh_conf.o)
                0x08004a94                HAL_HCD_PortDisabled_Callback
 .text.USBH_LL_Stop
                0x08004a9c       0x1c ../../libDaisy//build\libdaisy.a(usbh_conf.o)
                0x08004a9c                USBH_LL_Stop
 .text.dsy_hal_map_get_port
                0x08004ab8       0x10 ../../libDaisy//build\libdaisy.a(hal_map.o)
                0x08004ab8                dsy_hal_map_get_port
 .text.dsy_hal_map_get_pin
                0x08004ac8       0x10 ../../libDaisy//build\libdaisy.a(hal_map.o)
                0x08004ac8                dsy_hal_map_get_pin
 .text.dsy_hal_map_gpio_clk_enable
                0x08004ad8      0x150 ../../libDaisy//build\libdaisy.a(hal_map.o)
                0x08004ad8                dsy_hal_map_gpio_clk_enable
 .text.HAL_MspInit
                0x08004c28        0x4 ../../libDaisy//build\libdaisy.a(stm32h7xx_hal.o)
                0x08004c28                HAL_MspInit
 .text.HAL_InitTick
                0x08004c2c       0x4c ../../libDaisy//build\libdaisy.a(stm32h7xx_hal.o)
                0x08004c2c                HAL_InitTick
 .text.HAL_Init
                0x08004c78       0x60 ../../libDaisy//build\libdaisy.a(stm32h7xx_hal.o)
                0x08004c78                HAL_Init
 .text.HAL_IncTick
                0x08004cd8       0x18 ../../libDaisy//build\libdaisy.a(stm32h7xx_hal.o)
                0x08004cd8                HAL_IncTick
 .text.HAL_GetTick
                0x08004cf0        0xc ../../libDaisy//build\libdaisy.a(stm32h7xx_hal.o)
                0x08004cf0                HAL_GetTick
 .text.HAL_Delay
                0x08004cfc       0x24 ../../libDaisy//build\libdaisy.a(stm32h7xx_hal.o)
                0x08004cfc                HAL_Delay
 .text.HAL_GetREVID
                0x08004d20        0xc ../../libDaisy//build\libdaisy.a(stm32h7xx_hal.o)
                0x08004d20                HAL_GetREVID
 .text.HAL_ADC_ConvHalfCpltCallback
                0x08004d2c        0x4 ../../libDaisy//build\libdaisy.a(stm32h7xx_hal_adc.o)
                0x08004d2c                HAL_ADC_ConvHalfCpltCallback
 .text.ADC_DMAHalfConvCplt
                0x08004d30        0xc ../../libDaisy//build\libdaisy.a(stm32h7xx_hal_adc.o)
                0x08004d30                ADC_DMAHalfConvCplt
 .text.ADC_DMAConvCplt
                0x08004d3c       0x6c ../../libDaisy//build\libdaisy.a(stm32h7xx_hal_adc.o)
                0x08004d3c                ADC_DMAConvCplt
 .text.ADC_DMAError
                0x08004da8       0x1c ../../libDaisy//build\libdaisy.a(stm32h7xx_hal_adc.o)
                0x08004da8                ADC_DMAError
 .text.HAL_ADC_ConfigChannel
                0x08004dc4      0x3fc ../../libDaisy//build\libdaisy.a(stm32h7xx_hal_adc.o)
                0x08004dc4                HAL_ADC_ConfigChannel
 .text.ADC_Enable
                0x080051c0       0xac ../../libDaisy//build\libdaisy.a(stm32h7xx_hal_adc.o)
                0x080051c0                ADC_Enable
 .text.HAL_ADC_Start_DMA
                0x0800526c      0x114 ../../libDaisy//build\libdaisy.a(stm32h7xx_hal_adc.o)
                0x0800526c                HAL_ADC_Start_DMA
 .text.ADC_Disable
                0x08005380       0x68 ../../libDaisy//build\libdaisy.a(stm32h7xx_hal_adc.o)
                0x08005380                ADC_Disable
 .text.ADC_ConfigureBoostMode
                0x080053e8      0x184 ../../libDaisy//build\libdaisy.a(stm32h7xx_hal_adc.o)
                0x080053e8                ADC_ConfigureBoostMode
 .text.HAL_ADC_Init
                0x0800556c      0x218 ../../libDaisy//build\libdaisy.a(stm32h7xx_hal_adc.o)
                0x0800556c                HAL_ADC_Init
 .text.HAL_ADCEx_Calibration_Start
                0x08005784       0xa4 ../../libDaisy//build\libdaisy.a(stm32h7xx_hal_adc_ex.o)
                0x08005784                HAL_ADCEx_Calibration_Start
 .text.HAL_ADCEx_MultiModeConfigChannel
                0x08005828       0xc4 ../../libDaisy//build\libdaisy.a(stm32h7xx_hal_adc_ex.o)
                0x08005828                HAL_ADCEx_MultiModeConfigChannel
 .text.HAL_NVIC_SetPriorityGrouping
                0x080058ec       0x24 ../../libDaisy//build\libdaisy.a(stm32h7xx_hal_cortex.o)
                0x080058ec                HAL_NVIC_SetPriorityGrouping
 .text.HAL_NVIC_SetPriority
                0x08005910       0x7c ../../libDaisy//build\libdaisy.a(stm32h7xx_hal_cortex.o)
                0x08005910                HAL_NVIC_SetPriority
 .text.HAL_NVIC_EnableIRQ
                0x0800598c       0x1c ../../libDaisy//build\libdaisy.a(stm32h7xx_hal_cortex.o)
                0x0800598c                HAL_NVIC_EnableIRQ
 .text.HAL_NVIC_DisableIRQ
                0x080059a8       0x28 ../../libDaisy//build\libdaisy.a(stm32h7xx_hal_cortex.o)
                0x080059a8                HAL_NVIC_DisableIRQ
 .text.HAL_SYSTICK_Config
                0x080059d0       0x2c ../../libDaisy//build\libdaisy.a(stm32h7xx_hal_cortex.o)
                0x080059d0                HAL_SYSTICK_Config
 .text.HAL_MPU_Disable
                0x080059fc       0x1c ../../libDaisy//build\libdaisy.a(stm32h7xx_hal_cortex.o)
                0x080059fc                HAL_MPU_Disable
 .text.HAL_MPU_Enable
                0x08005a18       0x20 ../../libDaisy//build\libdaisy.a(stm32h7xx_hal_cortex.o)
                0x08005a18                HAL_MPU_Enable
 .text.HAL_MPU_ConfigRegion
                0x08005a38       0x64 ../../libDaisy//build\libdaisy.a(stm32h7xx_hal_cortex.o)
                0x08005a38                HAL_MPU_ConfigRegion
 .text.HAL_SYSTICK_Callback
                0x08005a9c        0x4 ../../libDaisy//build\libdaisy.a(stm32h7xx_hal_cortex.o)
                0x08005a9c                HAL_SYSTICK_Callback
 .text.HAL_SYSTICK_IRQHandler
                0x08005aa0        0x8 ../../libDaisy//build\libdaisy.a(stm32h7xx_hal_cortex.o)
                0x08005aa0                HAL_SYSTICK_IRQHandler
 .text.DMA_CalcBaseAndBitshift
                0x08005aa8       0xf4 ../../libDaisy//build\libdaisy.a(stm32h7xx_hal_dma.o)
 .text.DMA_CalcDMAMUXChannelBaseAndMask
                0x08005b9c       0xd8 ../../libDaisy//build\libdaisy.a(stm32h7xx_hal_dma.o)
 .text.HAL_DMA_Init
                0x08005c74      0x37c ../../libDaisy//build\libdaisy.a(stm32h7xx_hal_dma.o)
                0x08005c74                HAL_DMA_Init
 .text.HAL_DMA_Start_IT
                0x08005ff0      0x240 ../../libDaisy//build\libdaisy.a(stm32h7xx_hal_dma.o)
                0x08005ff0                HAL_DMA_Start_IT
 .text.HAL_DMA_Abort_IT
                0x08006230      0x134 ../../libDaisy//build\libdaisy.a(stm32h7xx_hal_dma.o)
                0x08006230                HAL_DMA_Abort_IT
 .text.HAL_DMA_IRQHandler
                0x08006364      0x6a0 ../../libDaisy//build\libdaisy.a(stm32h7xx_hal_dma.o)
                0x08006364                HAL_DMA_IRQHandler
 .text.HAL_DMA_GetError
                0x08006a04        0x4 ../../libDaisy//build\libdaisy.a(stm32h7xx_hal_dma.o)
                0x08006a04                HAL_DMA_GetError
 .text.HAL_GPIO_Init
                0x08006a08      0x280 ../../libDaisy//build\libdaisy.a(stm32h7xx_hal_gpio.o)
                0x08006a08                HAL_GPIO_Init
 .text.HAL_GPIO_DeInit
                0x08006c88      0x190 ../../libDaisy//build\libdaisy.a(stm32h7xx_hal_gpio.o)
                0x08006c88                HAL_GPIO_DeInit
 .text.HAL_GPIO_ReadPin
                0x08006e18        0xc ../../libDaisy//build\libdaisy.a(stm32h7xx_hal_gpio.o)
                0x08006e18                HAL_GPIO_ReadPin
 .text.HAL_GPIO_WritePin
                0x08006e24        0x8 ../../libDaisy//build\libdaisy.a(stm32h7xx_hal_gpio.o)
                0x08006e24                HAL_GPIO_WritePin
 .text.HAL_HCD_IRQHandler
                0x08006e2c      0x780 ../../libDaisy//build\libdaisy.a(stm32h7xx_hal_hcd.o)
                0x08006e2c                HAL_HCD_IRQHandler
 .text.HAL_HCD_Stop
                0x080075ac       0x28 ../../libDaisy//build\libdaisy.a(stm32h7xx_hal_hcd.o)
                0x080075ac                HAL_HCD_Stop
 .text.I2C_WaitOnTXISFlagUntilTimeout
                0x080075d4       0xb8 ../../libDaisy//build\libdaisy.a(stm32h7xx_hal_i2c.o)
 .text.I2C_WaitOnSTOPFlagUntilTimeout
                0x0800768c       0xac ../../libDaisy//build\libdaisy.a(stm32h7xx_hal_i2c.o)
 .text.HAL_I2C_Init
                0x08007738       0xac ../../libDaisy//build\libdaisy.a(stm32h7xx_hal_i2c.o)
                0x08007738                HAL_I2C_Init
 .text.HAL_I2C_Master_Transmit
                0x080077e4      0x1a8 ../../libDaisy//build\libdaisy.a(stm32h7xx_hal_i2c.o)
                0x080077e4                HAL_I2C_Master_Transmit
 .text.HAL_I2C_Slave_Transmit
                0x0800798c      0x1c8 ../../libDaisy//build\libdaisy.a(stm32h7xx_hal_i2c.o)
                0x0800798c                HAL_I2C_Slave_Transmit
 .text.HAL_I2C_EV_IRQHandler
                0x08007b54       0x10 ../../libDaisy//build\libdaisy.a(stm32h7xx_hal_i2c.o)
                0x08007b54                HAL_I2C_EV_IRQHandler
 .text.HAL_I2C_GetState
                0x08007b64        0x8 ../../libDaisy//build\libdaisy.a(stm32h7xx_hal_i2c.o)
                0x08007b64                HAL_I2C_GetState
 .text.HAL_I2CEx_ConfigAnalogFilter
                0x08007b6c       0x54 ../../libDaisy//build\libdaisy.a(stm32h7xx_hal_i2c_ex.o)
                0x08007b6c                HAL_I2CEx_ConfigAnalogFilter
 .text.HAL_I2CEx_ConfigDigitalFilter
                0x08007bc0       0x58 ../../libDaisy//build\libdaisy.a(stm32h7xx_hal_i2c_ex.o)
                0x08007bc0                HAL_I2CEx_ConfigDigitalFilter
 .text.HAL_PCD_Init
                0x08007c18      0x12c ../../libDaisy//build\libdaisy.a(stm32h7xx_hal_pcd.o)
                0x08007c18                HAL_PCD_Init
 .text.HAL_PCD_Start
                0x08007d44       0x44 ../../libDaisy//build\libdaisy.a(stm32h7xx_hal_pcd.o)
                0x08007d44                HAL_PCD_Start
 .text.HAL_PCD_IRQHandler
                0x08007d88      0x69c ../../libDaisy//build\libdaisy.a(stm32h7xx_hal_pcd.o)
                0x08007d88                HAL_PCD_IRQHandler
 .text.HAL_PCD_SetAddress
                0x08008424       0x2c ../../libDaisy//build\libdaisy.a(stm32h7xx_hal_pcd.o)
                0x08008424                HAL_PCD_SetAddress
 .text.HAL_PCD_EP_Open
                0x08008450       0x7c ../../libDaisy//build\libdaisy.a(stm32h7xx_hal_pcd.o)
                0x08008450                HAL_PCD_EP_Open
 .text.HAL_PCD_EP_Close
                0x080084cc       0x6c ../../libDaisy//build\libdaisy.a(stm32h7xx_hal_pcd.o)
                0x080084cc                HAL_PCD_EP_Close
 .text.HAL_PCD_EP_Receive
                0x08008538       0x50 ../../libDaisy//build\libdaisy.a(stm32h7xx_hal_pcd.o)
                0x08008538                HAL_PCD_EP_Receive
 .text.HAL_PCD_EP_GetRxCount
                0x08008588       0x14 ../../libDaisy//build\libdaisy.a(stm32h7xx_hal_pcd.o)
                0x08008588                HAL_PCD_EP_GetRxCount
 .text.HAL_PCD_EP_Transmit
                0x0800859c       0x50 ../../libDaisy//build\libdaisy.a(stm32h7xx_hal_pcd.o)
                0x0800859c                HAL_PCD_EP_Transmit
 .text.HAL_PCD_EP_SetStall
                0x080085ec       0x88 ../../libDaisy//build\libdaisy.a(stm32h7xx_hal_pcd.o)
                0x080085ec                HAL_PCD_EP_SetStall
 .text.HAL_PCD_EP_ClrStall
                0x08008674       0x78 ../../libDaisy//build\libdaisy.a(stm32h7xx_hal_pcd.o)
                0x08008674                HAL_PCD_EP_ClrStall
 .text.HAL_PCDEx_SetTxFiFo
                0x080086ec       0x54 ../../libDaisy//build\libdaisy.a(stm32h7xx_hal_pcd_ex.o)
                0x080086ec                HAL_PCDEx_SetTxFiFo
 .text.HAL_PCDEx_SetRxFiFo
                0x08008740        0xc ../../libDaisy//build\libdaisy.a(stm32h7xx_hal_pcd_ex.o)
                0x08008740                HAL_PCDEx_SetRxFiFo
 .text.HAL_PCDEx_ActivateLPM
                0x0800874c       0x30 ../../libDaisy//build\libdaisy.a(stm32h7xx_hal_pcd_ex.o)
                0x0800874c                HAL_PCDEx_ActivateLPM
 .text.HAL_PCDEx_LPM_Callback
                0x0800877c        0x4 ../../libDaisy//build\libdaisy.a(stm32h7xx_hal_pcd_ex.o)
                0x0800877c                HAL_PCDEx_LPM_Callback
 .text.HAL_PWREx_ConfigSupply
                0x08008780       0x4c ../../libDaisy//build\libdaisy.a(stm32h7xx_hal_pwr_ex.o)
                0x08008780                HAL_PWREx_ConfigSupply
 .text.HAL_PWREx_EnableUSBVoltageDetector
                0x080087cc       0x10 ../../libDaisy//build\libdaisy.a(stm32h7xx_hal_pwr_ex.o)
                0x080087cc                HAL_PWREx_EnableUSBVoltageDetector
 .text.QSPI_Config
                0x080087dc      0x174 ../../libDaisy//build\libdaisy.a(stm32h7xx_hal_qspi.o)
 .text.HAL_QSPI_Init
                0x08008950       0xd8 ../../libDaisy//build\libdaisy.a(stm32h7xx_hal_qspi.o)
                0x08008950                HAL_QSPI_Init
 .text.HAL_QSPI_DeInit
                0x08008a28       0x3c ../../libDaisy//build\libdaisy.a(stm32h7xx_hal_qspi.o)
                0x08008a28                HAL_QSPI_DeInit
 .text.HAL_QSPI_Command
                0x08008a64       0xd4 ../../libDaisy//build\libdaisy.a(stm32h7xx_hal_qspi.o)
                0x08008a64                HAL_QSPI_Command
 .text.HAL_QSPI_Transmit
                0x08008b38       0xfc ../../libDaisy//build\libdaisy.a(stm32h7xx_hal_qspi.o)
                0x08008b38                HAL_QSPI_Transmit
 .text.HAL_QSPI_Receive
                0x08008c34      0x108 ../../libDaisy//build\libdaisy.a(stm32h7xx_hal_qspi.o)
                0x08008c34                HAL_QSPI_Receive
 .text.HAL_QSPI_AutoPolling
                0x08008d3c       0xf0 ../../libDaisy//build\libdaisy.a(stm32h7xx_hal_qspi.o)
                0x08008d3c                HAL_QSPI_AutoPolling
 .text.HAL_QSPI_MemoryMapped
                0x08008e2c       0xc0 ../../libDaisy//build\libdaisy.a(stm32h7xx_hal_qspi.o)
                0x08008e2c                HAL_QSPI_MemoryMapped
 .text.HAL_QSPI_ErrorCallback
                0x08008eec        0x4 ../../libDaisy//build\libdaisy.a(stm32h7xx_hal_qspi.o)
                0x08008eec                HAL_QSPI_ErrorCallback
 .text.QSPI_DMAAbortCplt
                0x08008ef0       0x38 ../../libDaisy//build\libdaisy.a(stm32h7xx_hal_qspi.o)
 .text.HAL_QSPI_AbortCpltCallback
                0x08008f28        0x4 ../../libDaisy//build\libdaisy.a(stm32h7xx_hal_qspi.o)
                0x08008f28                HAL_QSPI_AbortCpltCallback
 .text.HAL_QSPI_CmdCpltCallback
                0x08008f2c        0x4 ../../libDaisy//build\libdaisy.a(stm32h7xx_hal_qspi.o)
                0x08008f2c                HAL_QSPI_CmdCpltCallback
 .text.HAL_QSPI_RxCpltCallback
                0x08008f30        0x4 ../../libDaisy//build\libdaisy.a(stm32h7xx_hal_qspi.o)
                0x08008f30                HAL_QSPI_RxCpltCallback
 .text.HAL_QSPI_TxCpltCallback
                0x08008f34        0x4 ../../libDaisy//build\libdaisy.a(stm32h7xx_hal_qspi.o)
                0x08008f34                HAL_QSPI_TxCpltCallback
 .text.HAL_QSPI_FifoThresholdCallback
                0x08008f38        0x4 ../../libDaisy//build\libdaisy.a(stm32h7xx_hal_qspi.o)
                0x08008f38                HAL_QSPI_FifoThresholdCallback
 .text.HAL_QSPI_StatusMatchCallback
                0x08008f3c        0x4 ../../libDaisy//build\libdaisy.a(stm32h7xx_hal_qspi.o)
                0x08008f3c                HAL_QSPI_StatusMatchCallback
 .text.HAL_QSPI_TimeOutCallback
                0x08008f40        0x4 ../../libDaisy//build\libdaisy.a(stm32h7xx_hal_qspi.o)
                0x08008f40                HAL_QSPI_TimeOutCallback
 .text.HAL_QSPI_IRQHandler
                0x08008f44      0x210 ../../libDaisy//build\libdaisy.a(stm32h7xx_hal_qspi.o)
                0x08008f44                HAL_QSPI_IRQHandler
 .text.HAL_RCC_OscConfig
                0x08009154      0x51c ../../libDaisy//build\libdaisy.a(stm32h7xx_hal_rcc.o)
                0x08009154                HAL_RCC_OscConfig
 .text.HAL_RCC_GetSysClockFreq
                0x08009670      0x140 ../../libDaisy//build\libdaisy.a(stm32h7xx_hal_rcc.o)
                0x08009670                HAL_RCC_GetSysClockFreq
 .text.HAL_RCC_ClockConfig
                0x080097b0      0x234 ../../libDaisy//build\libdaisy.a(stm32h7xx_hal_rcc.o)
                0x080097b0                HAL_RCC_ClockConfig
 .text.HAL_RCC_GetHCLKFreq
                0x080099e4       0x2c ../../libDaisy//build\libdaisy.a(stm32h7xx_hal_rcc.o)
                0x080099e4                HAL_RCC_GetHCLKFreq
 .text.HAL_RCC_GetPCLK1Freq
                0x08009a10       0x38 ../../libDaisy//build\libdaisy.a(stm32h7xx_hal_rcc.o)
                0x08009a10                HAL_RCC_GetPCLK1Freq
 .text.RCCEx_PLL2_Config
                0x08009a48       0xf4 ../../libDaisy//build\libdaisy.a(stm32h7xx_hal_rcc_ex.o)
 .text.RCCEx_PLL3_Config
                0x08009b3c       0xf4 ../../libDaisy//build\libdaisy.a(stm32h7xx_hal_rcc_ex.o)
 .text.HAL_RCCEx_PeriphCLKConfig
                0x08009c30      0xa7c ../../libDaisy//build\libdaisy.a(stm32h7xx_hal_rcc_ex.o)
                0x08009c30                HAL_RCCEx_PeriphCLKConfig
 .text.HAL_RCCEx_GetPLL2ClockFreq
                0x0800a6ac      0x17c ../../libDaisy//build\libdaisy.a(stm32h7xx_hal_rcc_ex.o)
                0x0800a6ac                HAL_RCCEx_GetPLL2ClockFreq
 .text.HAL_RCCEx_GetPLL3ClockFreq
                0x0800a828      0x17c ../../libDaisy//build\libdaisy.a(stm32h7xx_hal_rcc_ex.o)
                0x0800a828                HAL_RCCEx_GetPLL3ClockFreq
 .text.HAL_RCCEx_GetPLL1ClockFreq
                0x0800a9a4      0x17c ../../libDaisy//build\libdaisy.a(stm32h7xx_hal_rcc_ex.o)
                0x0800a9a4                HAL_RCCEx_GetPLL1ClockFreq
 .text.HAL_RCCEx_GetPeriphCLKFreq
                0x0800ab20      0x198 ../../libDaisy//build\libdaisy.a(stm32h7xx_hal_rcc_ex.o)
                0x0800ab20                HAL_RCCEx_GetPeriphCLKFreq
 .text.HAL_RCCEx_GetD1SysClockFreq
                0x0800acb8       0x2c ../../libDaisy//build\libdaisy.a(stm32h7xx_hal_rcc_ex.o)
                0x0800acb8                HAL_RCCEx_GetD1SysClockFreq
 .text.HAL_SAI_Init.part.0
                0x0800ace4      0x348 ../../libDaisy//build\libdaisy.a(stm32h7xx_hal_sai.o)
 .text.HAL_SAI_InitProtocol
                0x0800b02c      0x178 ../../libDaisy//build\libdaisy.a(stm32h7xx_hal_sai.o)
                0x0800b02c                HAL_SAI_InitProtocol
 .text.HAL_SAI_Transmit_DMA
                0x0800b1a4      0x124 ../../libDaisy//build\libdaisy.a(stm32h7xx_hal_sai.o)
                0x0800b1a4                HAL_SAI_Transmit_DMA
 .text.HAL_SAI_Receive_DMA
                0x0800b2c8       0xd0 ../../libDaisy//build\libdaisy.a(stm32h7xx_hal_sai.o)
                0x0800b2c8                HAL_SAI_Receive_DMA
 .text.HAL_SAI_TxCpltCallback
                0x0800b398        0x4 ../../libDaisy//build\libdaisy.a(stm32h7xx_hal_sai.o)
                0x0800b398                HAL_SAI_TxCpltCallback
 .text.SAI_DMATxCplt
                0x0800b39c       0x64 ../../libDaisy//build\libdaisy.a(stm32h7xx_hal_sai.o)
 .text.HAL_SAI_TxHalfCpltCallback
                0x0800b400        0x4 ../../libDaisy//build\libdaisy.a(stm32h7xx_hal_sai.o)
                0x0800b400                HAL_SAI_TxHalfCpltCallback
 .text.SAI_DMATxHalfCplt
                0x0800b404        0xc ../../libDaisy//build\libdaisy.a(stm32h7xx_hal_sai.o)
 .text.SAI_DMARxCplt
                0x0800b410       0x64 ../../libDaisy//build\libdaisy.a(stm32h7xx_hal_sai.o)
 .text.SAI_DMARxHalfCplt
                0x0800b474        0xc ../../libDaisy//build\libdaisy.a(stm32h7xx_hal_sai.o)
 .text.HAL_SAI_ErrorCallback
                0x0800b480        0x4 ../../libDaisy//build\libdaisy.a(stm32h7xx_hal_sai.o)
                0x0800b480                HAL_SAI_ErrorCallback
 .text.SAI_DMAError
                0x0800b484       0x6c ../../libDaisy//build\libdaisy.a(stm32h7xx_hal_sai.o)
 .text.HAL_SDRAM_Init
                0x0800b4f0       0x54 ../../libDaisy//build\libdaisy.a(stm32h7xx_hal_sdram.o)
                0x0800b4f0                HAL_SDRAM_Init
 .text.HAL_SDRAM_SendCommand
                0x0800b544       0x40 ../../libDaisy//build\libdaisy.a(stm32h7xx_hal_sdram.o)
                0x0800b544                HAL_SDRAM_SendCommand
 .text.HAL_SDRAM_ProgramRefreshRate
                0x0800b584       0x30 ../../libDaisy//build\libdaisy.a(stm32h7xx_hal_sdram.o)
                0x0800b584                HAL_SDRAM_ProgramRefreshRate
 .text.FMC_SDRAM_Init
                0x0800b5b4       0x7c ../../libDaisy//build\libdaisy.a(stm32h7xx_ll_fmc.o)
                0x0800b5b4                FMC_SDRAM_Init
 .text.FMC_SDRAM_Timing_Init
                0x0800b630       0x98 ../../libDaisy//build\libdaisy.a(stm32h7xx_ll_fmc.o)
                0x0800b630                FMC_SDRAM_Timing_Init
 .text.FMC_SDRAM_SendCommand
                0x0800b6c8       0x28 ../../libDaisy//build\libdaisy.a(stm32h7xx_ll_fmc.o)
                0x0800b6c8                FMC_SDRAM_SendCommand
 .text.FMC_SDRAM_ProgramRefreshRate
                0x0800b6f0       0x1c ../../libDaisy//build\libdaisy.a(stm32h7xx_ll_fmc.o)
                0x0800b6f0                FMC_SDRAM_ProgramRefreshRate
 .text.USB_CoreInit
                0x0800b70c       0xfc ../../libDaisy//build\libdaisy.a(stm32h7xx_ll_usb.o)
                0x0800b70c                USB_CoreInit
 .text.USB_SetTurnaroundTime
                0x0800b808       0xf4 ../../libDaisy//build\libdaisy.a(stm32h7xx_ll_usb.o)
                0x0800b808                USB_SetTurnaroundTime
 .text.USB_EnableGlobalInt
                0x0800b8fc       0x10 ../../libDaisy//build\libdaisy.a(stm32h7xx_ll_usb.o)
                0x0800b8fc                USB_EnableGlobalInt
 .text.USB_DisableGlobalInt
                0x0800b90c       0x10 ../../libDaisy//build\libdaisy.a(stm32h7xx_ll_usb.o)
                0x0800b90c                USB_DisableGlobalInt
 .text.USB_SetCurrentMode
                0x0800b91c       0x30 ../../libDaisy//build\libdaisy.a(stm32h7xx_ll_usb.o)
                0x0800b91c                USB_SetCurrentMode
 .text.USB_DevInit
                0x0800b94c      0x20c ../../libDaisy//build\libdaisy.a(stm32h7xx_ll_usb.o)
                0x0800b94c                USB_DevInit
 .text.USB_FlushTxFifo
                0x0800bb58       0x24 ../../libDaisy//build\libdaisy.a(stm32h7xx_ll_usb.o)
                0x0800bb58                USB_FlushTxFifo
 .text.USB_GetDevSpeed
                0x0800bb7c       0x18 ../../libDaisy//build\libdaisy.a(stm32h7xx_ll_usb.o)
                0x0800bb7c                USB_GetDevSpeed
 .text.USB_ActivateEndpoint
                0x0800bb94       0x90 ../../libDaisy//build\libdaisy.a(stm32h7xx_ll_usb.o)
                0x0800bb94                USB_ActivateEndpoint
 .text.USB_DeactivateEndpoint
                0x0800bc24       0x84 ../../libDaisy//build\libdaisy.a(stm32h7xx_ll_usb.o)
                0x0800bc24                USB_DeactivateEndpoint
 .text.USB_EPStartXfer
                0x0800bca8      0x230 ../../libDaisy//build\libdaisy.a(stm32h7xx_ll_usb.o)
                0x0800bca8                USB_EPStartXfer
 .text.USB_EP0StartXfer
                0x0800bed8      0x174 ../../libDaisy//build\libdaisy.a(stm32h7xx_ll_usb.o)
                0x0800bed8                USB_EP0StartXfer
 .text.USB_WritePacket
                0x0800c04c       0x2c ../../libDaisy//build\libdaisy.a(stm32h7xx_ll_usb.o)
                0x0800c04c                USB_WritePacket
 .text.USB_ReadPacket
                0x0800c078       0x20 ../../libDaisy//build\libdaisy.a(stm32h7xx_ll_usb.o)
                0x0800c078                USB_ReadPacket
 .text.USB_EPSetStall
                0x0800c098       0x68 ../../libDaisy//build\libdaisy.a(stm32h7xx_ll_usb.o)
                0x0800c098                USB_EPSetStall
 .text.USB_EPClearStall
                0x0800c100       0x58 ../../libDaisy//build\libdaisy.a(stm32h7xx_ll_usb.o)
                0x0800c100                USB_EPClearStall
 .text.USB_SetDevAddress
                0x0800c158       0x24 ../../libDaisy//build\libdaisy.a(stm32h7xx_ll_usb.o)
                0x0800c158                USB_SetDevAddress
 .text.USB_DevConnect
                0x0800c17c       0x1c ../../libDaisy//build\libdaisy.a(stm32h7xx_ll_usb.o)
                0x0800c17c                USB_DevConnect
 .text.USB_DevDisconnect
                0x0800c198       0x1c ../../libDaisy//build\libdaisy.a(stm32h7xx_ll_usb.o)
                0x0800c198                USB_DevDisconnect
 .text.USB_ReadInterrupts
                0x0800c1b4        0x8 ../../libDaisy//build\libdaisy.a(stm32h7xx_ll_usb.o)
                0x0800c1b4                USB_ReadInterrupts
 .text.USB_ReadDevAllOutEpInterrupt
                0x0800c1bc       0x10 ../../libDaisy//build\libdaisy.a(stm32h7xx_ll_usb.o)
                0x0800c1bc                USB_ReadDevAllOutEpInterrupt
 .text.USB_ReadDevAllInEpInterrupt
                0x0800c1cc       0x10 ../../libDaisy//build\libdaisy.a(stm32h7xx_ll_usb.o)
                0x0800c1cc                USB_ReadDevAllInEpInterrupt
 .text.USB_ReadDevOutEPInterrupt
                0x0800c1dc       0x14 ../../libDaisy//build\libdaisy.a(stm32h7xx_ll_usb.o)
                0x0800c1dc                USB_ReadDevOutEPInterrupt
 .text.USB_ReadDevInEPInterrupt
                0x0800c1f0       0x20 ../../libDaisy//build\libdaisy.a(stm32h7xx_ll_usb.o)
                0x0800c1f0                USB_ReadDevInEPInterrupt
 .text.USB_GetMode
                0x0800c210        0x8 ../../libDaisy//build\libdaisy.a(stm32h7xx_ll_usb.o)
                0x0800c210                USB_GetMode
 .text.USB_ActivateSetup
                0x0800c218       0x38 ../../libDaisy//build\libdaisy.a(stm32h7xx_ll_usb.o)
                0x0800c218                USB_ActivateSetup
 .text.USB_EP0_OutStart
                0x0800c250       0x58 ../../libDaisy//build\libdaisy.a(stm32h7xx_ll_usb.o)
                0x0800c250                USB_EP0_OutStart
 .text.USB_InitFSLSPClkSel
                0x0800c2a8       0x44 ../../libDaisy//build\libdaisy.a(stm32h7xx_ll_usb.o)
                0x0800c2a8                USB_InitFSLSPClkSel
 .text.USB_HC_ReadInterrupt
                0x0800c2ec        0x8 ../../libDaisy//build\libdaisy.a(stm32h7xx_ll_usb.o)
                0x0800c2ec                USB_HC_ReadInterrupt
 .text.USB_HC_Halt
                0x0800c2f4       0xb4 ../../libDaisy//build\libdaisy.a(stm32h7xx_ll_usb.o)
                0x0800c2f4                USB_HC_Halt
 .text.USB_StopHost
                0x0800c3a8      0x184 ../../libDaisy//build\libdaisy.a(stm32h7xx_ll_usb.o)
                0x0800c3a8                USB_StopHost
 .text.USBD_Init
                0x0800c52c       0x44 ../../libDaisy//build\libdaisy.a(usbd_core.o)
                0x0800c52c                USBD_Init
 .text.USBD_RegisterClass
                0x0800c570       0x2c ../../libDaisy//build\libdaisy.a(usbd_core.o)
                0x0800c570                USBD_RegisterClass
 .text.USBD_Start
                0x0800c59c        0xc ../../libDaisy//build\libdaisy.a(usbd_core.o)
                0x0800c59c                USBD_Start
 .text.USBD_SetClassConfig
                0x0800c5a8       0x14 ../../libDaisy//build\libdaisy.a(usbd_core.o)
                0x0800c5a8                USBD_SetClassConfig
 .text.USBD_ClrClassConfig
                0x0800c5bc       0x10 ../../libDaisy//build\libdaisy.a(usbd_core.o)
                0x0800c5bc                USBD_ClrClassConfig
 .text.USBD_LL_SetupStage
                0x0800c5cc       0x5c ../../libDaisy//build\libdaisy.a(usbd_core.o)
                0x0800c5cc                USBD_LL_SetupStage
 .text.USBD_LL_DataOutStage
                0x0800c628       0x7c ../../libDaisy//build\libdaisy.a(usbd_core.o)
                0x0800c628                USBD_LL_DataOutStage
 .text.USBD_LL_DataInStage
                0x0800c6a4       0xcc ../../libDaisy//build\libdaisy.a(usbd_core.o)
                0x0800c6a4                USBD_LL_DataInStage
 .text.USBD_LL_Reset
                0x0800c770       0x50 ../../libDaisy//build\libdaisy.a(usbd_core.o)
                0x0800c770                USBD_LL_Reset
 .text.USBD_LL_SetSpeed
                0x0800c7c0        0x8 ../../libDaisy//build\libdaisy.a(usbd_core.o)
                0x0800c7c0                USBD_LL_SetSpeed
 .text.USBD_LL_Suspend
                0x0800c7c8       0x14 ../../libDaisy//build\libdaisy.a(usbd_core.o)
                0x0800c7c8                USBD_LL_Suspend
 .text.USBD_LL_Resume
                0x0800c7dc       0x10 ../../libDaisy//build\libdaisy.a(usbd_core.o)
                0x0800c7dc                USBD_LL_Resume
 .text.USBD_LL_SOF
                0x0800c7ec       0x1c ../../libDaisy//build\libdaisy.a(usbd_core.o)
                0x0800c7ec                USBD_LL_SOF
 .text.USBD_LL_IsoINIncomplete
                0x0800c808        0x4 ../../libDaisy//build\libdaisy.a(usbd_core.o)
                0x0800c808                USBD_LL_IsoINIncomplete
 .text.USBD_LL_IsoOUTIncomplete
                0x0800c80c        0x4 ../../libDaisy//build\libdaisy.a(usbd_core.o)
                0x0800c80c                USBD_LL_IsoOUTIncomplete
 .text.USBD_LL_DevConnected
                0x0800c810        0x4 ../../libDaisy//build\libdaisy.a(usbd_core.o)
                0x0800c810                USBD_LL_DevConnected
 .text.USBD_LL_DevDisconnected
                0x0800c814       0x18 ../../libDaisy//build\libdaisy.a(usbd_core.o)
                0x0800c814                USBD_LL_DevDisconnected
 .text.USBD_StdDevReq
                0x0800c82c      0x304 ../../libDaisy//build\libdaisy.a(usbd_ctlreq.o)
                0x0800c82c                USBD_StdDevReq
 .text.USBD_StdItfReq
                0x0800cb30       0x68 ../../libDaisy//build\libdaisy.a(usbd_ctlreq.o)
                0x0800cb30                USBD_StdItfReq
 .text.USBD_StdEPReq
                0x0800cb98      0x13c ../../libDaisy//build\libdaisy.a(usbd_ctlreq.o)
                0x0800cb98                USBD_StdEPReq
 .text.USBD_ParseSetupRequest
                0x0800ccd4       0x28 ../../libDaisy//build\libdaisy.a(usbd_ctlreq.o)
                0x0800ccd4                USBD_ParseSetupRequest
 .text.USBD_CtlError
                0x0800ccfc       0x18 ../../libDaisy//build\libdaisy.a(usbd_ctlreq.o)
                0x0800ccfc                USBD_CtlError
 .text.USBD_GetString
                0x0800cd14       0x54 ../../libDaisy//build\libdaisy.a(usbd_ctlreq.o)
                0x0800cd14                USBD_GetString
 .text.USBD_CtlSendData
                0x0800cd68       0x1c ../../libDaisy//build\libdaisy.a(usbd_ioreq.o)
                0x0800cd68                USBD_CtlSendData
 .text.USBD_CtlContinueSendData
                0x0800cd84       0x14 ../../libDaisy//build\libdaisy.a(usbd_ioreq.o)
                0x0800cd84                USBD_CtlContinueSendData
 .text.USBD_CtlPrepareRx
                0x0800cd98       0x1c ../../libDaisy//build\libdaisy.a(usbd_ioreq.o)
                0x0800cd98                USBD_CtlPrepareRx
 .text.USBD_CtlContinueRx
                0x0800cdb4       0x14 ../../libDaisy//build\libdaisy.a(usbd_ioreq.o)
                0x0800cdb4                USBD_CtlContinueRx
 .text.USBD_CtlSendStatus
                0x0800cdc8       0x18 ../../libDaisy//build\libdaisy.a(usbd_ioreq.o)
                0x0800cdc8                USBD_CtlSendStatus
 .text.USBD_CtlReceiveStatus
                0x0800cde0       0x18 ../../libDaisy//build\libdaisy.a(usbd_ioreq.o)
                0x0800cde0                USBD_CtlReceiveStatus
 .text.USBH_LL_IncTimer
                0x0800cdf8       0x20 ../../libDaisy//build\libdaisy.a(usbh_core.o)
                0x0800cdf8                USBH_LL_IncTimer
 .text.USBH_LL_PortEnabled
                0x0800ce18        0x8 ../../libDaisy//build\libdaisy.a(usbh_core.o)
                0x0800ce18                USBH_LL_PortEnabled
 .text.USBH_LL_PortDisabled
                0x0800ce20        0x8 ../../libDaisy//build\libdaisy.a(usbh_core.o)
                0x0800ce20                USBH_LL_PortDisabled
 .text.USBH_LL_Connect
                0x0800ce28       0x18 ../../libDaisy//build\libdaisy.a(usbh_core.o)
                0x0800ce28                USBH_LL_Connect
 .text.USBH_LL_Disconnect
                0x0800ce40       0x2c ../../libDaisy//build\libdaisy.a(usbh_core.o)
                0x0800ce40                USBH_LL_Disconnect
 .text.USBH_FreePipe
                0x0800ce6c       0x18 ../../libDaisy//build\libdaisy.a(usbh_pipes.o)
                0x0800ce6c                USBH_FreePipe
 .text.DummyRxCallback
                0x0800ce84        0x4 ../../libDaisy//build\libdaisy.a(usb.o)
                0x0800ce84                DummyRxCallback
 .text._ZN5daisy9UsbHandle4InitENS0_9UsbPeriphE
                0x0800ce88      0x10c ../../libDaisy//build\libdaisy.a(usb.o)
                0x0800ce88                daisy::UsbHandle::Init(daisy::UsbHandle::UsbPeriph)
 .text._ZN5daisy9UsbHandle18SetReceiveCallbackEPFvPhPmENS0_9UsbPeriphE
                0x0800cf94       0x38 ../../libDaisy//build\libdaisy.a(usb.o)
                0x0800cf94                daisy::UsbHandle::SetReceiveCallback(void (*)(unsigned char*, unsigned long*), daisy::UsbHandle::UsbPeriph)
 .text.OTG_FS_EP1_OUT_IRQHandler
                0x0800cfcc        0xc ../../libDaisy//build\libdaisy.a(usb.o)
                0x0800cfcc                OTG_FS_EP1_OUT_IRQHandler
 .text.OTG_FS_EP1_IN_IRQHandler
                0x0800cfd8        0xc ../../libDaisy//build\libdaisy.a(usb.o)
                0x0800cfd8                OTG_FS_EP1_IN_IRQHandler
 .text.OTG_FS_IRQHandler
                0x0800cfe4        0xc ../../libDaisy//build\libdaisy.a(usb.o)
                0x0800cfe4                OTG_FS_IRQHandler
 .text._ZN5daisy6Random4InitEv
                0x0800cff0       0x3c ../../libDaisy//build\libdaisy.a(rng.o)
                0x0800cff0                daisy::Random::Init()
 .text._ZN5daisy9SpiHandle4Impl7InitDmaEv
                0x0800d02c       0xec ../../libDaisy//build\libdaisy.a(spi.o)
                0x0800d02c                daisy::SpiHandle::Impl::InitDma()
 .text._ZN5daisy9SpiHandle4Impl10StartDmaTxEPhjPFvPvEPFvS3_NS0_6ResultEES3_
                0x0800d118       0xc8 ../../libDaisy//build\libdaisy.a(spi.o)
                0x0800d118                daisy::SpiHandle::Impl::StartDmaTx(unsigned char*, unsigned int, void (*)(void*), void (*)(void*, daisy::SpiHandle::Result), void*)
 .text._ZN5daisy9SpiHandle4Impl10StartDmaRxEPhjPFvPvEPFvS3_NS0_6ResultEES3_
                0x0800d1e0       0xc8 ../../libDaisy//build\libdaisy.a(spi.o)
                0x0800d1e0                daisy::SpiHandle::Impl::StartDmaRx(unsigned char*, unsigned int, void (*)(void*), void (*)(void*, daisy::SpiHandle::Result), void*)
 .text._ZN5daisy9SpiHandle4Impl12StartDmaRxTxEPhS2_jPFvPvEPFvS3_NS0_6ResultEES3_
                0x0800d2a8       0xcc ../../libDaisy//build\libdaisy.a(spi.o)
                0x0800d2a8                daisy::SpiHandle::Impl::StartDmaRxTx(unsigned char*, unsigned char*, unsigned int, void (*)(void*), void (*)(void*, daisy::SpiHandle::Result), void*)
 .text._ZN5daisy9SpiHandle4Impl8InitPinsEv
                0x0800d374      0x274 ../../libDaisy//build\libdaisy.a(spi.o)
                0x0800d374                daisy::SpiHandle::Impl::InitPins()
 .text.HAL_SPI_MspInit
                0x0800d5e8      0x1a8 ../../libDaisy//build\libdaisy.a(spi.o)
                0x0800d5e8                HAL_SPI_MspInit
 .text.dsy_spi_global_init
                0x0800d790       0x80 ../../libDaisy//build\libdaisy.a(spi.o)
                0x0800d790                dsy_spi_global_init
 .text.SPI1_IRQHandler
                0x0800d810        0xc ../../libDaisy//build\libdaisy.a(spi.o)
                0x0800d810                SPI1_IRQHandler
 .text.DMA2_Stream2_IRQHandler
                0x0800d81c       0x34 ../../libDaisy//build\libdaisy.a(spi.o)
                0x0800d81c                DMA2_Stream2_IRQHandler
 .text.DMA2_Stream3_IRQHandler
                0x0800d850       0x38 ../../libDaisy//build\libdaisy.a(spi.o)
                0x0800d850                DMA2_Stream3_IRQHandler
 .text.HAL_SPI_TxCpltCallback
                0x0800d888       0xc4 ../../libDaisy//build\libdaisy.a(spi.o)
                0x0800d888                HAL_SPI_TxCpltCallback
 .text.HAL_SPI_RxCpltCallback
                0x0800d94c       0xc4 ../../libDaisy//build\libdaisy.a(spi.o)
                0x0800d94c                HAL_SPI_RxCpltCallback
 .text.HAL_SPI_TxRxCpltCallback
                0x0800da10       0xc4 ../../libDaisy//build\libdaisy.a(spi.o)
                0x0800da10                HAL_SPI_TxRxCpltCallback
 .text.HAL_SPI_ErrorCallback
                0x0800dad4       0xc8 ../../libDaisy//build\libdaisy.a(spi.o)
                0x0800dad4                HAL_SPI_ErrorCallback
 .text.startup._GLOBAL__sub_I__Z19MapInstanceToHandleP11SPI_TypeDef
                0x0800db9c      0x1b0 ../../libDaisy//build\libdaisy.a(spi.o)
 .text.HAL_TIM_Base_MspInit
                0x0800dd4c       0xcc ../../libDaisy//build\libdaisy.a(tim.o)
                0x0800dd4c                HAL_TIM_Base_MspInit
 .text._ZN5daisy11TimerHandle4InitERKNS0_6ConfigE
                0x0800de18       0xc4 ../../libDaisy//build\libdaisy.a(tim.o)
                0x0800de18                daisy::TimerHandle::Init(daisy::TimerHandle::Config const&)
 .text._ZN5daisy11TimerHandle5StartEv
                0x0800dedc       0x14 ../../libDaisy//build\libdaisy.a(tim.o)
                0x0800dedc                daisy::TimerHandle::Start()
 .text.dsy_dma_init
                0x0800def0       0xf0 ../../libDaisy//build\libdaisy.a(dma.o)
                0x0800def0                dsy_dma_init
 .text.dummy_rx_callback
                0x0800dfe0        0x4 ../../libDaisy//build\libdaisy.a(usbd_cdc_if.o)
                0x0800dfe0                dummy_rx_callback
 .text.CDC_DeInit_FS
                0x0800dfe4        0x4 ../../libDaisy//build\libdaisy.a(usbd_cdc_if.o)
 .text.CDC_Receive_FS
                0x0800dfe8       0x2c ../../libDaisy//build\libdaisy.a(usbd_cdc_if.o)
 .text.CDC_Receive_HS
                0x0800e014       0x2c ../../libDaisy//build\libdaisy.a(usbd_cdc_if.o)
 .text.CDC_Init_FS
                0x0800e040       0x3c ../../libDaisy//build\libdaisy.a(usbd_cdc_if.o)
 .text.CDC_Init_HS
                0x0800e07c       0x3c ../../libDaisy//build\libdaisy.a(usbd_cdc_if.o)
 .text.CDC_Control_FS
                0x0800e0b8       0x34 ../../libDaisy//build\libdaisy.a(usbd_cdc_if.o)
 .text.CDC_Control_HS
                0x0800e0ec       0x34 ../../libDaisy//build\libdaisy.a(usbd_cdc_if.o)
 .text.CDC_DeInit_HS
                0x0800e120        0x4 ../../libDaisy//build\libdaisy.a(usbd_cdc_if.o)
 .text.CDC_Set_Rx_Callback_FS
                0x0800e124        0xc ../../libDaisy//build\libdaisy.a(usbd_cdc_if.o)
                0x0800e124                CDC_Set_Rx_Callback_FS
 .text.CDC_Set_Rx_Callback_HS
                0x0800e130        0xc ../../libDaisy//build\libdaisy.a(usbd_cdc_if.o)
                0x0800e130                CDC_Set_Rx_Callback_HS
 .text.USBD_HS_DeviceDescriptor
                0x0800e13c        0xc ../../libDaisy//build\libdaisy.a(usbd_desc.o)
                0x0800e13c                USBD_HS_DeviceDescriptor
 .text.USBD_FS_DeviceDescriptor
                0x0800e148        0xc ../../libDaisy//build\libdaisy.a(usbd_desc.o)
                0x0800e148                USBD_FS_DeviceDescriptor
 .text.USBD_FS_LangIDStrDescriptor
                0x0800e154        0xc ../../libDaisy//build\libdaisy.a(usbd_desc.o)
                0x0800e154                USBD_FS_LangIDStrDescriptor
 .text.USBD_FS_ManufacturerStrDescriptor
                0x0800e160       0x1c ../../libDaisy//build\libdaisy.a(usbd_desc.o)
                0x0800e160                USBD_FS_ManufacturerStrDescriptor
 .text.USBD_HS_ProductStrDescriptor
                0x0800e17c       0x1c ../../libDaisy//build\libdaisy.a(usbd_desc.o)
                0x0800e17c                USBD_HS_ProductStrDescriptor
 .text.USBD_FS_ConfigStrDescriptor
                0x0800e198       0x1c ../../libDaisy//build\libdaisy.a(usbd_desc.o)
                0x0800e198                USBD_FS_ConfigStrDescriptor
 .text.USBD_FS_InterfaceStrDescriptor
                0x0800e1b4       0x1c ../../libDaisy//build\libdaisy.a(usbd_desc.o)
                0x0800e1b4                USBD_FS_InterfaceStrDescriptor
 .text.USBD_FS_ProductStrDescriptor
                0x0800e1d0       0x1c ../../libDaisy//build\libdaisy.a(usbd_desc.o)
                0x0800e1d0                USBD_FS_ProductStrDescriptor
 .text.USBD_HS_LangIDStrDescriptor
                0x0800e1ec        0xc ../../libDaisy//build\libdaisy.a(usbd_desc.o)
                0x0800e1ec                USBD_HS_LangIDStrDescriptor
 .text.USBD_HS_ManufacturerStrDescriptor
                0x0800e1f8       0x1c ../../libDaisy//build\libdaisy.a(usbd_desc.o)
                0x0800e1f8                USBD_HS_ManufacturerStrDescriptor
 .text.USBD_FS_SerialStrDescriptor
                0x0800e214      0x124 ../../libDaisy//build\libdaisy.a(usbd_desc.o)
                0x0800e214                USBD_FS_SerialStrDescriptor
 .text.USBD_HS_SerialStrDescriptor
                0x0800e338      0x124 ../../libDaisy//build\libdaisy.a(usbd_desc.o)
                0x0800e338                USBD_HS_SerialStrDescriptor
 .text.USBD_HS_InterfaceStrDescriptor
                0x0800e45c       0x1c ../../libDaisy//build\libdaisy.a(usbd_desc.o)
                0x0800e45c                USBD_HS_InterfaceStrDescriptor
 .text.USBD_HS_ConfigStrDescriptor
                0x0800e478       0x1c ../../libDaisy//build\libdaisy.a(usbd_desc.o)
                0x0800e478                USBD_HS_ConfigStrDescriptor
 .text.HAL_MDMA_Abort_IT
                0x0800e494       0x2c ../../libDaisy//build\libdaisy.a(stm32h7xx_hal_mdma.o)
                0x0800e494                HAL_MDMA_Abort_IT
 .text.SPI_CloseTransfer
                0x0800e4c0       0xb8 ../../libDaisy//build\libdaisy.a(stm32h7xx_hal_spi.o)
 .text.HAL_SPI_Init
                0x0800e578      0x15c ../../libDaisy//build\libdaisy.a(stm32h7xx_hal_spi.o)
                0x0800e578                HAL_SPI_Init
 .text.HAL_SPI_Transmit_DMA
                0x0800e6d4      0x170 ../../libDaisy//build\libdaisy.a(stm32h7xx_hal_spi.o)
                0x0800e6d4                HAL_SPI_Transmit_DMA
 .text.HAL_SPI_TransmitReceive_DMA
                0x0800e844      0x218 ../../libDaisy//build\libdaisy.a(stm32h7xx_hal_spi.o)
                0x0800e844                HAL_SPI_TransmitReceive_DMA
 .text.HAL_SPI_Receive_DMA
                0x0800ea5c      0x1b4 ../../libDaisy//build\libdaisy.a(stm32h7xx_hal_spi.o)
                0x0800ea5c                HAL_SPI_Receive_DMA
 .text.SPI_DMATransmitCplt
                0x0800ec10       0x28 ../../libDaisy//build\libdaisy.a(stm32h7xx_hal_spi.o)
 .text.SPI_DMAReceiveCplt
                0x0800ec38       0x28 ../../libDaisy//build\libdaisy.a(stm32h7xx_hal_spi.o)
 .text.SPI_DMATransmitReceiveCplt
                0x0800ec60       0x28 ../../libDaisy//build\libdaisy.a(stm32h7xx_hal_spi.o)
 .text.HAL_SPI_TxHalfCpltCallback
                0x0800ec88        0x4 ../../libDaisy//build\libdaisy.a(stm32h7xx_hal_spi.o)
                0x0800ec88                HAL_SPI_TxHalfCpltCallback
 .text.SPI_DMAHalfTransmitCplt
                0x0800ec8c        0xc ../../libDaisy//build\libdaisy.a(stm32h7xx_hal_spi.o)
 .text.HAL_SPI_RxHalfCpltCallback
                0x0800ec98        0x4 ../../libDaisy//build\libdaisy.a(stm32h7xx_hal_spi.o)
                0x0800ec98                HAL_SPI_RxHalfCpltCallback
 .text.SPI_DMAHalfReceiveCplt
                0x0800ec9c        0xc ../../libDaisy//build\libdaisy.a(stm32h7xx_hal_spi.o)
 .text.HAL_SPI_TxRxHalfCpltCallback
                0x0800eca8        0x4 ../../libDaisy//build\libdaisy.a(stm32h7xx_hal_spi.o)
                0x0800eca8                HAL_SPI_TxRxHalfCpltCallback
 .text.SPI_DMAHalfTransmitReceiveCplt
                0x0800ecac        0xc ../../libDaisy//build\libdaisy.a(stm32h7xx_hal_spi.o)
 .text.SPI_DMAError
                0x0800ecb8       0xd8 ../../libDaisy//build\libdaisy.a(stm32h7xx_hal_spi.o)
 .text.HAL_SPI_IRQHandler
                0x0800ed90      0x23c ../../libDaisy//build\libdaisy.a(stm32h7xx_hal_spi.o)
                0x0800ed90                HAL_SPI_IRQHandler
 .text.SPI_DMAAbortOnError
                0x0800efcc       0x1c ../../libDaisy//build\libdaisy.a(stm32h7xx_hal_spi.o)
 .text.HAL_SPI_GetState
                0x0800efe8        0x8 ../../libDaisy//build\libdaisy.a(stm32h7xx_hal_spi.o)
                0x0800efe8                HAL_SPI_GetState
 .text.HAL_TIM_Base_Init
                0x0800eff0      0x140 ../../libDaisy//build\libdaisy.a(stm32h7xx_hal_tim.o)
                0x0800eff0                HAL_TIM_Base_Init
 .text.HAL_TIM_Base_Start
                0x0800f130       0x34 ../../libDaisy//build\libdaisy.a(stm32h7xx_hal_tim.o)
                0x0800f130                HAL_TIM_Base_Start
 .text.HAL_TIM_ConfigClockSource
                0x0800f164      0x17c ../../libDaisy//build\libdaisy.a(stm32h7xx_hal_tim.o)
                0x0800f164                HAL_TIM_ConfigClockSource
 .text.HAL_TIMEx_MasterConfigSynchronization
                0x0800f2e0       0x64 ../../libDaisy//build\libdaisy.a(stm32h7xx_hal_tim_ex.o)
                0x0800f2e0                HAL_TIMEx_MasterConfigSynchronization
 .text.USBD_CDC_EP0_RxReady
                0x0800f344       0x2c ../../libDaisy//build\libdaisy.a(usbd_cdc.o)
 .text.USBD_CDC_GetFSCfgDesc
                0x0800f370       0x24 ../../libDaisy//build\libdaisy.a(usbd_cdc.o)
 .text.USBD_CDC_GetHSCfgDesc
                0x0800f394       0x24 ../../libDaisy//build\libdaisy.a(usbd_cdc.o)
 .text.USBD_CDC_GetOtherSpeedCfgDesc
                0x0800f3b8       0x24 ../../libDaisy//build\libdaisy.a(usbd_cdc.o)
 .text.USBD_CDC_GetDeviceQualifierDescriptor
                0x0800f3dc       0x10 ../../libDaisy//build\libdaisy.a(usbd_cdc.o)
                0x0800f3dc                USBD_CDC_GetDeviceQualifierDescriptor
 .text.USBD_CDC_DataOut
                0x0800f3ec       0x30 ../../libDaisy//build\libdaisy.a(usbd_cdc.o)
 .text.USBD_CDC_DataIn
                0x0800f41c       0x50 ../../libDaisy//build\libdaisy.a(usbd_cdc.o)
 .text.USBD_CDC_Setup
                0x0800f46c       0xcc ../../libDaisy//build\libdaisy.a(usbd_cdc.o)
 .text.USBD_CDC_DeInit
                0x0800f538       0x44 ../../libDaisy//build\libdaisy.a(usbd_cdc.o)
 .text.USBD_CDC_Init
                0x0800f57c       0x94 ../../libDaisy//build\libdaisy.a(usbd_cdc.o)
 .text.USBD_CDC_RegisterInterface
                0x0800f610       0x10 ../../libDaisy//build\libdaisy.a(usbd_cdc.o)
                0x0800f610                USBD_CDC_RegisterInterface
 .text.USBD_CDC_SetTxBuffer
                0x0800f620       0x14 ../../libDaisy//build\libdaisy.a(usbd_cdc.o)
                0x0800f620                USBD_CDC_SetTxBuffer
 .text.USBD_CDC_SetRxBuffer
                0x0800f634       0x10 ../../libDaisy//build\libdaisy.a(usbd_cdc.o)
                0x0800f634                USBD_CDC_SetRxBuffer
 .text.USBD_CDC_ReceivePacket
                0x0800f644       0x38 ../../libDaisy//build\libdaisy.a(usbd_cdc.o)
                0x0800f644                USBD_CDC_ReceivePacket
 .text._ZN7daisysp10Oscillator7ProcessEv
                0x0800f67c      0x3c4 ../../DaisySP//build\libdaisysp.a(oscillator.o)
                0x0800f67c                daisysp::Oscillator::Process()
 .text._ZN7daisysp10Oscillator12CalcPhaseIncEf
                0x0800fa40       0x18 ../../DaisySP//build\libdaisysp.a(oscillator.o)
                0x0800fa40                daisysp::Oscillator::CalcPhaseInc(float)
 .text._ZN7daisysp23VariableShapeOscillator4InitEf
                0x0800fa58       0xa4 ../../DaisySP//build\libdaisysp.a(variableshapeosc.o)
                0x0800fa58                daisysp::VariableShapeOscillator::Init(float)
 .text._ZN7daisysp23VariableShapeOscillator7ProcessEv
                0x0800fafc      0x2c4 ../../DaisySP//build\libdaisysp.a(variableshapeosc.o)
                0x0800fafc                daisysp::VariableShapeOscillator::Process()
 .text._ZN7daisysp23VariableShapeOscillator5SetPWEf
                0x0800fdc0       0x38 ../../DaisySP//build\libdaisysp.a(variableshapeosc.o)
                0x0800fdc0                daisysp::VariableShapeOscillator::SetPW(float)
 .text._ZN7daisysp23VariableShapeOscillator12SetWaveshapeEf
                0x0800fdf8        0x8 ../../DaisySP//build\libdaisysp.a(variableshapeosc.o)
                0x0800fdf8                daisysp::VariableShapeOscillator::SetWaveshape(float)
 .text._ZN7daisysp23VariableShapeOscillator11SetSyncFreqEf
                0x0800fe00       0x28 ../../DaisySP//build\libdaisysp.a(variableshapeosc.o)
                0x0800fe00                daisysp::VariableShapeOscillator::SetSyncFreq(float)
 .text.__aeabi_atexit
                0x0800fe28        0xa c:/users/danst/documents/daisytoolchain-0.3.3/windows/bin/../lib/gcc/arm-none-eabi/10.2.1/../../../../arm-none-eabi/lib/thumb/v7e-m+dp/hard\libstdc++_nano.a(atexit_arm.o)
                0x0800fe28                __aeabi_atexit
 *fill*         0x0800fe32        0x6 
 .text.powf     0x0800fe38      0x328 c:/users/danst/documents/daisytoolchain-0.3.3/windows/bin/../lib/gcc/arm-none-eabi/10.2.1/../../../../arm-none-eabi/lib/thumb/v7e-m+dp/hard\libm.a(lib_a-sf_pow.o)
                0x0800fe38                powf
 .text.sinf     0x08010160      0x20c c:/users/danst/documents/daisytoolchain-0.3.3/windows/bin/../lib/gcc/arm-none-eabi/10.2.1/../../../../arm-none-eabi/lib/thumb/v7e-m+dp/hard\libm.a(lib_a-sinf.o)
                0x08010160                sinf
 .text.fmodf    0x0801036c       0x54 c:/users/danst/documents/daisytoolchain-0.3.3/windows/bin/../lib/gcc/arm-none-eabi/10.2.1/../../../../arm-none-eabi/lib/thumb/v7e-m+dp/hard\libm.a(lib_a-wf_fmod.o)
                0x0801036c                fmodf
 .text.__ieee754_fmodf
                0x080103c0      0x120 c:/users/danst/documents/daisytoolchain-0.3.3/windows/bin/../lib/gcc/arm-none-eabi/10.2.1/../../../../arm-none-eabi/lib/thumb/v7e-m+dp/hard\libm.a(lib_a-ef_fmod.o)
                0x080103c0                __ieee754_fmodf
 .text.with_errnof
                0x080104e0       0x18 c:/users/danst/documents/daisytoolchain-0.3.3/windows/bin/../lib/gcc/arm-none-eabi/10.2.1/../../../../arm-none-eabi/lib/thumb/v7e-m+dp/hard\libm.a(lib_a-math_errf.o)
 .text.xflowf   0x080104f8       0x20 c:/users/danst/documents/daisytoolchain-0.3.3/windows/bin/../lib/gcc/arm-none-eabi/10.2.1/../../../../arm-none-eabi/lib/thumb/v7e-m+dp/hard\libm.a(lib_a-math_errf.o)
 .text.__math_uflowf
                0x08010518        0xc c:/users/danst/documents/daisytoolchain-0.3.3/windows/bin/../lib/gcc/arm-none-eabi/10.2.1/../../../../arm-none-eabi/lib/thumb/v7e-m+dp/hard\libm.a(lib_a-math_errf.o)
                0x08010518                __math_uflowf
 .text.__math_may_uflowf
                0x08010524        0xc c:/users/danst/documents/daisytoolchain-0.3.3/windows/bin/../lib/gcc/arm-none-eabi/10.2.1/../../../../arm-none-eabi/lib/thumb/v7e-m+dp/hard\libm.a(lib_a-math_errf.o)
                0x08010524                __math_may_uflowf
 .text.__math_oflowf
                0x08010530        0xc c:/users/danst/documents/daisytoolchain-0.3.3/windows/bin/../lib/gcc/arm-none-eabi/10.2.1/../../../../arm-none-eabi/lib/thumb/v7e-m+dp/hard\libm.a(lib_a-math_errf.o)
                0x08010530                __math_oflowf
 .text.__math_divzerof
                0x0801053c       0x24 c:/users/danst/documents/daisytoolchain-0.3.3/windows/bin/../lib/gcc/arm-none-eabi/10.2.1/../../../../arm-none-eabi/lib/thumb/v7e-m+dp/hard\libm.a(lib_a-math_errf.o)
                0x0801053c                __math_divzerof
 .text.__math_invalidf
                0x08010560       0x20 c:/users/danst/documents/daisytoolchain-0.3.3/windows/bin/../lib/gcc/arm-none-eabi/10.2.1/../../../../arm-none-eabi/lib/thumb/v7e-m+dp/hard\libm.a(lib_a-math_errf.o)
                0x08010560                __math_invalidf
 .text.calloc   0x08010580       0x10 c:/users/danst/documents/daisytoolchain-0.3.3/windows/bin/../lib/gcc/arm-none-eabi/10.2.1/../../../../arm-none-eabi/lib/thumb/v7e-m+dp/hard\libc_nano.a(lib_a-calloc.o)
                0x08010580                calloc
 .text.__cxa_atexit
                0x08010590       0x1c c:/users/danst/documents/daisytoolchain-0.3.3/windows/bin/../lib/gcc/arm-none-eabi/10.2.1/../../../../arm-none-eabi/lib/thumb/v7e-m+dp/hard\libc_nano.a(lib_a-cxa_atexit.o)
                0x08010590                __cxa_atexit
 .text.__errno  0x080105ac        0xc c:/users/danst/documents/daisytoolchain-0.3.3/windows/bin/../lib/gcc/arm-none-eabi/10.2.1/../../../../arm-none-eabi/lib/thumb/v7e-m+dp/hard\libc_nano.a(lib_a-errno.o)
                0x080105ac                __errno
 .text.__libc_init_array
                0x080105b8       0x48 c:/users/danst/documents/daisytoolchain-0.3.3/windows/bin/../lib/gcc/arm-none-eabi/10.2.1/../../../../arm-none-eabi/lib/thumb/v7e-m+dp/hard\libc_nano.a(lib_a-init.o)
                0x080105b8                __libc_init_array
 .text.free     0x08010600       0x10 c:/users/danst/documents/daisytoolchain-0.3.3/windows/bin/../lib/gcc/arm-none-eabi/10.2.1/../../../../arm-none-eabi/lib/thumb/v7e-m+dp/hard\libc_nano.a(lib_a-malloc.o)
                0x08010600                free
 .text.memcpy   0x08010610       0x1c c:/users/danst/documents/daisytoolchain-0.3.3/windows/bin/../lib/gcc/arm-none-eabi/10.2.1/../../../../arm-none-eabi/lib/thumb/v7e-m+dp/hard\libc_nano.a(lib_a-memcpy-stub.o)
                0x08010610                memcpy
 .text.memset   0x0801062c       0x10 c:/users/danst/documents/daisytoolchain-0.3.3/windows/bin/../lib/gcc/arm-none-eabi/10.2.1/../../../../arm-none-eabi/lib/thumb/v7e-m+dp/hard\libc_nano.a(lib_a-memset.o)
                0x0801062c                memset
 .text._calloc_r
                0x0801063c       0x1e c:/users/danst/documents/daisytoolchain-0.3.3/windows/bin/../lib/gcc/arm-none-eabi/10.2.1/../../../../arm-none-eabi/lib/thumb/v7e-m+dp/hard\libc_nano.a(lib_a-nano-callocr.o)
                0x0801063c                _calloc_r
 *fill*         0x0801065a        0x2 
 .text._free_r  0x0801065c       0x98 c:/users/danst/documents/daisytoolchain-0.3.3/windows/bin/../lib/gcc/arm-none-eabi/10.2.1/../../../../arm-none-eabi/lib/thumb/v7e-m+dp/hard\libc_nano.a(lib_a-nano-freer.o)
                0x0801065c                _free_r
 .text._malloc_r
                0x080106f4       0xb4 c:/users/danst/documents/daisytoolchain-0.3.3/windows/bin/../lib/gcc/arm-none-eabi/10.2.1/../../../../arm-none-eabi/lib/thumb/v7e-m+dp/hard\libc_nano.a(lib_a-nano-mallocr.o)
                0x080106f4                _malloc_r
 .text.printf   0x080107a8       0x30 c:/users/danst/documents/daisytoolchain-0.3.3/windows/bin/../lib/gcc/arm-none-eabi/10.2.1/../../../../arm-none-eabi/lib/thumb/v7e-m+dp/hard\libc_nano.a(lib_a-printf.o)
                0x080107a8                iprintf
                0x080107a8                printf
 .text.putchar  0x080107d8       0x2c c:/users/danst/documents/daisytoolchain-0.3.3/windows/bin/../lib/gcc/arm-none-eabi/10.2.1/../../../../arm-none-eabi/lib/thumb/v7e-m+dp/hard\libc_nano.a(lib_a-putchar.o)
                0x080107d8                putchar